<html>
<body>
<pre>
<h1>µVision Build Log</h1>
<h2>Tool Versions:</h2>
IDE-Version: ¦ÌVision V5.24.2.0
Copyright (C) 2017 ARM Ltd and ARM Germany GmbH. All rights reserved.
License Information: dddf 2091478243@qq.com, saf, LIC=IK1BF-6HDDB-307NC-7B4JB-APN1U-I2Z46
 
Tool Versions:
Toolchain:       MDK-ARM Plus  Version: 5.24.1
Toolchain Path:  D:\keil_c251\ARM\ARMCC\Bin
C Compiler:      Armcc.exe V5.06 update 5 (build 528)
Assembler:       Armasm.exe V5.06 update 5 (build 528)
Linker/Locator:  ArmLink.exe V5.06 update 5 (build 528)
Library Manager: ArmAr.exe V5.06 update 5 (build 528)
Hex Converter:   FromElf.exe V5.06 update 5 (build 528)
CPU DLL:         SARMCM3.DLL V5.24.1
Dialog DLL:      DCM.DLL V1.16.0.0
Target DLL:      CMSIS_AGDI.dll V1.28.3.0
Dialog DLL:      TCM.DLL V1.32.0.0
 
<h2>Project:</h2>
C:\Users\20914\Desktop\32\blue_test\NO14_test2_4_7\MDK-ARM\NO14_test2_4_7.uvprojx
Project File Date:  04/11/2025

<h2>Output:</h2>
*** Using Compiler 'V5.06 update 5 (build 528)', folder: 'D:\keil_c251\ARM\ARMCC\Bin'
Build target 'NO14_test2_4_7'
compiling fun.c...
..\software\fun.h(11): warning:  #1-D: last line of file ends without a newline
  #endif
..\software\headfile.h(19): warning:  #1-D: last line of file ends without a newline
  #endif
..\software\fun.c(73): warning:  #1035-D: single-precision operand implicitly converted to double-precision
  	val=(float) adc_num/4096*3.3;
..\software\fun.c(257): warning:  #1-D: last line of file ends without a newline
  }
..\software\fun.c: 4 warnings, 0 errors
linking...
Program Size: Code=25238 RO-data=5266 RW-data=68 ZI-data=2164  
FromELF: creating hex file...
"NO14_test2_4_7\NO14_test2_4_7.axf" - 0 Error(s), 4 Warning(s).

<h2>Software Packages used:</h2>

Package Vendor: ARM
                https://www.keil.com/pack/ARM.CMSIS.6.1.0.pack
                ARM.CMSIS.6.1.0
                CMSIS (Common Microcontroller Software Interface Standard)
   * Component: CORE Version: 6.1.0

Package Vendor: Keil
                https://www.keil.com/pack/Keil.STM32G4xx_DFP.1.6.0.pack
                Keil.STM32G4xx_DFP.1.6.0
                STMicroelectronics STM32G4 Series Device Support, Drivers and Examples

<h2>Collection of Component include folders:</h2>
  .\RTE\_NO14_test2_4_7
  D:\keil_c251\ARM\CMSIS\6.1.0\CMSIS\Core\Include
  D:\keil_c251\Keil\STM32G4xx_DFP\1.6.0\Drivers\CMSIS\Device\ST\STM32G4xx\Include

<h2>Collection of Component Files used:</h2>

   * Component: ARM::CMSIS:CORE:6.1.0
      Include file:  CMSIS\Core\Include\tz_context.h
Build Time Elapsed:  00:00:02
</pre>
</body>
</html>
