Component: ARM Compiler 5.06 update 5 (build 528) Tool: armlink [4d35e2]

==============================================================================

Section Cross References

    startup_stm32f407xx.o(STACK) refers (Special) to heapauxi.o(.text) for __use_two_region_memory
    startup_stm32f407xx.o(HEAP) refers (Special) to heapauxi.o(.text) for __use_two_region_memory
    startup_stm32f407xx.o(RESET) refers (Special) to heapauxi.o(.text) for __use_two_region_memory
    startup_stm32f407xx.o(RESET) refers to startup_stm32f407xx.o(STACK) for __initial_sp
    startup_stm32f407xx.o(RESET) refers to startup_stm32f407xx.o(.text) for Reset_Handler
    startup_stm32f407xx.o(RESET) refers to stm32f4xx_it.o(i.NMI_Handler) for NMI_Handler
    startup_stm32f407xx.o(RESET) refers to stm32f4xx_it.o(i.HardFault_Handler) for HardFault_Handler
    startup_stm32f407xx.o(RESET) refers to stm32f4xx_it.o(i.MemManage_Handler) for MemManage_Handler
    startup_stm32f407xx.o(RESET) refers to stm32f4xx_it.o(i.BusFault_Handler) for BusFault_Handler
    startup_stm32f407xx.o(RESET) refers to stm32f4xx_it.o(i.UsageFault_Handler) for UsageFault_Handler
    startup_stm32f407xx.o(RESET) refers to stm32f4xx_it.o(i.SVC_Handler) for SVC_Handler
    startup_stm32f407xx.o(RESET) refers to stm32f4xx_it.o(i.DebugMon_Handler) for DebugMon_Handler
    startup_stm32f407xx.o(RESET) refers to stm32f4xx_it.o(i.PendSV_Handler) for PendSV_Handler
    startup_stm32f407xx.o(RESET) refers to stm32f4xx_it.o(i.SysTick_Handler) for SysTick_Handler
    startup_stm32f407xx.o(RESET) refers to stm32f4xx_it.o(i.DMA1_Stream3_IRQHandler) for DMA1_Stream3_IRQHandler
    startup_stm32f407xx.o(RESET) refers to stm32f4xx_it.o(i.DMA2_Stream2_IRQHandler) for DMA2_Stream2_IRQHandler
    startup_stm32f407xx.o(RESET) refers to stm32f4xx_it.o(i.DMA2_Stream7_IRQHandler) for DMA2_Stream7_IRQHandler
    startup_stm32f407xx.o(.text) refers (Special) to heapauxi.o(.text) for __use_two_region_memory
    startup_stm32f407xx.o(.text) refers to system_stm32f4xx.o(i.SystemInit) for SystemInit
    startup_stm32f407xx.o(.text) refers to __main.o(!!!main) for __main
    startup_stm32f407xx.o(.text) refers to startup_stm32f407xx.o(HEAP) for Heap_Mem
    startup_stm32f407xx.o(.text) refers to startup_stm32f407xx.o(STACK) for Stack_Mem
    main.o(i.SystemClock_Config) refers to rt_memclr_w.o(.text) for __aeabi_memclr4
    main.o(i.SystemClock_Config) refers to stm32f4xx_hal_rcc.o(i.HAL_RCC_OscConfig) for HAL_RCC_OscConfig
    main.o(i.SystemClock_Config) refers to stm32f4xx_hal_rcc.o(i.HAL_RCC_ClockConfig) for HAL_RCC_ClockConfig
    main.o(i.compare_pcm_frames) refers to _printf_pad.o(.text) for _printf_pre_padding
    main.o(i.compare_pcm_frames) refers to _printf_percent.o(.ARM.Collect$$_printf_percent$$00000000) for _printf_percent
    main.o(i.compare_pcm_frames) refers to _printf_d.o(.ARM.Collect$$_printf_percent$$00000009) for _printf_d
    main.o(i.compare_pcm_frames) refers to _printf_dec.o(.text) for _printf_int_dec
    main.o(i.compare_pcm_frames) refers to _printf_f.o(.ARM.Collect$$_printf_percent$$00000003) for _printf_f
    main.o(i.compare_pcm_frames) refers to printf1.o(x$fpl$printf1) for _printf_fp_dec
    main.o(i.compare_pcm_frames) refers to noretval__2printf.o(.text) for __2printf
    main.o(i.compare_pcm_frames) refers to dflt_clz.o(x$fpl$dflt) for __aeabi_i2d
    main.o(i.compare_pcm_frames) refers to dmul.o(x$fpl$dmul) for __aeabi_dmul
    main.o(i.compare_pcm_frames) refers to ddiv.o(x$fpl$ddiv) for __aeabi_ddiv
    main.o(i.compare_pcm_frames) refers to f2d.o(x$fpl$f2d) for __aeabi_f2d
    main.o(i.complete_speex_test) refers to noretval__2printf.o(.text) for __2printf
    main.o(i.complete_speex_test) refers to main.o(i.speex_codec_init) for speex_codec_init
    main.o(i.complete_speex_test) refers to main.o(i.print_pcm) for print_pcm
    main.o(i.complete_speex_test) refers to main.o(i.speex_encode_frame) for speex_encode_frame
    main.o(i.complete_speex_test) refers to main.o(i.print_hex) for print_hex
    main.o(i.complete_speex_test) refers to main.o(i.speex_decode_frame) for speex_decode_frame
    main.o(i.complete_speex_test) refers to main.o(i.speex_codec_cleanup) for speex_codec_cleanup
    main.o(i.complete_speex_test) refers to main.o(i.compare_pcm_frames) for compare_pcm_frames
    main.o(i.complete_speex_test) refers to main.o(.data) for .data
    main.o(i.fputc) refers to stm32f4xx_hal_uart.o(i.HAL_UART_Transmit) for HAL_UART_Transmit
    main.o(i.fputc) refers to usart.o(.bss) for huart1
    main.o(i.main) refers to _printf_percent.o(.ARM.Collect$$_printf_percent$$00000000) for _printf_percent
    main.o(i.main) refers to _printf_d.o(.ARM.Collect$$_printf_percent$$00000009) for _printf_d
    main.o(i.main) refers to _printf_dec.o(.text) for _printf_int_dec
    main.o(i.main) refers to stm32f4xx_hal.o(i.HAL_Init) for HAL_Init
    main.o(i.main) refers to main.o(i.SystemClock_Config) for SystemClock_Config
[...]
    SPI3_IRQHandler                          0x0800027f   Thumb Code     0  startup_stm32f407xx.o(.text)
    TAMP_STAMP_IRQHandler                    0x0800027f   Thumb Code     0  startup_stm32f407xx.o(.text)
    TIM1_BRK_TIM9_IRQHandler                 0x0800027f   Thumb Code     0  startup_stm32f407xx.o(.text)
    TIM1_CC_IRQHandler                       0x0800027f   Thumb Code     0  startup_stm32f407xx.o(.text)
    TIM1_TRG_COM_TIM11_IRQHandler            0x0800027f   Thumb Code     0  startup_stm32f407xx.o(.text)
    TIM1_UP_TIM10_IRQHandler                 0x0800027f   Thumb Code     0  startup_stm32f407xx.o(.text)
    TIM2_IRQHandler                          0x0800027f   Thumb Code     0  startup_stm32f407xx.o(.text)
    TIM3_IRQHandler                          0x0800027f   Thumb Code     0  startup_stm32f407xx.o(.text)
    TIM4_IRQHandler                          0x0800027f   Thumb Code     0  startup_stm32f407xx.o(.text)
    TIM5_IRQHandler                          0x0800027f   Thumb Code     0  startup_stm32f407xx.o(.text)
    TIM6_DAC_IRQHandler                      0x0800027f   Thumb Code     0  startup_stm32f407xx.o(.text)
    TIM7_IRQHandler                          0x0800027f   Thumb Code     0  startup_stm32f407xx.o(.text)
    TIM8_BRK_TIM12_IRQHandler                0x0800027f   Thumb Code     0  startup_stm32f407xx.o(.text)
    TIM8_CC_IRQHandler                       0x0800027f   Thumb Code     0  startup_stm32f407xx.o(.text)
    TIM8_TRG_COM_TIM14_IRQHandler            0x0800027f   Thumb Code     0  startup_stm32f407xx.o(.text)
    TIM8_UP_TIM13_IRQHandler                 0x0800027f   Thumb Code     0  startup_stm32f407xx.o(.text)
    UART4_IRQHandler                         0x0800027f   Thumb Code     0  startup_stm32f407xx.o(.text)
    UART5_IRQHandler                         0x0800027f   Thumb Code     0  startup_stm32f407xx.o(.text)
    USART1_IRQHandler                        0x0800027f   Thumb Code     0  startup_stm32f407xx.o(.text)
    USART2_IRQHandler                        0x0800027f   Thumb Code     0  startup_stm32f407xx.o(.text)
    USART3_IRQHandler                        0x0800027f   Thumb Code     0  startup_stm32f407xx.o(.text)
    USART6_IRQHandler                        0x0800027f   Thumb Code     0  startup_stm32f407xx.o(.text)
    WWDG_IRQHandler                          0x0800027f   Thumb Code     0  startup_stm32f407xx.o(.text)
    __user_initial_stackheap                 0x08000281   Thumb Code     0  startup_stm32f407xx.o(.text)
    calloc                                   0x080002a5   Thumb Code    40  calloc.o(.text)
    free                                     0x080002cd   Thumb Code    78  h1_free.o(.text)
    realloc                                  0x0800031b   Thumb Code   184  h1_realloc.o(.text)
    __aeabi_uldivmod                         0x080003d3   Thumb Code     0  lludivv7m.o(.text)
    _ll_udiv                                 0x080003d3   Thumb Code   238  lludivv7m.o(.text)
    __2printf                                0x080004c1   Thumb Code    20  noretval__2printf.o(.text)
    __2fprintf                               0x080004d9   Thumb Code    20  noretval__2fprintf.o(.text)
    _printf_pre_padding                      0x080004ed   Thumb Code    44  _printf_pad.o(.text)
    _printf_post_padding                     0x08000519   Thumb Code    34  _printf_pad.o(.text)
    _printf_str                              0x0800053b   Thumb Code    82  _printf_str.o(.text)
    _printf_int_dec                          0x0800058d   Thumb Code   104  _printf_dec.o(.text)
    _printf_int_hex                          0x08000605   Thumb Code    84  _printf_hex_int.o(.text)
    _printf_longlong_hex                     0x08000605   Thumb Code     0  _printf_hex_int.o(.text)
    __printf                                 0x0800065d   Thumb Code   308  __printf_flags_wp.o(.text)
    __aeabi_memcpy4                          0x08000795   Thumb Code     0  rt_memcpy_w.o(.text)
    __aeabi_memcpy8                          0x08000795   Thumb Code     0  rt_memcpy_w.o(.text)
    __rt_memcpy_w                            0x08000795   Thumb Code   100  rt_memcpy_w.o(.text)
    _memcpy_lastbytes_aligned                0x080007dd   Thumb Code     0  rt_memcpy_w.o(.text)
    __aeabi_memmove4                         0x080007f9   Thumb Code     0  rt_memmove_w.o(.text)
    __aeabi_memmove8                         0x080007f9   Thumb Code     0  rt_memmove_w.o(.text)
    __rt_memmove_w                           0x080007f9   Thumb Code   122  rt_memmove_w.o(.text)
    __memmove_aligned                        0x0800081f   Thumb Code     0  rt_memmove_w.o(.text)
    __memmove_lastfew_aligned                0x08000857   Thumb Code     0  rt_memmove_w.o(.text)
    __aeabi_memclr4                          0x08000873   Thumb Code     0  rt_memclr_w.o(.text)
    __aeabi_memclr8                          0x08000873   Thumb Code     0  rt_memclr_w.o(.text)
    __rt_memclr_w                            0x08000873   Thumb Code    78  rt_memclr_w.o(.text)
    _memset_w                                0x08000877   Thumb Code     0  rt_memclr_w.o(.text)
    __use_two_region_memory                  0x080008c1   Thumb Code     2  heapauxi.o(.text)
    __rt_heap_escrow                         0x080008c3   Thumb Code     2  heapauxi.o(.text)
    __rt_heap_expand                         0x080008c5   Thumb Code     2  heapauxi.o(.text)
    __rt_heap_descriptor                     0x080008c9   Thumb Code     8  rt_heap_descriptor_intlibspace.o(.text)
    __use_no_heap                            0x080008d1   Thumb Code     2  hguard.o(.text)
    __heap$guard                             0x080008d3   Thumb Code     2  hguard.o(.text)
    _terminate_user_alloc                    0x080008d5   Thumb Code     2  init_alloc.o(.text)
    _init_user_alloc                         0x080008d7   Thumb Code     2  init_alloc.o(.text)
    __Heap_Full                              0x080008d9   Thumb Code    34  init_alloc.o(.text)
    __Heap_Broken                            0x080008fb   Thumb Code     6  init_alloc.o(.text)
    _init_alloc                              0x08000901   Thumb Code    94  init_alloc.o(.text)
    malloc                                   0x0800095f   Thumb Code    94  h1_alloc.o(.text)
    __read_errno                             0x080009bd   Thumb Code    10  _rserrno.o(.text)
    __set_errno                              0x080009c7   Thumb Code    12  _rserrno.o(.text)
    _printf_int_common                       0x080009d3   Thumb Code   178  _printf_intcommon.o(.text)
    __lib_sel_fp_printf                      0x08000a85   Thumb Code     2  _printf_fp_dec.o(.text)
    _printf_fp_dec_real                      0x08000c37   Thumb Code   620  _printf_fp_dec.o(.text)
    _printf_cs_common                        0x08000ea3   Thumb Code    20  _printf_char.o(.text)
    _printf_char                             0x08000eb7   Thumb Code    16  _printf_char.o(.text)
    _printf_string                           0x08000ec7   Thumb Code     8  _printf_char.o(.text)
    _printf_char_file                        0x08000ed1   Thumb Code    32  _printf_char_file.o(.text)
    _initio                                  0x08000ef5   Thumb Code   210  initio.o(.text)
    _terminateio                             0x08000fc7   Thumb Code    56  initio.o(.text)
    __aeabi_memclr                           0x0800102d   Thumb Code     0  rt_memclr.o(.text)
    __rt_memclr                              0x0800102d   Thumb Code    68  rt_memclr.o(.text)
    _memset                                  0x08001031   Thumb Code     0  rt_memclr.o(.text)
    _sys_open                                0x08001071   Thumb Code    20  sys_io.o(.text)
    _sys_close                               0x08001085   Thumb Code    12  sys_io.o(.text)
    _sys_write                               0x08001091   Thumb Code    16  sys_io.o(.text)
    _sys_read                                0x080010a1   Thumb Code    14  sys_io.o(.text)
    _sys_istty                               0x080010af   Thumb Code    12  sys_io.o(.text)
    _sys_seek                                0x080010bb   Thumb Code    14  sys_io.o(.text)
    _sys_ensure                              0x080010c9   Thumb Code     2  sys_io.o(.text)
    _sys_flen                                0x080010cb   Thumb Code    12  sys_io.o(.text)
    __user_libspace                          0x080010d9   Thumb Code     8  libspace.o(.text)
    __user_perproc_libspace                  0x080010d9   Thumb Code     0  libspace.o(.text)
    __user_perthread_libspace                0x080010d9   Thumb Code     0  libspace.o(.text)
    __rt_locale                              0x080010e1   Thumb Code     8  rt_locale_intlibspace.o(.text)
    __aeabi_errno_addr                       0x080010e9   Thumb Code     8  rt_errno_addr_intlibspace.o(.text)
    __errno$intlibspace                      0x080010e9   Thumb Code     0  rt_errno_addr_intlibspace.o(.text)
    __rt_errno_addr$intlibspace              0x080010e9   Thumb Code     0  rt_errno_addr_intlibspace.o(.text)
    __Heap_Initialize                        0x080010f1   Thumb Code    10  h1_init.o(.text)
    __Heap_DescSize                          0x080010fb   Thumb Code     4  h1_init.o(.text)
    __Heap_ProvideMemory                     0x080010ff   Thumb Code    52  h1_extend.o(.text)
    _ll_udiv10                               0x08001133   Thumb Code   138  lludiv10.o(.text)
    _printf_char_common                      0x080011c7   Thumb Code    32  _printf_char_common.o(.text)
    _printf_fp_infnan                        0x080011ed   Thumb Code   112  _printf_fp_infnan.o(.text)
    _btod_etento                             0x0800126d   Thumb Code   224  bigflt0.o(.text)
    ferror                                   0x08001351   Thumb Code     8  ferror.o(.text)
    setvbuf                                  0x08001359   Thumb Code    70  setvbuf.o(.text)
    freopen                                  0x080013a1   Thumb Code   158  fopen.o(.text)
    fopen                                    0x0800143f   Thumb Code    74  fopen.o(.text)
    _fclose_internal                         0x0800148d   Thumb Code    76  fclose.o(.text)
    fclose                                   0x0800148d   Thumb Code     0  fclose.o(.text)
    __rt_SIGRTRED                            0x080014d9   Thumb Code    14  defsig_rtred_outer.o(.text)
    __rt_SIGRTMEM                            0x080014e7   Thumb Code    14  defsig_rtmem_outer.o(.text)
    __I$use$semihosting                      0x080014f5   Thumb Code     0  use_no_semi.o(.text)
    __use_no_semihosting_swi                 0x080014f5   Thumb Code     2  use_no_semi.o(.text)
    __semihosting_library_function           0x080014f7   Thumb Code     0  indicate_semi.o(.text)
    __user_setup_stackheap                   0x080014f7   Thumb Code    74  sys_stackheap_outer.o(.text)
    _fseek                                   0x08001541   Thumb Code   242  fseek.o(.text)
    fseek                                    0x08001541   Thumb Code     0  fseek.o(.text)
    _seterr                                  0x08001639   Thumb Code    20  stdio.o(.text)
    _writebuf                                0x0800164d   Thumb Code    84  stdio.o(.text)
    _fflush                                  0x080016a1   Thumb Code    70  stdio.o(.text)
    _deferredlazyseek                        0x080016e7   Thumb Code    60  stdio.o(.text)
    exit                                     0x08001729   Thumb Code    18  exit.o(.text)
    __sig_exit                               0x0800173b   Thumb Code    10  defsig_exit.o(.text)
    __rt_SIGRTRED_inner                      0x08001745   Thumb Code    14  defsig_rtred_inner.o(.text)
    __rt_SIGRTMEM_inner                      0x08001779   Thumb Code    22  defsig_rtmem_inner.o(.text)
    strlen                                   0x080017c9   Thumb Code    62  strlen.o(.text)
    strcmp                                   0x08001809   Thumb Code   128  strcmpv7m.o(.text)
    _sys_exit                                0x08001889   Thumb Code     8  sys_exit.o(.text)
    _ftell_internal                          0x08001895   Thumb Code    66  ftell.o(.text)
    ftell                                    0x08001895   Thumb Code     0  ftell.o(.text)
    __default_signal_display                 0x080018d7   Thumb Code    50  defsig_general.o(.text)
    _ttywrch                                 0x08001909   Thumb Code    14  sys_wrch.o(.text)
    _btod_d2e                                0x08001917   Thumb Code    62  btod.o(CL$$btod_d2e)
    _d2e_denorm_low                          0x08001955   Thumb Code    70  btod.o(CL$$btod_d2e_denorm_low)
    _d2e_norm_op1                            0x0800199b   Thumb Code    96  btod.o(CL$$btod_d2e_norm_op1)
    __btod_div_common                        0x080019fb   Thumb Code   696  btod.o(CL$$btod_div_common)
    _e2e                                     0x08001d33   Thumb Code   220  btod.o(CL$$btod_e2e)
    _btod_ediv                               0x08001e0f   Thumb Code    42  btod.o(CL$$btod_ediv)
    _btod_emul                               0x08001e39   Thumb Code    42  btod.o(CL$$btod_emul)
    __btod_mult_common                       0x08001e63   Thumb Code   580  btod.o(CL$$btod_mult_common)
    BusFault_Handler                         0x080020a7   Thumb Code     2  stm32f4xx_it.o(i.BusFault_Handler)
    DMA1_Stream3_IRQHandler                  0x080020a9   Thumb Code     6  stm32f4xx_it.o(i.DMA1_Stream3_IRQHandler)
    DMA2_Stream2_IRQHandler                  0x080020b5   Thumb Code     6  stm32f4xx_it.o(i.DMA2_Stream2_IRQHandler)
    DMA2_Stream7_IRQHandler                  0x080020c1   Thumb Code     6  stm32f4xx_it.o(i.DMA2_Stream7_IRQHandler)
    DebugMon_Handler                         0x08002149   Thumb Code     2  stm32f4xx_it.o(i.DebugMon_Handler)
    Error_Handler                            0x0800214b   Thumb Code     4  main.o(i.Error_Handler)
    HAL_DCMI_Init                            0x0800214f   Thumb Code   128  stm32f4xx_hal_dcmi_ex.o(i.HAL_DCMI_Init)
    HAL_DCMI_MspInit                         0x080021d1   Thumb Code   198  dcmi.o(i.HAL_DCMI_MspInit)
    HAL_DMA_IRQHandler                       0x080022b1   Thumb Code   412  stm32f4xx_hal_dma.o(i.HAL_DMA_IRQHandler)
    HAL_DMA_Init                             0x08002451   Thumb Code   206  stm32f4xx_hal_dma.o(i.HAL_DMA_Init)
    HAL_GPIO_Init                            0x08002525   Thumb Code   450  stm32f4xx_hal_gpio.o(i.HAL_GPIO_Init)
    HAL_GPIO_WritePin                        0x08002715   Thumb Code    10  stm32f4xx_hal_gpio.o(i.HAL_GPIO_WritePin)
    HAL_GetTick                              0x08002721   Thumb Code     6  stm32f4xx_hal.o(i.HAL_GetTick)
    HAL_I2C_Init                             0x0800272d   Thumb Code   376  stm32f4xx_hal_i2c.o(i.HAL_I2C_Init)
    HAL_I2C_MspInit                          0x080028b5   Thumb Code    94  i2c.o(i.HAL_I2C_MspInit)
    HAL_I2SEx_FullDuplex_IRQHandler          0x08002921   Thumb Code   492  stm32f4xx_hal_i2s_ex.o(i.HAL_I2SEx_FullDuplex_IRQHandler)
    HAL_I2SEx_TxRxCpltCallback               0x08002b15   Thumb Code     2  stm32f4xx_hal_i2s_ex.o(i.HAL_I2SEx_TxRxCpltCallback)
    HAL_I2S_ErrorCallback                    0x08002b17   Thumb Code     2  stm32f4xx_hal_i2s.o(i.HAL_I2S_ErrorCallback)
    HAL_I2S_Init                             0x08002b19   Thumb Code   354  stm32f4xx_hal_i2s.o(i.HAL_I2S_Init)
    HAL_I2S_MspInit                          0x08002c8d   Thumb Code   200  i2s.o(i.HAL_I2S_MspInit)
    HAL_I2S_RxCpltCallback                   0x08002d6d   Thumb Code     2  stm32f4xx_hal_i2s.o(i.HAL_I2S_RxCpltCallback)
    HAL_I2S_TxCpltCallback                   0x08002d6f   Thumb Code     2  stm32f4xx_hal_i2s.o(i.HAL_I2S_TxCpltCallback)
    HAL_IncTick                              0x08002d71   Thumb Code    12  stm32f4xx_hal.o(i.HAL_IncTick)
    HAL_Init                                 0x08002d81   Thumb Code    48  stm32f4xx_hal.o(i.HAL_Init)
    HAL_InitTick                             0x08002db5   Thumb Code    54  stm32f4xx_hal.o(i.HAL_InitTick)
    HAL_MspInit                              0x08002df5   Thumb Code    42  stm32f4xx_hal_msp.o(i.HAL_MspInit)
    HAL_NVIC_EnableIRQ                       0x08002e25   Thumb Code    26  stm32f4xx_hal_cortex.o(i.HAL_NVIC_EnableIRQ)
    HAL_NVIC_SetPriority                     0x08002e41   Thumb Code    60  stm32f4xx_hal_cortex.o(i.HAL_NVIC_SetPriority)
    HAL_NVIC_SetPriorityGrouping             0x08002e81   Thumb Code    26  stm32f4xx_hal_cortex.o(i.HAL_NVIC_SetPriorityGrouping)
    HAL_RCCEx_GetPeriphCLKFreq               0x08002ea5   Thumb Code    78  stm32f4xx_hal_rcc_ex.o(i.HAL_RCCEx_GetPeriphCLKFreq)
    HAL_RCCEx_PeriphCLKConfig                0x08002f05   Thumb Code   296  stm32f4xx_hal_rcc_ex.o(i.HAL_RCCEx_PeriphCLKConfig)
    HAL_RCC_ClockConfig                      0x08003041   Thumb Code   288  stm32f4xx_hal_rcc.o(i.HAL_RCC_ClockConfig)
    HAL_RCC_GetPCLK1Freq                     0x08003175   Thumb Code    20  stm32f4xx_hal_rcc.o(i.HAL_RCC_GetPCLK1Freq)
    HAL_RCC_GetPCLK2Freq                     0x08003195   Thumb Code    20  stm32f4xx_hal_rcc.o(i.HAL_RCC_GetPCLK2Freq)
    HAL_RCC_GetSysClockFreq                  0x080031b5   Thumb Code    88  stm32f4xx_hal_rcc.o(i.HAL_RCC_GetSysClockFreq)
    HAL_RCC_OscConfig                        0x08003219   Thumb Code   856  stm32f4xx_hal_rcc.o(i.HAL_RCC_OscConfig)
    HAL_SPI_Init                             0x08003585   Thumb Code   188  stm32f4xx_hal_spi.o(i.HAL_SPI_Init)
    HAL_SPI_MspInit                          0x08003641   Thumb Code   128  spi.o(i.HAL_SPI_MspInit)
    HAL_SYSTICK_Config                       0x080036d1   Thumb Code    40  stm32f4xx_hal_cortex.o(i.HAL_SYSTICK_Config)
    HAL_UART_Init                            0x080036f9   Thumb Code   100  stm32f4xx_hal_uart.o(i.HAL_UART_Init)
    HAL_UART_MspInit                         0x0800375d   Thumb Code   260  usart.o(i.HAL_UART_MspInit)
    HAL_UART_Transmit                        0x08003879   Thumb Code   160  stm32f4xx_hal_uart.o(i.HAL_UART_Transmit)
    HardFault_Handler                        0x08003919   Thumb Code     2  stm32f4xx_it.o(i.HardFault_Handler)
    MX_DCMI_Init                             0x08003ad1   Thumb Code    48  dcmi.o(i.MX_DCMI_Init)
    MX_DMA_Init                              0x08003b09   Thumb Code    88  dma.o(i.MX_DMA_Init)
    MX_GPIO_Init                             0x08003b65   Thumb Code   146  gpio.o(i.MX_GPIO_Init)
    MX_I2C1_Init                             0x08003c05   Thumb Code    50  i2c.o(i.MX_I2C1_Init)
    MX_I2S2_Init                             0x08003c45   Thumb Code    54  i2s.o(i.MX_I2S2_Init)
    MX_SPI1_Init                             0x08003c85   Thumb Code    60  spi.o(i.MX_SPI1_Init)
    MX_USART1_UART_Init                      0x08003cc9   Thumb Code    48  usart.o(i.MX_USART1_UART_Init)
    MX_USART2_UART_Init                      0x08003d01   Thumb Code    48  usart.o(i.MX_USART2_UART_Init)
    MemManage_Handler                        0x08003d39   Thumb Code     2  stm32f4xx_it.o(i.MemManage_Handler)
    NMI_Handler                              0x08003d3b   Thumb Code     2  stm32f4xx_it.o(i.NMI_Handler)
    PendSV_Handler                           0x08003d3d   Thumb Code     2  stm32f4xx_it.o(i.PendSV_Handler)
    SVC_Handler                              0x08003d3f   Thumb Code     2  stm32f4xx_it.o(i.SVC_Handler)
    SysTick_Handler                          0x08003d41   Thumb Code     4  stm32f4xx_it.o(i.SysTick_Handler)
    SystemClock_Config                       0x08003d45   Thumb Code   140  main.o(i.SystemClock_Config)
    SystemInit                               0x08003dd9   Thumb Code    12  system_stm32f4xx.o(i.SystemInit)
    UsageFault_Handler                       0x08003fb7   Thumb Code     2  stm32f4xx_it.o(i.UsageFault_Handler)
    __ARM_fpclassify                         0x08003fb9   Thumb Code    48  fpclassify.o(i.__ARM_fpclassify)
    __hardfp_acos                            0x08004009   Thumb Code   738  acos.o(i.__hardfp_acos)
    __hardfp_exp                             0x08004361   Thumb Code   714  exp.o(i.__hardfp_exp)
    __hardfp_fabs                            0x080046b9   Thumb Code    20  fabs.o(i.__hardfp_fabs)
    __hardfp_floor                           0x080046d1   Thumb Code   252  floor.o(i.__hardfp_floor)
    __hardfp_log                             0x080047e9   Thumb Code   872  log.o(i.__hardfp_log)
    __hardfp_pow                             0x08004bb1   Thumb Code  3072  pow.o(i.__hardfp_pow)
    __hardfp_sqrt                            0x08005801   Thumb Code   122  sqrt.o(i.__hardfp_sqrt)
    __kernel_poly                            0x0800587b   Thumb Code   248  poly.o(i.__kernel_poly)
    __mathlib_dbl_divzero                    0x08005979   Thumb Code    28  dunder.o(i.__mathlib_dbl_divzero)
    __mathlib_dbl_infnan                     0x080059a9   Thumb Code    20  dunder.o(i.__mathlib_dbl_infnan)
    __mathlib_dbl_infnan2                    0x080059bd   Thumb Code    20  dunder.o(i.__mathlib_dbl_infnan2)
    __mathlib_dbl_invalid                    0x080059d1   Thumb Code    24  dunder.o(i.__mathlib_dbl_invalid)
    __mathlib_dbl_overflow                   0x080059f1   Thumb Code    24  dunder.o(i.__mathlib_dbl_overflow)
    __mathlib_dbl_underflow                  0x08005a11   Thumb Code    24  dunder.o(i.__mathlib_dbl_underflow)
    _is_digit                                0x08005a31   Thumb Code    14  __printf_wp.o(i._is_digit)
    _spx_autocorr                            0x08005a85   Thumb Code    74  lpc.o(i._spx_autocorr)
    _spx_lpc                                 0x08005ad5   Thumb Code   220  lpc.o(i._spx_lpc)
    bw_lpc                                   0x08005bb9   Thumb Code    44  filters.o(i.bw_lpc)
    compare_pcm_frames                       0x08005c91   Thumb Code   260  main.o(i.compare_pcm_frames)
    complete_speex_test                      0x08005e9d   Thumb Code   186  main.o(i.complete_speex_test)
    compute_impulse_response                 0x08006129   Thumb Code   288  filters.o(i.compute_impulse_response)
    compute_rms                              0x08006399   Thumb Code    84  filters.o(i.compute_rms)
    compute_rms16                            0x080063f9   Thumb Code     4  filters.o(i.compute_rms16)
    fabs                                     0x080064bd   Thumb Code    24  fabs.o(i.fabs)
    filter_mem16                             0x080064d5   Thumb Code   140  filters.o(i.filter_mem16)
    fir_mem16                                0x08006561   Thumb Code   108  filters.o(i.fir_mem16)
    forced_pitch_quant                       0x080065cd   Thumb Code   218  ltp.o(i.forced_pitch_quant)
    forced_pitch_unquant                     0x080066b1   Thumb Code    82  ltp.o(i.forced_pitch_unquant)
    fputc                                    0x08006711   Thumb Code    20  main.o(i.fputc)
    highpass                                 0x08006729   Thumb Code   152  filters.o(i.highpass)
    iir_mem16                                0x080067c5   Thumb Code   112  filters.o(i.iir_mem16)
    inner_prod                               0x08006835   Thumb Code    78  ltp.o(i.inner_prod)
    lpc_to_lsp                               0x080069c1   Thumb Code   632  lsp.o(i.lpc_to_lsp)
    lsp_interpolate                          0x08006c55   Thumb Code   268  lsp.o(i.lsp_interpolate)
    lsp_quant_lbr                            0x08006df1   Thumb Code   348  quant_lsp.o(i.lsp_quant_lbr)
    lsp_quant_nb                             0x08006f6d   Thumb Code   452  quant_lsp.o(i.lsp_quant_nb)
    lsp_to_lpc                               0x08007159   Thumb Code   438  lsp.o(i.lsp_to_lpc)
    lsp_unquant_lbr                          0x08007335   Thumb Code   286  quant_lsp.o(i.lsp_unquant_lbr)
    lsp_unquant_nb                           0x08007479   Thumb Code   430  quant_lsp.o(i.lsp_unquant_nb)
    main                                     0x080076f5   Thumb Code    68  main.o(i.main)
    multicomb                                0x08007795   Thumb Code   786  filters.o(i.multicomb)
    nb_decode                                0x08007ae9   Thumb Code  3104  nb_celp.o(i.nb_decode)
    nb_decoder_ctl                           0x080088dd   Thumb Code   584  nb_celp.o(i.nb_decoder_ctl)
    nb_decoder_destroy                       0x08008b49   Thumb Code    20  nb_celp.o(i.nb_decoder_destroy)
    nb_decoder_init                          0x08008b5d   Thumb Code   184  nb_celp.o(i.nb_decoder_init)
    nb_encode                                0x08008c1d   Thumb Code  4106  nb_celp.o(i.nb_encode)
    nb_encoder_ctl                           0x08009c65   Thumb Code   824  nb_celp.o(i.nb_encoder_ctl)
    nb_encoder_destroy                       0x08009fc1   Thumb Code    28  nb_celp.o(i.nb_encoder_destroy)
    nb_encoder_init                          0x08009fdd   Thumb Code   256  nb_celp.o(i.nb_encoder_init)
    nb_mode_query                            0x0800a0f1   Thumb Code    56  speex.o(i.nb_mode_query)
    noise_codebook_quant                     0x0800a149   Thumb Code    96  cb_search.o(i.noise_codebook_quant)
    noise_codebook_unquant                   0x0800a1a9   Thumb Code    92  cb_search.o(i.noise_codebook_unquant)
    open_loop_nbest_pitch                    0x0800a215   Thumb Code   682  ltp.o(i.open_loop_nbest_pitch)
    pitch_search_3tap                        0x0800aa71   Thumb Code   532  ltp.o(i.pitch_search_3tap)
    pitch_unquant_3tap                       0x0800ac91   Thumb Code   582  ltp.o(i.pitch_unquant_3tap)
    print_hex                                0x0800aef9   Thumb Code    40  main.o(i.print_hex)
    print_pcm                                0x0800af45   Thumb Code    64  main.o(i.print_pcm)
    residue_percep_zero16                    0x0800afa9   Thumb Code   110  filters.o(i.residue_percep_zero16)
    sanitize_values32                        0x0800b01d   Thumb Code    80  filters.o(i.sanitize_values32)
    scal_quant                               0x0800b071   Thumb Code    32  vq.o(i.scal_quant)
    signal_div                               0x0800b091   Thumb Code    44  filters.o(i.signal_div)
    signal_mul                               0x0800b0bd   Thumb Code    36  filters.o(i.signal_mul)
    speex_bits_advance                       0x0800b0e1   Thumb Code    44  bits.o(i.speex_bits_advance)
    speex_bits_destroy                       0x0800b10d   Thumb Code    14  bits.o(i.speex_bits_destroy)
    speex_bits_init                          0x0800b11b   Thumb Code    40  bits.o(i.speex_bits_init)
    speex_bits_insert_terminator             0x0800b143   Thumb Code    34  bits.o(i.speex_bits_insert_terminator)
    speex_bits_pack                          0x0800b165   Thumb Code   144  bits.o(i.speex_bits_pack)
    speex_bits_read_from                     0x0800b269   Thumb Code    88  bits.o(i.speex_bits_read_from)
    speex_bits_remaining                     0x0800b34d   Thumb Code    24  bits.o(i.speex_bits_remaining)
    speex_bits_reset                         0x0800b365   Thumb Code    16  bits.o(i.speex_bits_reset)
    speex_bits_unpack_unsigned               0x0800b375   Thumb Code    84  bits.o(i.speex_bits_unpack_unsigned)
    speex_bits_write                         0x0800b3c9   Thumb Code    62  bits.o(i.speex_bits_write)
    speex_codec_cleanup                      0x0800b409   Thumb Code    52  main.o(i.speex_codec_cleanup)
    speex_codec_init                         0x0800b46d   Thumb Code   152  main.o(i.speex_codec_init)
    speex_decode_frame                       0x0800b5b1   Thumb Code    56  main.o(i.speex_decode_frame)
    speex_decode_int                         0x0800b615   Thumb Code   126  speex.o(i.speex_decode_int)
    speex_decoder_ctl                        0x0800b6a1   Thumb Code     6  speex.o(i.speex_decoder_ctl)
    speex_decoder_destroy                    0x0800b6a7   Thumb Code     6  speex.o(i.speex_decoder_destroy)
    speex_decoder_init                       0x0800b6ad   Thumb Code     4  speex.o(i.speex_decoder_init)
    speex_default_user_handler               0x0800b6b1   Thumb Code    26  speex_callbacks.o(i.speex_default_user_handler)
    speex_encode_frame                       0x0800b6cd   Thumb Code    50  main.o(i.speex_encode_frame)
    speex_encode_int                         0x0800b71d   Thumb Code    76  speex.o(i.speex_encode_int)
    speex_encoder_ctl                        0x0800b769   Thumb Code     6  speex.o(i.speex_encoder_ctl)
    speex_encoder_destroy                    0x0800b76f   Thumb Code     6  speex.o(i.speex_encoder_destroy)
    speex_encoder_init                       0x0800b775   Thumb Code     4  speex.o(i.speex_encoder_init)
    speex_inband_handler                     0x0800b779   Thumb Code    92  speex_callbacks.o(i.speex_inband_handler)
    split_cb_search_shape_sign               0x0800b8ed   Thumb Code  1636  cb_search.o(i.split_cb_search_shape_sign)
    split_cb_shape_sign_unquant              0x0800c219   Thumb Code   234  cb_search.o(i.split_cb_shape_sign_unquant)
    sqrt                                     0x0800c30d   Thumb Code   110  sqrt.o(i.sqrt)
    syn_percep_zero16                        0x0800c37d   Thumb Code   116  filters.o(i.syn_percep_zero16)
    vbr_analysis                             0x0800c41d   Thumb Code  2130  vbr.o(i.vbr_analysis)
    vbr_destroy                              0x0800ccb9   Thumb Code     2  vbr.o(i.vbr_destroy)
    vbr_init                                 0x0800ccbd   Thumb Code   154  vbr.o(i.vbr_init)
    vq_nbest                                 0x0800cd7d   Thumb Code   172  vq.o(i.vq_nbest)
    vq_nbest_sign                            0x0800ce2d   Thumb Code   214  vq.o(i.vq_nbest_sign)
    _get_lc_numeric                          0x0800cf09   Thumb Code    44  lc_numeric_c.o(locale$$code)
    __aeabi_dneg                             0x0800cf35   Thumb Code     0  basic.o(x$fpl$basic)
    _dneg                                    0x0800cf35   Thumb Code     6  basic.o(x$fpl$basic)
    __aeabi_fneg                             0x0800cf3b   Thumb Code     0  basic.o(x$fpl$basic)
    _fneg                                    0x0800cf3b   Thumb Code     6  basic.o(x$fpl$basic)
    _dabs                                    0x0800cf41   Thumb Code     6  basic.o(x$fpl$basic)
    _fabs                                    0x0800cf47   Thumb Code     6  basic.o(x$fpl$basic)
    __aeabi_d2f                              0x0800cf4d   Thumb Code     0  d2f.o(x$fpl$d2f)
    _d2f                                     0x0800cf4d   Thumb Code    98  d2f.o(x$fpl$d2f)
    __aeabi_dadd                             0x0800cfb1   Thumb Code     0  daddsub_clz.o(x$fpl$dadd)
    _dadd                                    0x0800cfb1   Thumb Code   332  daddsub_clz.o(x$fpl$dadd)
    __fpl_dcheck_NaN1                        0x0800d101   Thumb Code    10  dcheck1.o(x$fpl$dcheck1)
    __fpl_dcmp_Inf                           0x0800d111   Thumb Code    24  dcmpi.o(x$fpl$dcmpinf)
    __aeabi_ddiv                             0x0800d129   Thumb Code     0  ddiv.o(x$fpl$ddiv)
    _ddiv                                    0x0800d129   Thumb Code   552  ddiv.o(x$fpl$ddiv)
    __aeabi_cdcmpeq                          0x0800d3d9   Thumb Code     0  deqf.o(x$fpl$deqf)
    _dcmpeq                                  0x0800d3d9   Thumb Code   120  deqf.o(x$fpl$deqf)
    __aeabi_d2iz                             0x0800d451   Thumb Code     0  dfix.o(x$fpl$dfix)
    _dfix                                    0x0800d451   Thumb Code    94  dfix.o(x$fpl$dfix)
    __aeabi_i2d                              0x0800d4af   Thumb Code     0  dflt_clz.o(x$fpl$dflt)
    _dflt                                    0x0800d4af   Thumb Code    46  dflt_clz.o(x$fpl$dflt)
    __aeabi_cdcmple                          0x0800d4dd   Thumb Code     0  dleqf.o(x$fpl$dleqf)
    _dcmple                                  0x0800d4dd   Thumb Code   120  dleqf.o(x$fpl$dleqf)
    __fpl_dcmple_InfNaN                      0x0800d53f   Thumb Code     0  dleqf.o(x$fpl$dleqf)
    __aeabi_dmul                             0x0800d555   Thumb Code     0  dmul.o(x$fpl$dmul)
    _dmul                                    0x0800d555   Thumb Code   332  dmul.o(x$fpl$dmul)
    __fpl_dnaninf                            0x0800d6a9   Thumb Code   156  dnaninf.o(x$fpl$dnaninf)
    __fpl_dretinf                            0x0800d745   Thumb Code    12  dretinf.o(x$fpl$dretinf)
    __aeabi_cdrcmple                         0x0800d751   Thumb Code     0  drleqf.o(x$fpl$drleqf)
    _drcmple                                 0x0800d751   Thumb Code   108  drleqf.o(x$fpl$drleqf)
    __aeabi_drsub                            0x0800d7bd   Thumb Code     0  daddsub_clz.o(x$fpl$drsb)
    _drsb                                    0x0800d7bd   Thumb Code    22  daddsub_clz.o(x$fpl$drsb)
    _dsqrt                                   0x0800d7d5   Thumb Code   404  dsqrt_umaal.o(x$fpl$dsqrt)
    __aeabi_dsub                             0x0800d96d   Thumb Code     0  daddsub_clz.o(x$fpl$dsub)
    _dsub                                    0x0800d96d   Thumb Code   464  daddsub_clz.o(x$fpl$dsub)
    __aeabi_f2d                              0x0800db41   Thumb Code     0  f2d.o(x$fpl$f2d)
    _f2d                                     0x0800db41   Thumb Code    86  f2d.o(x$fpl$f2d)
    __fpl_fnaninf                            0x0800db97   Thumb Code   140  fnaninf.o(x$fpl$fnaninf)
    _fp_init                                 0x0800dc23   Thumb Code    10  fpinit.o(x$fpl$fpinit)
    __fplib_config_fpu_vfp                   0x0800dc2b   Thumb Code     0  fpinit.o(x$fpl$fpinit)
    __fplib_config_pureend_doubles           0x0800dc2b   Thumb Code     0  fpinit.o(x$fpl$fpinit)
    __fpl_fretinf                            0x0800dc2d   Thumb Code    10  fretinf.o(x$fpl$fretinf)
    _printf_fp_dec                           0x0800dc37   Thumb Code     4  printf1.o(x$fpl$printf1)
    __fpl_return_NaN                         0x0800dc3b   Thumb Code   100  retnan.o(x$fpl$retnan)
    __ARM_scalbn                             0x0800dc9f   Thumb Code    92  scalbn.o(x$fpl$scalbn)
    __fpl_cmpreturn                          0x0800dcfb   Thumb Code    48  trapv.o(x$fpl$trapveneer)
    __I$use$fp                               0x0800dd2a   Number         0  usenofp.o(x$fpl$usenofp)
    AHBPrescTable                            0x0800dd32   Data          16  system_stm32f4xx.o(.constdata)
    APBPrescTable                            0x0800dd42   Data           8  system_stm32f4xx.o(.constdata)
    exc_5_64_table                           0x0800dd4a   Data         320  exc_5_64_table.o(.constdata)
    exc_5_256_table                          0x0800de8a   Data        1280  exc_5_256_table.o(.constdata)
    exc_8_128_table                          0x0800e38a   Data        1024  exc_8_128_table.o(.constdata)
    exc_10_16_table                          0x0800e78a   Data         160  exc_10_16_table.o(.constdata)
    exc_10_32_table                          0x0800e82a   Data         320  exc_10_32_table.o(.constdata)
    exc_20_32_table                          0x0800e96a   Data         640  exc_20_32_table.o(.constdata)
    shift_filt                               0x0800ebec   Data          84  filters.o(.constdata)
    gain_cdbk_nb                             0x0800ecb8   Data         512  gain_table.o(.constdata)
    gain_cdbk_lbr                            0x0800eeb8   Data         128  gain_table_lbr.o(.constdata)
    cdbk_nb                                  0x0800ef38   Data         640  lsp_tables_nb.o(.constdata)
    cdbk_nb_low1                             0x0800f1b8   Data         320  lsp_tables_nb.o(.constdata)
    cdbk_nb_low2                             0x0800f2f8   Data         320  lsp_tables_nb.o(.constdata)
    cdbk_nb_high1                            0x0800f438   Data         320  lsp_tables_nb.o(.constdata)
    cdbk_nb_high2                            0x0800f578   Data         320  lsp_tables_nb.o(.constdata)
    speex_nb_mode                            0x0800f9b0   Data          52  modes.o(.constdata)
    lag_window                               0x0800f9e4   Data           4  sb_celp.o(.constdata)
    lpc_window                               0x0800f9e8   Data           4  sb_celp.o(.constdata)
    vbr_nb_thresh                            0x0800fbac   Data         396  vbr.o(.constdata)
    attenuation                              0x0800fd80   Data          40  nb_celp.o(.constdata)
    __mathlib_zero                           0x0800ff70   Data           8  qnan.o(.constdata)
    __stdin_name                             0x0800ff78   Data           4  sys_io.o(.constdata)
    __stdout_name                            0x0800ff7c   Data           4  sys_io.o(.constdata)
    __stderr_name                            0x0800ff80   Data           4  sys_io.o(.constdata)
    Region$$Table$$Base                      0x08010024   Number         0  anon$$obj.o(Region$$Table)
    Region$$Table$$Limit                     0x08010044   Number         0  anon$$obj.o(Region$$Table)
    QUALITY                                  0x20000000   Data           4  main.o(.data)
    pcm_array                                0x20000010   Data         160  main.o(.data)
    uwTickFreq                               0x200000b0   Data           1  stm32f4xx_hal.o(.data)
    uwTickPrio                               0x200000b4   Data           4  stm32f4xx_hal.o(.data)
    uwTick                                   0x200000b8   Data           4  stm32f4xx_hal.o(.data)
    SystemCoreClock                          0x200000bc   Data           4  system_stm32f4xx.o(.data)
    __aeabi_stdin                            0x200000c0   Data           4  stdio_streams.o(.data)
    __aeabi_stdout                           0x200000c4   Data           4  stdio_streams.o(.data)
    __aeabi_stderr                           0x200000c8   Data           4  stdio_streams.o(.data)
    hdcmi                                    0x20000114   Data          64  dcmi.o(.bss)
    hi2c1                                    0x20000154   Data          84  i2c.o(.bss)
    hi2s2                                    0x200001a8   Data          72  i2s.o(.bss)
    hdma_spi2_rx                             0x200001f0   Data          96  i2s.o(.bss)
    hspi1                                    0x20000250   Data          88  spi.o(.bss)
    huart1                                   0x200002a8   Data          72  usart.o(.bss)
    huart2                                   0x200002f0   Data          72  usart.o(.bss)
    hdma_usart1_rx                           0x20000338   Data          96  usart.o(.bss)
    hdma_usart1_tx                           0x20000398   Data          96  usart.o(.bss)
    __stdin                                  0x200003f8   Data          84  stdio_streams.o(.bss)
    __stdout                                 0x2000044c   Data          84  stdio_streams.o(.bss)
    __stderr                                 0x200004a0   Data          84  stdio_streams.o(.bss)
    __libspace_start                         0x200004f4   Data          96  libspace.o(.bss)
    __temporary_stack_top$libspace           0x20000554   Data           0  libspace.o(.bss)



==============================================================================

Memory Map of the image

  Image Entry point : 0x08000189

  Load Region LR_IROM1 (Base: 0x08000000, Size: 0x0001012c, Max: 0x00100000, ABSOLUTE)

    Execution Region ER_IROM1 (Base: 0x08000000, Size: 0x00010060, Max: 0x00100000, ABSOLUTE)

    Base Addr    Size         Type   Attr      Idx    E Section Name        Object

    0x08000000   0x00000188   Data   RO            3    RESET               startup_stm32f407xx.o
    0x08000188   0x00000008   Code   RO         4973  * !!!main             c_w.l(__main.o)
    0x08000190   0x00000034   Code   RO         5485    !!!scatter          c_w.l(__scatter.o)
    0x080001c4   0x0000001a   Code   RO         5487    !!handler_copy      c_w.l(__scatter_copy.o)
    0x080001de   0x00000002   PAD
    0x080001e0   0x0000001c   Code   RO         5489    !!handler_zi        c_w.l(__scatter_zi.o)
    0x080001fc   0x00000000   Code   RO         4956    .ARM.Collect$$_printf_percent$$00000000  c_w.l(_printf_percent.o)
    0x080001fc   0x00000006   Code   RO         4955    .ARM.Collect$$_printf_percent$$00000003  c_w.l(_printf_f.o)
    0x08000202   0x00000006   Code   RO         4954    .ARM.Collect$$_printf_percent$$00000009  c_w.l(_printf_d.o)
    0x08000208   0x00000006   Code   RO         4953    .ARM.Collect$$_printf_percent$$0000000C  c_w.l(_printf_x.o)
    0x0800020e   0x00000006   Code   RO         4952    .ARM.Collect$$_printf_percent$$00000014  c_w.l(_printf_s.o)
    0x08000214   0x00000004   Code   RO         5157    .ARM.Collect$$_printf_percent$$00000017  c_w.l(_printf_percent_end.o)
    0x08000218   0x00000002   Code   RO         5430    .ARM.Collect$$libinit$$00000000  c_w.l(libinit.o)
    0x0800021a   0x00000004   Code   RO         5323    .ARM.Collect$$libinit$$00000001  c_w.l(libinit2.o)
    0x0800021e   0x00000000   Code   RO         5326    .ARM.Collect$$libinit$$00000004  c_w.l(libinit2.o)
    0x0800021e   0x00000008   Code   RO         5327    .ARM.Collect$$libinit$$00000005  c_w.l(libinit2.o)
    0x08000226   0x00000000   Code   RO         5329    .ARM.Collect$$libinit$$0000000A  c_w.l(libinit2.o)
    0x08000226   0x00000000   Code   RO         5331    .ARM.Collect$$libinit$$0000000C  c_w.l(libinit2.o)
    0x08000226   0x00000000   Code   RO         5333    .ARM.Collect$$libinit$$0000000E  c_w.l(libinit2.o)
    0x08000226   0x00000006   Code   RO         5334    .ARM.Collect$$libinit$$0000000F  c_w.l(libinit2.o)
    0x0800022c   0x00000000   Code   RO         5336    .ARM.Collect$$libinit$$00000011  c_w.l(libinit2.o)
    0x0800022c   0x00000000   Code   RO         5338    .ARM.Collect$$libinit$$00000013  c_w.l(libinit2.o)
    0x0800022c   0x00000000   Code   RO         5340    .ARM.Collect$$libinit$$00000015  c_w.l(libinit2.o)
    0x0800022c   0x0000000a   Code   RO         5341    .ARM.Collect$$libinit$$00000016  c_w.l(libinit2.o)
    0x08000236   0x00000000   Code   RO         5342    .ARM.Collect$$libinit$$00000017  c_w.l(libinit2.o)
    0x08000236   0x00000000   Code   RO         5344    .ARM.Collect$$libinit$$00000019  c_w.l(libinit2.o)
    0x08000236   0x00000000   Code   RO         5346    .ARM.Collect$$libinit$$0000001B  c_w.l(libinit2.o)
    0x08000236   0x00000000   Code   RO         5348    .ARM.Collect$$libinit$$0000001D  c_w.l(libinit2.o)
    0x08000236   0x00000000   Code   RO         5350    .ARM.Collect$$libinit$$0000001F  c_w.l(libinit2.o)
    0x08000236   0x00000000   Code   RO         5352    .ARM.Collect$$libinit$$00000021  c_w.l(libinit2.o)
    0x08000236   0x00000000   Code   RO         5354    .ARM.Collect$$libinit$$00000023  c_w.l(libinit2.o)
    0x08000236   0x00000004   Code   RO         5355    .ARM.Collect$$libinit$$00000024  c_w.l(libinit2.o)
    0x0800023a   0x00000000   Code   RO         5356    .ARM.Collect$$libinit$$00000025  c_w.l(libinit2.o)
    0x0800023a   0x00000000   Code   RO         5360    .ARM.Collect$$libinit$$0000002C  c_w.l(libinit2.o)
    0x0800023a   0x00000000   Code   RO         5362    .ARM.Collect$$libinit$$0000002E  c_w.l(libinit2.o)
    0x0800023a   0x00000000   Code   RO         5364    .ARM.Collect$$libinit$$00000030  c_w.l(libinit2.o)
    0x0800023a   0x00000000   Code   RO         5366    .ARM.Collect$$libinit$$00000032  c_w.l(libinit2.o)
    0x0800023a   0x00000002   Code   RO         5367    .ARM.Collect$$libinit$$00000033  c_w.l(libinit2.o)
    0x0800023c   0x00000002   Code   RO         5482    .ARM.Collect$$libshutdown$$00000000  c_w.l(libshutdown.o)
    0x0800023e   0x00000000   Code   RO         5369    .ARM.Collect$$libshutdown$$00000002  c_w.l(libshutdown2.o)
    0x0800023e   0x00000004   Code   RO         5370    .ARM.Collect$$libshutdown$$00000003  c_w.l(libshutdown2.o)
    0x08000242   0x00000000   Code   RO         5371    .ARM.Collect$$libshutdown$$00000004  c_w.l(libshutdown2.o)
    0x08000242   0x00000000   Code   RO         5374    .ARM.Collect$$libshutdown$$00000007  c_w.l(libshutdown2.o)
    0x08000242   0x00000000   Code   RO         5377    .ARM.Collect$$libshutdown$$0000000A  c_w.l(libshutdown2.o)
    0x08000242   0x00000000   Code   RO         5379    .ARM.Collect$$libshutdown$$0000000C  c_w.l(libshutdown2.o)
    0x08000242   0x00000000   Code   RO         5382    .ARM.Collect$$libshutdown$$0000000F  c_w.l(libshutdown2.o)
    0x08000242   0x00000002   Code   RO         5383    .ARM.Collect$$libshutdown$$00000010  c_w.l(libshutdown2.o)
    0x08000244   0x00000000   Code   RO         5115    .ARM.Collect$$rtentry$$00000000  c_w.l(__rtentry.o)
    0x08000244   0x00000000   Code   RO         5225    .ARM.Collect$$rtentry$$00000002  c_w.l(__rtentry2.o)
    0x08000244   0x00000006   Code   RO         5237    .ARM.Collect$$rtentry$$00000004  c_w.l(__rtentry4.o)
    0x0800024a   0x00000000   Code   RO         5227    .ARM.Collect$$rtentry$$00000009  c_w.l(__rtentry2.o)
    0x0800024a   0x00000004   Code   RO         5228    .ARM.Collect$$rtentry$$0000000A  c_w.l(__rtentry2.o)
    0x0800024e   0x00000000   Code   RO         5230    .ARM.Collect$$rtentry$$0000000C  c_w.l(__rtentry2.o)
    0x0800024e   0x00000008   Code   RO         5231    .ARM.Collect$$rtentry$$0000000D  c_w.l(__rtentry2.o)
    0x08000256   0x00000002   Code   RO         5437    .ARM.Collect$$rtexit$$00000000  c_w.l(rtexit.o)
    0x08000258   0x00000000   Code   RO         5460    .ARM.Collect$$rtexit$$00000002  c_w.l(rtexit2.o)
    0x08000258   0x00000004   Code   RO         5461    .ARM.Collect$$rtexit$$00000003  c_w.l(rtexit2.o)
    0x0800025c   0x00000006   Code   RO         5462    .ARM.Collect$$rtexit$$00000004  c_w.l(rtexit2.o)
    0x08000262   0x00000002   PAD
    0x08000264   0x00000000   Code   RO         5251    .emb_text           c_w.l(maybetermalloc1.o)
    0x08000264   0x00000040   Code   RO            4    .text               startup_stm32f407xx.o
    0x080002a4   0x00000028   Code   RO         4832    .text               c_w.l(calloc.o)
    0x080002cc   0x0000004e   Code   RO         4834    .text               c_w.l(h1_free.o)
    0x0800031a   0x000000b8   Code   RO         4836    .text               c_w.l(h1_realloc.o)
    0x080003d2   0x000000ee   Code   RO         4892    .text               c_w.l(lludivv7m.o)
    0x080004c0   0x00000018   Code   RO         4898    .text               c_w.l(noretval__2printf.o)
    0x080004d8   0x00000014   Code   RO         4900    .text               c_w.l(noretval__2fprintf.o)
    0x080004ec   0x0000004e   Code   RO         4904    .text               c_w.l(_printf_pad.o)
    0x0800053a   0x00000052   Code   RO         4906    .text               c_w.l(_printf_str.o)
    0x0800058c   0x00000078   Code   RO         4908    .text               c_w.l(_printf_dec.o)
    0x08000604   0x00000058   Code   RO         4913    .text               c_w.l(_printf_hex_int.o)
    0x0800065c   0x00000138   Code   RO         4943    .text               c_w.l(__printf_flags_wp.o)
    0x08000794   0x00000064   Code   RO         4965    .text               c_w.l(rt_memcpy_w.o)
    0x080007f8   0x0000007a   Code   RO         4967    .text               c_w.l(rt_memmove_w.o)
    0x08000872   0x0000004e   Code   RO         4969    .text               c_w.l(rt_memclr_w.o)
    0x080008c0   0x00000006   Code   RO         4971    .text               c_w.l(heapauxi.o)
    0x080008c6   0x00000002   PAD
    0x080008c8   0x00000008   Code   RO         5123    .text               c_w.l(rt_heap_descriptor_intlibspace.o)
    0x080008d0   0x00000004   Code   RO         5125    .text               c_w.l(hguard.o)
    0x080008d4   0x0000008a   Code   RO         5127    .text               c_w.l(init_alloc.o)
    0x0800095e   0x0000005e   Code   RO         5133    .text               c_w.l(h1_alloc.o)
    0x080009bc   0x00000016   Code   RO         5147    .text               c_w.l(_rserrno.o)
    0x080009d2   0x000000b2   Code   RO         5149    .text               c_w.l(_printf_intcommon.o)
    0x08000a84   0x0000041e   Code   RO         5151    .text               c_w.l(_printf_fp_dec.o)
    0x08000ea2   0x0000002c   Code   RO         5153    .text               c_w.l(_printf_char.o)
    0x08000ece   0x00000002   PAD
    0x08000ed0   0x00000024   Code   RO         5155    .text               c_w.l(_printf_char_file.o)
    0x08000ef4   0x00000138   Code   RO         5158    .text               c_w.l(initio.o)
    0x0800102c   0x00000044   Code   RO         5164    .text               c_w.l(rt_memclr.o)
    0x08001070   0x00000066   Code   RO         5216    .text               c_w.l(sys_io.o)
    0x080010d6   0x00000002   PAD
    0x080010d8   0x00000008   Code   RO         5221    .text               c_w.l(libspace.o)
    0x080010e0   0x00000008   Code   RO         5244    .text               c_w.l(rt_locale_intlibspace.o)
    0x080010e8   0x00000008   Code   RO         5249    .text               c_w.l(rt_errno_addr_intlibspace.o)
    0x080010f0   0x0000000e   Code   RO         5253    .text               c_w.l(h1_init.o)
    0x080010fe   0x00000034   Code   RO         5255    .text               c_w.l(h1_extend.o)
    0x08001132   0x0000008a   Code   RO         5261    .text               c_w.l(lludiv10.o)
    0x080011bc   0x00000030   Code   RO         5263    .text               c_w.l(_printf_char_common.o)
    0x080011ec   0x00000080   Code   RO         5265    .text               c_w.l(_printf_fp_infnan.o)
    0x0800126c   0x000000e4   Code   RO         5267    .text               c_w.l(bigflt0.o)
    0x08001350   0x00000008   Code   RO         5292    .text               c_w.l(ferror.o)
    0x08001358   0x00000046   Code   RO         5294    .text               c_w.l(setvbuf.o)
    0x0800139e   0x00000002   PAD
    0x080013a0   0x000000ec   Code   RO         5297    .text               c_w.l(fopen.o)
    0x0800148c   0x0000004c   Code   RO         5299    .text               c_w.l(fclose.o)
    0x080014d8   0x0000000e   Code   RO         5310    .text               c_w.l(defsig_rtred_outer.o)
    0x080014e6   0x0000000e   Code   RO         5314    .text               c_w.l(defsig_rtmem_outer.o)
    0x080014f4   0x00000002   Code   RO         5390    .text               c_w.l(use_no_semi.o)
    0x080014f6   0x00000000   Code   RO         5392    .text               c_w.l(indicate_semi.o)
    0x080014f6   0x0000004a   Code   RO         5393    .text               c_w.l(sys_stackheap_outer.o)
    0x08001540   0x000000f8   Code   RO         5403    .text               c_w.l(fseek.o)
    0x08001638   0x000000f0   Code   RO         5405    .text               c_w.l(stdio.o)
    0x08001728   0x00000012   Code   RO         5407    .text               c_w.l(exit.o)
    0x0800173a   0x0000000a   Code   RO         5409    .text               c_w.l(defsig_exit.o)
    0x08001744   0x00000034   Code   RO         5415    .text               c_w.l(defsig_rtred_inner.o)
    0x08001778   0x00000050   Code   RO         5417    .text               c_w.l(defsig_rtmem_inner.o)
    0x080017c8   0x0000003e   Code   RO         5419    .text               c_w.l(strlen.o)
    0x08001806   0x00000002   PAD
    0x08001808   0x00000080   Code   RO         5421    .text               c_w.l(strcmpv7m.o)
    0x08001888   0x0000000c   Code   RO         5435    .text               c_w.l(sys_exit.o)
    0x08001894   0x00000042   Code   RO         5443    .text               c_w.l(ftell.o)
    0x080018d6   0x00000032   Code   RO         5447    .text               c_w.l(defsig_general.o)
    0x08001908   0x0000000e   Code   RO         5457    .text               c_w.l(sys_wrch.o)
    0x08001916   0x0000003e   Code   RO         5270    CL$$btod_d2e        c_w.l(btod.o)
    0x08001954   0x00000046   Code   RO         5272    CL$$btod_d2e_denorm_low  c_w.l(btod.o)
    0x0800199a   0x00000060   Code   RO         5271    CL$$btod_d2e_norm_op1  c_w.l(btod.o)
    0x080019fa   0x00000338   Code   RO         5280    CL$$btod_div_common  c_w.l(btod.o)
    0x08001d32   0x000000dc   Code   RO         5277    CL$$btod_e2e        c_w.l(btod.o)
    0x08001e0e   0x0000002a   Code   RO         5274    CL$$btod_ediv       c_w.l(btod.o)
    0x08001e38   0x0000002a   Code   RO         5273    CL$$btod_emul       c_w.l(btod.o)
    0x08001e62   0x00000244   Code   RO         5279    CL$$btod_mult_common  c_w.l(btod.o)
    0x080020a6   0x00000002   Code   RO          532    i.BusFault_Handler  stm32f4xx_it.o
    0x080020a8   0x0000000c   Code   RO          533    i.DMA1_Stream3_IRQHandler  stm32f4xx_it.o
    0x080020b4   0x0000000c   Code   RO          534    i.DMA2_Stream2_IRQHandler  stm32f4xx_it.o
    0x080020c0   0x0000000c   Code   RO          535    i.DMA2_Stream7_IRQHandler  stm32f4xx_it.o
    0x080020cc   0x00000028   Code   RO         1275    i.DMA_CalcBaseAndBitshift  stm32f4xx_hal_dma.o
    0x080020f4   0x00000054   Code   RO         1276    i.DMA_CheckFifoParam  stm32f4xx_hal_dma.o
    0x08002148   0x00000002   Code   RO          536    i.DebugMon_Handler  stm32f4xx_it.o
    0x0800214a   0x00000004   Code   RO           13    i.Error_Handler     main.o
    0x0800214e   0x00000080   Code   RO          792    i.HAL_DCMI_Init     stm32f4xx_hal_dcmi_ex.o
    0x080021ce   0x00000002   PAD
    0x080021d0   0x000000e0   Code   RO          293    i.HAL_DCMI_MspInit  dcmi.o
    0x080022b0   0x000001a0   Code   RO         1283    i.HAL_DMA_IRQHandler  stm32f4xx_hal_dma.o
    0x08002450   0x000000d4   Code   RO         1284    i.HAL_DMA_Init      stm32f4xx_hal_dma.o
    0x08002524   0x000001f0   Code   RO         1171    i.HAL_GPIO_Init     stm32f4xx_hal_gpio.o
    0x08002714   0x0000000a   Code   RO         1175    i.HAL_GPIO_WritePin  stm32f4xx_hal_gpio.o
    0x0800271e   0x00000002   PAD
    0x08002720   0x0000000c   Code   RO         1721    i.HAL_GetTick       stm32f4xx_hal.o
    0x0800272c   0x00000188   Code   RO         1977    i.HAL_I2C_Init      stm32f4xx_hal_i2c.o
    0x080028b4   0x0000006c   Code   RO          359    i.HAL_I2C_MspInit   i2c.o
    0x08002920   0x000001f4   Code   RO         2600    i.HAL_I2SEx_FullDuplex_IRQHandler  stm32f4xx_hal_i2s_ex.o
    0x08002b14   0x00000002   Code   RO         2604    i.HAL_I2SEx_TxRxCpltCallback  stm32f4xx_hal_i2s_ex.o
    0x08002b16   0x00000002   Code   RO         2425    i.HAL_I2S_ErrorCallback  stm32f4xx_hal_i2s.o
    0x08002b18   0x00000174   Code   RO         2429    i.HAL_I2S_Init      stm32f4xx_hal_i2s.o
    0x08002c8c   0x000000e0   Code   RO          401    i.HAL_I2S_MspInit   i2s.o
    0x08002d6c   0x00000002   Code   RO         2435    i.HAL_I2S_RxCpltCallback  stm32f4xx_hal_i2s.o
    0x08002d6e   0x00000002   Code   RO         2440    i.HAL_I2S_TxCpltCallback  stm32f4xx_hal_i2s.o
    0x08002d70   0x00000010   Code   RO         1727    i.HAL_IncTick       stm32f4xx_hal.o
    0x08002d80   0x00000034   Code   RO         1728    i.HAL_Init          stm32f4xx_hal.o
    0x08002db4   0x00000040   Code   RO         1729    i.HAL_InitTick      stm32f4xx_hal.o
    0x08002df4   0x00000030   Code   RO          626    i.HAL_MspInit       stm32f4xx_hal_msp.o
    0x08002e24   0x0000001a   Code   RO         1563    i.HAL_NVIC_EnableIRQ  stm32f4xx_hal_cortex.o
    0x08002e3e   0x00000002   PAD
    0x08002e40   0x00000040   Code   RO         1569    i.HAL_NVIC_SetPriority  stm32f4xx_hal_cortex.o
    0x08002e80   0x00000024   Code   RO         1570    i.HAL_NVIC_SetPriorityGrouping  stm32f4xx_hal_cortex.o
    0x08002ea4   0x00000060   Code   RO          921    i.HAL_RCCEx_GetPeriphCLKFreq  stm32f4xx_hal_rcc_ex.o
    0x08002f04   0x0000013c   Code   RO          922    i.HAL_RCCEx_PeriphCLKConfig  stm32f4xx_hal_rcc_ex.o
    0x08003040   0x00000134   Code   RO          817    i.HAL_RCC_ClockConfig  stm32f4xx_hal_rcc.o
    0x08003174   0x00000020   Code   RO          824    i.HAL_RCC_GetPCLK1Freq  stm32f4xx_hal_rcc.o
    0x08003194   0x00000020   Code   RO          825    i.HAL_RCC_GetPCLK2Freq  stm32f4xx_hal_rcc.o
    0x080031b4   0x00000064   Code   RO          826    i.HAL_RCC_GetSysClockFreq  stm32f4xx_hal_rcc.o
    0x08003218   0x0000036c   Code   RO          829    i.HAL_RCC_OscConfig  stm32f4xx_hal_rcc.o
    0x08003584   0x000000bc   Code   RO         2695    i.HAL_SPI_Init      stm32f4xx_hal_spi.o
    0x08003640   0x00000090   Code   RO          443    i.HAL_SPI_MspInit   spi.o
    0x080036d0   0x00000028   Code   RO         1574    i.HAL_SYSTICK_Config  stm32f4xx_hal_cortex.o
    0x080036f8   0x00000064   Code   RO         3036    i.HAL_UART_Init     stm32f4xx_hal_uart.o
    0x0800375c   0x0000011c   Code   RO          485    i.HAL_UART_MspInit  usart.o
    0x08003878   0x000000a0   Code   RO         3044    i.HAL_UART_Transmit  stm32f4xx_hal_uart.o
    0x08003918   0x00000002   Code   RO          537    i.HardFault_Handler  stm32f4xx_it.o
    0x0800391a   0x00000002   PAD
    0x0800391c   0x00000060   Code   RO         2607    i.I2SEx_RxISR_I2SExt  stm32f4xx_hal_i2s_ex.o
    0x0800397c   0x00000060   Code   RO         2608    i.I2SEx_TxISR_I2SExt  stm32f4xx_hal_i2s_ex.o
    0x080039dc   0x000000f2   Code   RO         2447    i.I2S_IRQHandler    stm32f4xx_hal_i2s.o
    0x08003ace   0x00000002   PAD
    0x08003ad0   0x00000038   Code   RO          294    i.MX_DCMI_Init      dcmi.o
    0x08003b08   0x0000005c   Code   RO          334    i.MX_DMA_Init       dma.o
    0x08003b64   0x000000a0   Code   RO          268    i.MX_GPIO_Init      gpio.o
    0x08003c04   0x00000040   Code   RO          360    i.MX_I2C1_Init      i2c.o
    0x08003c44   0x00000040   Code   RO          402    i.MX_I2S2_Init      i2s.o
    0x08003c84   0x00000044   Code   RO          444    i.MX_SPI1_Init      spi.o
    0x08003cc8   0x00000038   Code   RO          486    i.MX_USART1_UART_Init  usart.o
    0x08003d00   0x00000038   Code   RO          487    i.MX_USART2_UART_Init  usart.o
    0x08003d38   0x00000002   Code   RO          538    i.MemManage_Handler  stm32f4xx_it.o
    0x08003d3a   0x00000002   Code   RO          539    i.NMI_Handler       stm32f4xx_it.o
    0x08003d3c   0x00000002   Code   RO          540    i.PendSV_Handler    stm32f4xx_it.o
    0x08003d3e   0x00000002   Code   RO          541    i.SVC_Handler       stm32f4xx_it.o
    0x08003d40   0x00000004   Code   RO          542    i.SysTick_Handler   stm32f4xx_it.o
    0x08003d44   0x00000094   Code   RO           14    i.SystemClock_Config  main.o
    0x08003dd8   0x00000010   Code   RO         3370    i.SystemInit        system_stm32f4xx.o
    0x08003de8   0x0000004e   Code   RO         3059    i.UART_EndRxTransfer  stm32f4xx_hal_uart.o
    0x08003e36   0x00000002   PAD
    0x08003e38   0x0000010c   Code   RO         3062    i.UART_SetConfig    stm32f4xx_hal_uart.o
    0x08003f44   0x00000072   Code   RO         3065    i.UART_WaitOnFlagUntilTimeout  stm32f4xx_hal_uart.o
    0x08003fb6   0x00000002   Code   RO          543    i.UsageFault_Handler  stm32f4xx_it.o
    0x08003fb8   0x00000030   Code   RO         5200    i.__ARM_fpclassify  m_wm.l(fpclassify.o)
    0x08003fe8   0x00000020   Code   RO         1576    i.__NVIC_SetPriority  stm32f4xx_hal_cortex.o
    0x08004008   0x00000358   Code   RO         5009    i.__hardfp_acos     m_wm.l(acos.o)
    0x08004360   0x00000358   Code   RO         5035    i.__hardfp_exp      m_wm.l(exp.o)
    0x080046b8   0x00000014   Code   RO         5049    i.__hardfp_fabs     m_wm.l(fabs.o)
    0x080046cc   0x00000004   PAD
    0x080046d0   0x00000118   Code   RO         5055    i.__hardfp_floor    m_wm.l(floor.o)
    0x080047e8   0x000003c4   Code   RO         5061    i.__hardfp_log      m_wm.l(log.o)
    0x08004bac   0x00000004   PAD
    0x08004bb0   0x00000c50   Code   RO         5075    i.__hardfp_pow      m_wm.l(pow.o)
    0x08005800   0x0000007a   Code   RO         5101    i.__hardfp_sqrt     m_wm.l(sqrt.o)
    0x0800587a   0x000000f8   Code   RO         5202    i.__kernel_poly     m_wm.l(poly.o)
    0x08005972   0x00000006   PAD
    0x08005978   0x00000030   Code   RO         5186    i.__mathlib_dbl_divzero  m_wm.l(dunder.o)
    0x080059a8   0x00000014   Code   RO         5187    i.__mathlib_dbl_infnan  m_wm.l(dunder.o)
    0x080059bc   0x00000014   Code   RO         5188    i.__mathlib_dbl_infnan2  m_wm.l(dunder.o)
    0x080059d0   0x00000020   Code   RO         5189    i.__mathlib_dbl_invalid  m_wm.l(dunder.o)
    0x080059f0   0x00000020   Code   RO         5190    i.__mathlib_dbl_overflow  m_wm.l(dunder.o)
    0x08005a10   0x00000020   Code   RO         5192    i.__mathlib_dbl_underflow  m_wm.l(dunder.o)
    0x08005a30   0x0000000e   Code   RO         4941    i._is_digit         c_w.l(__printf_wp.o)
    0x08005a3e   0x00000002   PAD
    0x08005a40   0x00000044   Code   RO         4737    i._speex_fatal      nb_celp.o
    0x08005a84   0x00000050   Code   RO         3949    i._spx_autocorr     lpc.o
    0x08005ad4   0x000000e4   Code   RO         3950    i._spx_lpc          lpc.o
    0x08005bb8   0x0000002c   Code   RO         3660    i.bw_lpc            filters.o
    0x08005be4   0x000000ac   Code   RO         3970    i.cheb_poly_eva     lsp.o
    0x08005c90   0x0000020c   Code   RO           15    i.compare_pcm_frames  main.o
    0x08005e9c   0x0000028c   Code   RO           16    i.complete_speex_test  main.o
    0x08006128   0x00000128   Code   RO         3661    i.compute_impulse_response  filters.o
    0x08006250   0x00000088   Code   RO         4016    i.compute_pitch_error  ltp.o
    0x080062d8   0x000000c0   Code   RO         4267    i.compute_quant_weights  quant_lsp.o
    0x08006398   0x00000060   Code   RO         3662    i.compute_rms       filters.o
    0x080063f8   0x00000004   Code   RO         3663    i.compute_rms16     filters.o
    0x080063fc   0x000000c0   Code   RO         3555    i.compute_weighted_codebook  cb_search.o
    0x080064bc   0x00000018   Code   RO         5051    i.fabs              m_wm.l(fabs.o)
    0x080064d4   0x0000008c   Code   RO         3664    i.filter_mem16      filters.o
    0x08006560   0x0000006c   Code   RO         3665    i.fir_mem16         filters.o
    0x080065cc   0x000000e4   Code   RO         4017    i.forced_pitch_quant  ltp.o
    0x080066b0   0x00000060   Code   RO         4018    i.forced_pitch_unquant  ltp.o
    0x08006710   0x00000018   Code   RO           17    i.fputc             main.o
    0x08006728   0x0000009c   Code   RO         3666    i.highpass          filters.o
    0x080067c4   0x00000070   Code   RO         3667    i.iir_mem16         filters.o
    0x08006834   0x00000054   Code   RO         4019    i.inner_prod        ltp.o
    0x08006888   0x00000138   Code   RO         3668    i.interp_pitch      filters.o
    0x080069c0   0x00000294   Code   RO         3971    i.lpc_to_lsp        lsp.o
    0x08006c54   0x00000114   Code   RO         3972    i.lsp_interpolate   lsp.o
    0x08006d68   0x00000088   Code   RO         4268    i.lsp_quant         quant_lsp.o
    0x08006df0   0x0000017c   Code   RO         4270    i.lsp_quant_lbr     quant_lsp.o
    0x08006f6c   0x000001ec   Code   RO         4271    i.lsp_quant_nb      quant_lsp.o
    0x08007158   0x000001dc   Code   RO         3973    i.lsp_to_lpc        lsp.o
    0x08007334   0x00000144   Code   RO         4273    i.lsp_unquant_lbr   quant_lsp.o
    0x08007478   0x000001e4   Code   RO         4274    i.lsp_unquant_nb    quant_lsp.o
    0x0800765c   0x00000098   Code   RO         4275    i.lsp_weight_quant  quant_lsp.o
    0x080076f4   0x000000a0   Code   RO           18    i.main              main.o
    0x08007794   0x00000354   Code   RO         3669    i.multicomb         filters.o
    0x08007ae8   0x00000c2c   Code   RO         4738    i.nb_decode         nb_celp.o
    0x08008714   0x000001c8   Code   RO         4739    i.nb_decode_lost    nb_celp.o
    0x080088dc   0x0000026c   Code   RO         4740    i.nb_decoder_ctl    nb_celp.o
    0x08008b48   0x00000014   Code   RO         4741    i.nb_decoder_destroy  nb_celp.o
    0x08008b5c   0x000000c0   Code   RO         4742    i.nb_decoder_init   nb_celp.o
    0x08008c1c   0x00001048   Code   RO         4743    i.nb_encode         nb_celp.o
    0x08009c64   0x0000035c   Code   RO         4744    i.nb_encoder_ctl    nb_celp.o
    0x08009fc0   0x0000001c   Code   RO         4745    i.nb_encoder_destroy  nb_celp.o
    0x08009fdc   0x00000114   Code   RO         4746    i.nb_encoder_init   nb_celp.o
    0x0800a0f0   0x00000058   Code   RO         4412    i.nb_mode_query     speex.o
    0x0800a148   0x00000060   Code   RO         3556    i.noise_codebook_quant  cb_search.o
    0x0800a1a8   0x0000006c   Code   RO         3557    i.noise_codebook_unquant  cb_search.o
    0x0800a214   0x000002b0   Code   RO         4020    i.open_loop_nbest_pitch  ltp.o
    0x0800a4c4   0x000004f2   Code   RO         4021    i.pitch_gain_search_3tap  ltp.o
    0x0800a9b6   0x00000002   PAD
    0x0800a9b8   0x000000b8   Code   RO         4022    i.pitch_gain_search_3tap_vq  ltp.o
    0x0800aa70   0x00000220   Code   RO         4023    i.pitch_search_3tap  ltp.o
    0x0800ac90   0x00000268   Code   RO         4024    i.pitch_unquant_3tap  ltp.o
    0x0800aef8   0x0000004c   Code   RO           19    i.print_hex         main.o
    0x0800af44   0x00000064   Code   RO           20    i.print_pcm         main.o
    0x0800afa8   0x00000074   Code   RO         3672    i.residue_percep_zero16  filters.o
    0x0800b01c   0x00000054   Code   RO         3673    i.sanitize_values32  filters.o
    0x0800b070   0x00000020   Code   RO         4707    i.scal_quant        vq.o
    0x0800b090   0x0000002c   Code   RO         3674    i.signal_div        filters.o
    0x0800b0bc   0x00000024   Code   RO         3675    i.signal_mul        filters.o
    0x0800b0e0   0x0000002c   Code   RO         3404    i.speex_bits_advance  bits.o
    0x0800b10c   0x0000000e   Code   RO         3405    i.speex_bits_destroy  bits.o
    0x0800b11a   0x00000028   Code   RO         3406    i.speex_bits_init   bits.o
    0x0800b142   0x00000022   Code   RO         3408    i.speex_bits_insert_terminator  bits.o
    0x0800b164   0x00000104   Code   RO         3410    i.speex_bits_pack   bits.o
    0x0800b268   0x000000e4   Code   RO         3413    i.speex_bits_read_from  bits.o
    0x0800b34c   0x00000018   Code   RO         3415    i.speex_bits_remaining  bits.o
    0x0800b364   0x00000010   Code   RO         3416    i.speex_bits_reset  bits.o
    0x0800b374   0x00000054   Code   RO         3420    i.speex_bits_unpack_unsigned  bits.o
    0x0800b3c8   0x0000003e   Code   RO         3421    i.speex_bits_write  bits.o
    0x0800b406   0x00000002   PAD
    0x0800b408   0x00000064   Code   RO           21    i.speex_codec_cleanup  main.o
    0x0800b46c   0x00000144   Code   RO           22    i.speex_codec_init  main.o
    0x0800b5b0   0x00000064   Code   RO           23    i.speex_decode_frame  main.o
    0x0800b614   0x0000008c   Code   RO         4414    i.speex_decode_int  speex.o
    0x0800b6a0   0x00000006   Code   RO         4416    i.speex_decoder_ctl  speex.o
    0x0800b6a6   0x00000006   Code   RO         4417    i.speex_decoder_destroy  speex.o
    0x0800b6ac   0x00000004   Code   RO         4418    i.speex_decoder_init  speex.o
    0x0800b6b0   0x0000001a   Code   RO         4506    i.speex_default_user_handler  speex_callbacks.o
    0x0800b6ca   0x00000002   PAD
    0x0800b6cc   0x00000050   Code   RO           24    i.speex_encode_frame  main.o
    0x0800b71c   0x0000004c   Code   RO         4420    i.speex_encode_int  speex.o
    0x0800b768   0x00000006   Code   RO         4422    i.speex_encoder_ctl  speex.o
    0x0800b76e   0x00000006   Code   RO         4423    i.speex_encoder_destroy  speex.o
    0x0800b774   0x00000004   Code   RO         4424    i.speex_encoder_init  speex.o
    0x0800b778   0x0000005c   Code   RO         4507    i.speex_inband_handler  speex_callbacks.o
    0x0800b7d4   0x00000024   Code   RO         3423    i.speex_notify      bits.o
    0x0800b7f8   0x00000024   Code   RO         4747    i.speex_notify      nb_celp.o
    0x0800b81c   0x00000070   Code   RO         4748    i.speex_rand        nb_celp.o
    0x0800b88c   0x00000020   Code   RO         3424    i.speex_warning     bits.o
    0x0800b8ac   0x00000020   Code   RO         4426    i.speex_warning_int  speex.o
    0x0800b8cc   0x00000020   Code   RO         4749    i.speex_warning_int  nb_celp.o
    0x0800b8ec   0x00000664   Code   RO         3558    i.split_cb_search_shape_sign  cb_search.o
    0x0800bf50   0x000002c8   Code   RO         3559    i.split_cb_search_shape_sign_N1  cb_search.o
    0x0800c218   0x000000f4   Code   RO         3560    i.split_cb_shape_sign_unquant  cb_search.o
    0x0800c30c   0x0000006e   Code   RO         5103    i.sqrt              m_wm.l(sqrt.o)
    0x0800c37a   0x00000002   PAD
    0x0800c37c   0x00000078   Code   RO         3676    i.syn_percep_zero16  filters.o
    0x0800c3f4   0x00000028   Code   RO         3561    i.target_update     cb_search.o
    0x0800c41c   0x0000089c   Code   RO         4669    i.vbr_analysis      vbr.o
    0x0800ccb8   0x00000002   Code   RO         4670    i.vbr_destroy       vbr.o
    0x0800ccba   0x00000002   PAD
    0x0800ccbc   0x000000c0   Code   RO         4671    i.vbr_init          vbr.o
    0x0800cd7c   0x000000b0   Code   RO         4709    i.vq_nbest          vq.o
    0x0800ce2c   0x000000dc   Code   RO         4710    i.vq_nbest_sign     vq.o
    0x0800cf08   0x0000002c   Code   RO         5308    locale$$code        c_w.l(lc_numeric_c.o)
    0x0800cf34   0x00000018   Code   RO         4975    x$fpl$basic         fz_wm.l(basic.o)
    0x0800cf4c   0x00000062   Code   RO         4977    x$fpl$d2f           fz_wm.l(d2f.o)
    0x0800cfae   0x00000002   PAD
    0x0800cfb0   0x00000150   Code   RO         4979    x$fpl$dadd          fz_wm.l(daddsub_clz.o)
    0x0800d100   0x00000010   Code   RO         5384    x$fpl$dcheck1       fz_wm.l(dcheck1.o)
    0x0800d110   0x00000018   Code   RO         5166    x$fpl$dcmpinf       fz_wm.l(dcmpi.o)
    0x0800d128   0x000002b0   Code   RO         4986    x$fpl$ddiv          fz_wm.l(ddiv.o)
    0x0800d3d8   0x00000078   Code   RO         5168    x$fpl$deqf          fz_wm.l(deqf.o)
    0x0800d450   0x0000005e   Code   RO         4989    x$fpl$dfix          fz_wm.l(dfix.o)
    0x0800d4ae   0x0000002e   Code   RO         4994    x$fpl$dflt          fz_wm.l(dflt_clz.o)
    0x0800d4dc   0x00000078   Code   RO         4999    x$fpl$dleqf         fz_wm.l(dleqf.o)
    0x0800d554   0x00000154   Code   RO         5001    x$fpl$dmul          fz_wm.l(dmul.o)
    0x0800d6a8   0x0000009c   Code   RO         5170    x$fpl$dnaninf       fz_wm.l(dnaninf.o)
    0x0800d744   0x0000000c   Code   RO         5172    x$fpl$dretinf       fz_wm.l(dretinf.o)
    0x0800d750   0x0000006c   Code   RO         5003    x$fpl$drleqf        fz_wm.l(drleqf.o)
    0x0800d7bc   0x00000016   Code   RO         4980    x$fpl$drsb          fz_wm.l(daddsub_clz.o)
    0x0800d7d2   0x00000002   PAD
    0x0800d7d4   0x00000198   Code   RO         5174    x$fpl$dsqrt         fz_wm.l(dsqrt_umaal.o)
    0x0800d96c   0x000001d4   Code   RO         4981    x$fpl$dsub          fz_wm.l(daddsub_clz.o)
    0x0800db40   0x00000056   Code   RO         5005    x$fpl$f2d           fz_wm.l(f2d.o)
    0x0800db96   0x0000008c   Code   RO         5176    x$fpl$fnaninf       fz_wm.l(fnaninf.o)
    0x0800dc22   0x0000000a   Code   RO         5431    x$fpl$fpinit        fz_wm.l(fpinit.o)
    0x0800dc2c   0x0000000a   Code   RO         5178    x$fpl$fretinf       fz_wm.l(fretinf.o)
    0x0800dc36   0x00000004   Code   RO         5007    x$fpl$printf1       fz_wm.l(printf1.o)
    0x0800dc3a   0x00000064   Code   RO         5433    x$fpl$retnan        fz_wm.l(retnan.o)
    0x0800dc9e   0x0000005c   Code   RO         5180    x$fpl$scalbn        fz_wm.l(scalbn.o)
    0x0800dcfa   0x00000030   Code   RO         5455    x$fpl$trapveneer    fz_wm.l(trapv.o)
    0x0800dd2a   0x00000000   Code   RO         5182    x$fpl$usenofp       fz_wm.l(usenofp.o)
    0x0800dd2a   0x00000008   Data   RO         1290    .constdata          stm32f4xx_hal_dma.o
    0x0800dd32   0x00000010   Data   RO         3371    .constdata          system_stm32f4xx.o
    0x0800dd42   0x00000008   Data   RO         3372    .constdata          system_stm32f4xx.o
    0x0800dd4a   0x00000140   Data   RO         3618    .constdata          exc_5_64_table.o
    0x0800de8a   0x00000500   Data   RO         3625    .constdata          exc_5_256_table.o
    0x0800e38a   0x00000400   Data   RO         3632    .constdata          exc_8_128_table.o
    0x0800e78a   0x000000a0   Data   RO         3639    .constdata          exc_10_16_table.o
    0x0800e82a   0x00000140   Data   RO         3646    .constdata          exc_10_32_table.o
    0x0800e96a   0x00000280   Data   RO         3653    .constdata          exc_20_32_table.o
    0x0800ebea   0x00000002   PAD
    0x0800ebec   0x000000cc   Data   RO         3677    .constdata          filters.o
    0x0800ecb8   0x00000200   Data   RO         3783    .constdata          gain_table.o
    0x0800eeb8   0x00000080   Data   RO         3790    .constdata          gain_table_lbr.o
    0x0800ef38   0x00000280   Data   RO         4005    .constdata          lsp_tables_nb.o
    0x0800f1b8   0x00000140   Data   RO         4006    .constdata          lsp_tables_nb.o
    0x0800f2f8   0x00000140   Data   RO         4007    .constdata          lsp_tables_nb.o
    0x0800f438   0x00000140   Data   RO         4008    .constdata          lsp_tables_nb.o
    0x0800f578   0x00000140   Data   RO         4009    .constdata          lsp_tables_nb.o
    0x0800f6b8   0x0000000c   Data   RO         4074    .constdata          modes.o
    0x0800f6c4   0x0000000c   Data   RO         4075    .constdata          modes.o
    0x0800f6d0   0x0000000c   Data   RO         4076    .constdata          modes.o
    0x0800f6dc   0x0000000c   Data   RO         4077    .constdata          modes.o
    0x0800f6e8   0x00000014   Data   RO         4078    .constdata          modes.o
    0x0800f6fc   0x00000014   Data   RO         4079    .constdata          modes.o
    0x0800f710   0x00000014   Data   RO         4080    .constdata          modes.o
    0x0800f724   0x00000014   Data   RO         4081    .constdata          modes.o
    0x0800f738   0x00000014   Data   RO         4082    .constdata          modes.o
    0x0800f74c   0x00000014   Data   RO         4083    .constdata          modes.o
    0x0800f760   0x00000038   Data   RO         4084    .constdata          modes.o
    0x0800f798   0x00000038   Data   RO         4085    .constdata          modes.o
    0x0800f7d0   0x00000038   Data   RO         4086    .constdata          modes.o
    0x0800f808   0x00000038   Data   RO         4087    .constdata          modes.o
    0x0800f840   0x00000038   Data   RO         4088    .constdata          modes.o
    0x0800f878   0x00000038   Data   RO         4089    .constdata          modes.o
    0x0800f8b0   0x00000038   Data   RO         4090    .constdata          modes.o
    0x0800f8e8   0x00000038   Data   RO         4091    .constdata          modes.o
    0x0800f920   0x00000090   Data   RO         4092    .constdata          modes.o
    0x0800f9b0   0x00000034   Data   RO         4093    .constdata          modes.o
    0x0800f9e4   0x000001c8   Data   RO         4194    .constdata          sb_celp.o
    0x0800fbac   0x0000018c   Data   RO         4672    .constdata          vbr.o
    0x0800fd38   0x00000090   Data   RO         4750    .constdata          nb_celp.o
    0x0800fdc8   0x00000028   Data   RO         4914    .constdata          c_w.l(_printf_hex_int.o)
    0x0800fdf0   0x00000011   Data   RO         4944    .constdata          c_w.l(__printf_flags_wp.o)
    0x0800fe01   0x00000007   PAD
    0x0800fe08   0x00000050   Data   RO         5012    .constdata          m_wm.l(acos.o)
    0x0800fe58   0x00000058   Data   RO         5038    .constdata          m_wm.l(exp.o)
    0x0800feb0   0x00000038   Data   RO         5064    .constdata          m_wm.l(log.o)
    0x0800fee8   0x00000088   Data   RO         5078    .constdata          m_wm.l(pow.o)
    0x0800ff70   0x00000008   Data   RO         5204    .constdata          m_wm.l(qnan.o)
    0x0800ff78   0x00000004   Data   RO         5217    .constdata          c_w.l(sys_io.o)
    0x0800ff7c   0x00000004   Data   RO         5218    .constdata          c_w.l(sys_io.o)
    0x0800ff80   0x00000004   Data   RO         5219    .constdata          c_w.l(sys_io.o)
    0x0800ff84   0x00000094   Data   RO         5268    .constdata          c_w.l(bigflt0.o)
    0x08010018   0x0000000b   Data   RO         4094    .conststring        modes.o
    0x08010023   0x00000001   PAD
    0x08010024   0x00000020   Data   RO         5483    Region$$Table       anon$$obj.o
    0x08010044   0x0000001c   Data   RO         5307    locale$$data        c_w.l(lc_numeric_c.o)


    Execution Region RW_IRAM1 (Base: 0x20000000, Size: 0x00014d58, Max: 0x0001c000, ABSOLUTE)

    Base Addr    Size         Type   Attr      Idx    E Section Name        Object

    0x20000000   0x000000b0   Data   RW           26    .data               main.o
    0x200000b0   0x0000000c   Data   RW         1735    .data               stm32f4xx_hal.o
    0x200000bc   0x00000004   Data   RW         3373    .data               system_stm32f4xx.o
    0x200000c0   0x00000004   Data   RW         4960    .data               c_w.l(stdio_streams.o)
    0x200000c4   0x00000004   Data   RW         4961    .data               c_w.l(stdio_streams.o)
    0x200000c8   0x00000004   Data   RW         4962    .data               c_w.l(stdio_streams.o)
    0x200000cc   0x00000048   Zero   RW           25    .bss                main.o
    0x20000114   0x00000040   Zero   RW          295    .bss                dcmi.o
    0x20000154   0x00000054   Zero   RW          361    .bss                i2c.o
    0x200001a8   0x000000a8   Zero   RW          403    .bss                i2s.o
    0x20000250   0x00000058   Zero   RW          445    .bss                spi.o
    0x200002a8   0x00000150   Zero   RW          488    .bss                usart.o
    0x200003f8   0x00000054   Zero   RW         4957    .bss                c_w.l(stdio_streams.o)
    0x2000044c   0x00000054   Zero   RW         4958    .bss                c_w.l(stdio_streams.o)
    0x200004a0   0x00000054   Zero   RW         4959    .bss                c_w.l(stdio_streams.o)
    0x200004f4   0x00000060   Zero   RW         5222    .bss                c_w.l(libspace.o)
    0x20000554   0x00000004   PAD
    0x20000558   0x00014000   Zero   RW            2    HEAP                startup_stm32f407xx.o
    0x20014558   0x00000800   Zero   RW            1    STACK               startup_stm32f407xx.o


    Execution Region RW_IRAM2 (Base: 0x2001c000, Size: 0x00000000, Max: 0x00004000, ABSOLUTE)

    **** No section assigned to this execution region ****


==============================================================================

Image component sizes


      Code (inc. data)   RO Data    RW Data    ZI Data      Debug   Object Name

       874        304          0          0          0      13656   bits.o
      3028         60          0          0          0      19419   cb_search.o
       280         34          0          0         64       1806   dcmi.o
        92          4          0          0          0        814   dma.o
         0          0        160          0          0        406   exc_10_16_table.o
         0          0        320          0          0        406   exc_10_32_table.o
         0          0        640          0          0        406   exc_20_32_table.o
         0          0       1280          0          0        406   exc_5_256_table.o
         0          0        320          0          0        405   exc_5_64_table.o
         0          0       1024          0          0        406   exc_8_128_table.o
      2520        112        204          0          0      15487   filters.o
         0          0        512          0          0        391   gain_table.o
         0          0        128          0          0        404   gain_table_lbr.o
       160         14          0          0          0        987   gpio.o
       172         28          0          0         84       1645   i2c.o
       288         34          0          0        168       1842   i2s.o
       308         14          0          0          0       2239   lpc.o
      1584         88          0          0          0       7168   lsp.o
         0          0       1920          0          0        604   lsp_tables_nb.o
      3842        140          0          0          0      15870   ltp.o
      2292       1200          0        176         72     697823   main.o
         0          0        823          0          0       7760   modes.o
         0          0          0          0          0       1260   modes_wb.o
      9984        920        144          0          0      31630   nb_celp.o
      2160        204          0          0          0       7477   quant_lsp.o
         0          0        456          0          0       7296   sb_celp.o
       368         66          0          0          0       6494   speex.o
       118          0          0          0          0       1968   speex_callbacks.o
       212         24          0          0         88       1709   spi.o
        64         26        392          0      83968        836   startup_stm32f407xx.o
       144         24          0         12          0       8725   stm32f4xx_hal.o
       198         14          0          0          0      33783   stm32f4xx_hal_cortex.o
       128          0          0          0          0       1100   stm32f4xx_hal_dcmi_ex.o
       752         16          8          0          0       4040   stm32f4xx_hal_dma.o
       506         46          0          0          0       2168   stm32f4xx_hal_gpio.o
       392         16          0          0          0       3211   stm32f4xx_hal_i2c.o
       620         18          0          0          0       4149   stm32f4xx_hal_i2s.o
       694         24          0          0          0       3711   stm32f4xx_hal_i2s_ex.o
        48          6          0          0          0        846   stm32f4xx_hal_msp.o
      1348         76          0          0          0       5212   stm32f4xx_hal_rcc.o
       412         38          0          0          0       2257   stm32f4xx_hal_rcc_ex.o
       188          0          0          0          0       1203   stm32f4xx_hal_spi.o
       720         10          0          0          0       4808   stm32f4xx_hal_uart.o
        56         18          0          0          0       5528   stm32f4xx_it.o
        16          4         24          4          0       1103   system_stm32f4xx.o
       396         40          0          0        336       2577   usart.o
      2398        248        396          0          0       4661   vbr.o
       428         10          0          0          0       3600   vq.o

    ----------------------------------------------------------------------
     37810       3880       8786        192      84780     941702   Object Totals
         0          0         32          0          0          0   (incl. Generated)
        20          0          3          0          0          0   (incl. Padding)

    ----------------------------------------------------------------------

      Code (inc. data)   RO Data    RW Data    ZI Data      Debug   Library Member Name

         8          0          0          0          0         68   __main.o
       312          4         17          0          0         92   __printf_flags_wp.o
        14          0          0          0          0         68   __printf_wp.o
         0          0          0          0          0          0   __rtentry.o
        12          0          0          0          0          0   __rtentry2.o
         6          0          0          0          0          0   __rtentry4.o
        52          8          0          0          0          0   __scatter.o
        26          0          0          0          0          0   __scatter_copy.o
        28          0          0          0          0          0   __scatter_zi.o
        44          0          0          0          0        108   _printf_char.o
        48          6          0          0          0         96   _printf_char_common.o
        36          4          0          0          0         80   _printf_char_file.o
         6          0          0          0          0          0   _printf_d.o
       120         16          0          0          0         92   _printf_dec.o
         6          0          0          0          0          0   _printf_f.o
      1054          0          0          0          0        216   _printf_fp_dec.o
       128         16          0          0          0         84   _printf_fp_infnan.o
        88          4         40          0          0         88   _printf_hex_int.o
       178          0          0          0          0         88   _printf_intcommon.o
        78          0          0          0          0        108   _printf_pad.o
         0          0          0          0          0          0   _printf_percent.o
         4          0          0          0          0          0   _printf_percent_end.o
         6          0          0          0          0          0   _printf_s.o
        82          0          0          0          0         80   _printf_str.o
         6          0          0          0          0          0   _printf_x.o
        22          0          0          0          0        100   _rserrno.o
       228          4        148          0          0         96   bigflt0.o
      1936        128          0          0          0        672   btod.o
        40          0          0          0          0         80   calloc.o
        10          0          0          0          0         68   defsig_exit.o
        50          0          0          0          0         88   defsig_general.o
        80         58          0          0          0         76   defsig_rtmem_inner.o
        14          0          0          0          0         80   defsig_rtmem_outer.o
        52         38          0          0          0         76   defsig_rtred_inner.o
        14          0          0          0          0         80   defsig_rtred_outer.o
        18          0          0          0          0         80   exit.o
        76          0          0          0          0         88   fclose.o
         8          0          0          0          0         68   ferror.o
       236          4          0          0          0        128   fopen.o
       248          6          0          0          0         84   fseek.o
        66          0          0          0          0         76   ftell.o
        94          0          0          0          0         80   h1_alloc.o
        52          0          0          0          0         68   h1_extend.o
        78          0          0          0          0         80   h1_free.o
        14          0          0          0          0         84   h1_init.o
       184          0          0          0          0         92   h1_realloc.o
         6          0          0          0          0        152   heapauxi.o
         4          0          0          0          0        136   hguard.o
         0          0          0          0          0          0   indicate_semi.o
       138          0          0          0          0        168   init_alloc.o
       312         46          0          0          0        112   initio.o
        44         10         28          0          0         76   lc_numeric_c.o
         2          0          0          0          0          0   libinit.o
        34          0          0          0          0          0   libinit2.o
         2          0          0          0          0          0   libshutdown.o
         6          0          0          0          0          0   libshutdown2.o
         8          4          0          0         96         68   libspace.o
       138          0          0          0          0         80   lludiv10.o
       238          0          0          0          0        100   lludivv7m.o
         0          0          0          0          0          0   maybetermalloc1.o
        20          0          0          0          0         84   noretval__2fprintf.o
        24          4          0          0          0         84   noretval__2printf.o
         8          4          0          0          0         68   rt_errno_addr_intlibspace.o
         8          4          0          0          0         68   rt_heap_descriptor_intlibspace.o
         8          4          0          0          0         68   rt_locale_intlibspace.o
        68          0          0          0          0         68   rt_memclr.o
        78          0          0          0          0         80   rt_memclr_w.o
       100          0          0          0          0         80   rt_memcpy_w.o
       122          0          0          0          0         80   rt_memmove_w.o
         2          0          0          0          0          0   rtexit.o
        10          0          0          0          0          0   rtexit2.o
        70          0          0          0          0         80   setvbuf.o
       240          6          0          0          0        156   stdio.o
         0          0          0         12        252          0   stdio_streams.o
       128          0          0          0          0         68   strcmpv7m.o
        62          0          0          0          0         76   strlen.o
        12          4          0          0          0         68   sys_exit.o
       102          0         12          0          0        240   sys_io.o
        74          0          0          0          0         80   sys_stackheap_outer.o
        14          0          0          0          0         76   sys_wrch.o
         2          0          0          0          0         68   use_no_semi.o
        24          0          0          0          0        164   basic.o
        98          4          0          0          0        140   d2f.o
       826         16          0          0          0        492   daddsub_clz.o
        16          4          0          0          0        116   dcheck1.o
        24          0          0          0          0        116   dcmpi.o
       688        140          0          0          0        256   ddiv.o
       120          4          0          0          0        140   deqf.o
        94          4          0          0          0        140   dfix.o
        46          0          0          0          0        116   dflt_clz.o
       120          4          0          0          0        140   dleqf.o
       340         12          0          0          0        152   dmul.o
       156          4          0          0          0        140   dnaninf.o
        12          0          0          0          0        116   dretinf.o
       108          0          0          0          0        128   drleqf.o
       408         56          0          0          0        168   dsqrt_umaal.o
        86          4          0          0          0        132   f2d.o
       140          4          0          0          0        132   fnaninf.o
        10          0          0          0          0        116   fpinit.o
        10          0          0          0          0        116   fretinf.o
         4          0          0          0          0        116   printf1.o
       100          0          0          0          0        116   retnan.o
        92          0          0          0          0        116   scalbn.o
        48          0          0          0          0        116   trapv.o
         0          0          0          0          0          0   usenofp.o
       856        118         80          0          0        288   acos.o
       184         44          0          0          0        744   dunder.o
       856        142         88          0          0        288   exp.o
        44          0          0          0          0        248   fabs.o
       280         28          0          0          0        156   floor.o
        48          0          0          0          0        124   fpclassify.o
       964         92         56          0          0        316   log.o
       248          0          0          0          0        152   poly.o
      3152        296        136          0          0        352   pow.o
         0          0          8          0          0          0   qnan.o
       232          0          0          0          0        296   sqrt.o

    ----------------------------------------------------------------------
     18416       1362        620         12        352      12544   Library Totals
        36          4          7          0          4          0   (incl. Padding)

    ----------------------------------------------------------------------

      Code (inc. data)   RO Data    RW Data    ZI Data      Debug   Library Name

      7946        382        245         12        348       6096   c_w.l
      3570        256          0          0          0       3484   fz_wm.l
      6864        720        368          0          0       2964   m_wm.l

    ----------------------------------------------------------------------
     18416       1362        620         12        352      12544   Library Totals

    ----------------------------------------------------------------------

==============================================================================


      Code (inc. data)   RO Data    RW Data    ZI Data      Debug   

     56226       5242       9406        204      85132     931666   Grand Totals
     56226       5242       9406        204      85132     931666   ELF Image Totals
     56226       5242       9406        204          0          0   ROM Totals

==============================================================================

    Total RO  Size (Code + RO Data)                65632 (  64.09kB)
    Total RW  Size (RW Data + ZI Data)             85336 (  83.34kB)
    Total ROM Size (Code + RO Data + RW Data)      65836 (  64.29kB)

==============================================================================

