<html>
<body>
<pre>
<h1>�Vision Build Log</h1>
<h2>Tool Versions:</h2>
IDE-Version: ��Vision V5.14.1
Copyright (C) 2015 ARM Ltd and ARM Germany GmbH. All rights reserved.
License Information: Cortex-M4, AAA, LIC=PE7DL-0J9UD-RA5DM-X8KTU-8XHRL-34UC2
 
Tool Versions:
Toolchain:       MDK-ARM Standard  Version: 5.40.0.3
Toolchain Path:  D:\software\keil_\ARM\ARMCC\Bin
C Compiler:      Armcc.exe V5.06 update 5 (build 528)
Assembler:       Armasm.exe V5.06 update 5 (build 528)
Linker/Locator:  ArmLink.exe V5.06 update 5 (build 528)
Library Manager: ArmAr.exe V5.06 update 5 (build 528)
Hex Converter:   FromElf.exe V5.06 update 5 (build 528)
CPU DLL:         SARMCM3.DLL V5.40.0.3
Dialog DLL:      DCM.DLL V1.17.5.0
Target DLL:      STLink\ST-LINKIII-KEIL_SWO.dll V3.3.0.0
Dialog DLL:      TCM.DLL V1.56.4.0
 
<h2>Project:</h2>
E:\gitclone\guyue\speex-11.11\MDK-ARM\INMP441.uvprojx
Project File Date:  11/13/2025

<h2>Output:</h2>
*** Using Compiler 'V5.06 update 5 (build 528)', folder: 'D:\software\keil_\ARM\ARMCC\Bin'
Build target 'INMP441'
compiling main.c...
../Core/Src/main.c(106): warning:  #870-D: invalid multibyte character sequence
          printf("�? 编码器初始化失败\n");
../Core/Src/main.c(120): warning:  #870-D: invalid multibyte character sequence
          printf("�? 解码器初始化失败\n");
../Core/Src/main.c(131): warning:  #870-D: invalid multibyte character sequence
      printf("�? Speex编解码器初始化成�? (质量%d)\n", QUALITY);
../Core/Src/main.c(131): warning:  #870-D: invalid multibyte character sequence
      printf("�? Speex编解码器初始化成�? (质量%d)\n", QUALITY);
../Core/Src/main.c(136): warning:  #870-D: invalid multibyte character sequence
      printf("配置: 帧大�?=%d样本, 采样�?=%dHz\n", frame_size, SAMPLE_RATE);
../Core/Src/main.c(136): warning:  #870-D: invalid multibyte character sequence
      printf("配置: 帧大�?=%d样本, 采样�?=%dHz\n", frame_size, SAMPLE_RATE);
../Core/Src/main.c(156): warning:  #870-D: invalid multibyte character sequence
          printf("�? 编码失败\n");
../Core/Src/main.c(178): warning:  #870-D: invalid multibyte character sequence
          printf("�? 解码失败，错误码: %d\n", ret);
../Core/Src/main.c(214): warning:  #870-D: invalid multibyte character sequence
      printf("不同样本�?: %d/%d (%.1f%%)\n", 
../Core/Src/main.c(216): warning:  #870-D: invalid multibyte character sequence
      printf("最大差�?: %d\n", max_diff);
../Core/Src/main.c(218): warning:  #870-D: invalid multibyte character sequence
      printf("压缩�?: %.2f:1 (原始:%d字节 -> 编码�?:�?%d字节)\n", 
../Core/Src/main.c(218): warning:  #870-D: invalid multibyte character sequence
      printf("压缩�?: %.2f:1 (原始:%d字节 -> 编码�?:�?%d字节)\n", 
../Core/Src/main.c(218): warning:  #870-D: invalid multibyte character sequence
      printf("压缩�?: %.2f:1 (原始:%d字节 -> 编码�?:�?%d字节)\n", 
../Core/Src/main.c(237): warning:  #870-D: invalid multibyte character sequence
      printf("�? Speex编解码器资源已清理\n");
../Core/Src/main.c(250): warning:  #870-D: invalid multibyte character sequence
      printf("\n1. 初始化编解码�?...\n");
../Core/Src/main.c(261): warning:  #870-D: invalid multibyte character sequence
      printf("\n3. 开始编�?...\n");
../Core/Src/main.c(271): warning:  #870-D: invalid multibyte character sequence
      printf("�? 编码成功\n");
../Core/Src/main.c(275): warning:  #870-D: invalid multibyte character sequence
      printf("\n4. 开始解�?...\n");
../Core/Src/main.c(283): warning:  #870-D: invalid multibyte character sequence
      printf("�? 解码成功\n");
../Core/Src/main.c(368): warning:  #870-D: invalid multibyte character sequence
    printf("采样�?: %d Hz, 帧大�?: %d 样本, 质量: %d\n\n", 
../Core/Src/main.c(368): warning:  #870-D: invalid multibyte character sequence
    printf("采样�?: %d Hz, 帧大�?: %d 样本, 质量: %d\n\n", 
../Core/Src/main.c(54): warning:  #550-D: variable "g_initialized"  was set but never used
  static int g_initialized = 0;
../Core/Src/main.c: 22 warnings, 0 errors
linking...
Program Size: Code=56226 RO-data=9406 RW-data=204 ZI-data=85132  
FromELF: creating hex file...
"INMP441\INMP441.axf" - 0 Error(s), 22 Warning(s).

<h2>Software Packages used:</h2>

Package Vendor: ARM
                https://www.keil.com/pack/ARM.CMSIS.6.1.0.pack
                ARM::CMSIS:CORE:6.1.0
                CMSIS (Common Microcontroller Software Interface Standard)
   * Component: CORE Version: 6.1.0

<h2>Collection of Component include folders:</h2>
  E:\gitclone\guyue\speex-11.11\MDK-ARM\RTE
  D:\software\keil_\ARM\CMSIS\6.1.0\CMSIS\Core\Include
  D:\software\keil_\Keil\STM32F4xx_DFP\2.17.1\Drivers\CMSIS\Device\ST\STM32F4xx\Include

<h2>Collection of Component Files used:</h2>

   * Component: ARM::CMSIS:CORE:6.1.0
      Include file:  CMSIS\Core\Include\tz_context.h
      Source file:   CMSIS\Core\Template\ARMv8-M\main_s.c
      Source file:   CMSIS\Core\Template\ARMv8-M\tz_context.c
</pre>
</body>
</html>
