Component: ARM Compiler 5.06 update 5 (build 528) Tool: armlink [4d35e2]

==============================================================================

Section Cross References

    startup_stm32g431xx.o(STACK) refers (Special) to heapauxi.o(.text) for __use_two_region_memory
    startup_stm32g431xx.o(HEAP) refers (Special) to heapauxi.o(.text) for __use_two_region_memory
    startup_stm32g431xx.o(RESET) refers (Special) to heapauxi.o(.text) for __use_two_region_memory
    startup_stm32g431xx.o(RESET) refers to startup_stm32g431xx.o(STACK) for __initial_sp
    startup_stm32g431xx.o(RESET) refers to startup_stm32g431xx.o(.text) for Reset_Handler
    startup_stm32g431xx.o(RESET) refers to stm32g4xx_it.o(i.NMI_Handler) for NMI_Handler
    startup_stm32g431xx.o(RESET) refers to stm32g4xx_it.o(i.HardFault_Handler) for HardFault_Handler
    startup_stm32g431xx.o(RESET) refers to stm32g4xx_it.o(i.MemManage_Handler) for MemManage_Handler
    startup_stm32g431xx.o(RESET) refers to stm32g4xx_it.o(i.BusFault_Handler) for BusFault_Handler
    startup_stm32g431xx.o(RESET) refers to stm32g4xx_it.o(i.UsageFault_Handler) for UsageFault_Handler
    startup_stm32g431xx.o(RESET) refers to stm32g4xx_it.o(i.SVC_Handler) for SVC_Handler
    startup_stm32g431xx.o(RESET) refers to stm32g4xx_it.o(i.DebugMon_Handler) for DebugMon_Handler
    startup_stm32g431xx.o(RESET) refers to stm32g4xx_it.o(i.PendSV_Handler) for PendSV_Handler
    startup_stm32g431xx.o(RESET) refers to stm32g4xx_it.o(i.SysTick_Handler) for SysTick_Handler
    startup_stm32g431xx.o(RESET) refers to stm32g4xx_it.o(i.TIM1_UP_TIM16_IRQHandler) for TIM1_UP_TIM16_IRQHandler
    startup_stm32g431xx.o(RESET) refers to stm32g4xx_it.o(i.TIM1_TRG_COM_TIM17_IRQHandler) for TIM1_TRG_COM_TIM17_IRQHandler
    startup_stm32g431xx.o(RESET) refers to stm32g4xx_it.o(i.USART1_IRQHandler) for USART1_IRQHandler
    startup_stm32g431xx.o(.text) refers (Special) to heapauxi.o(.text) for __use_two_region_memory
    startup_stm32g431xx.o(.text) refers to system_stm32g4xx.o(i.SystemInit) for SystemInit
    startup_stm32g431xx.o(.text) refers to __main.o(!!!main) for __main
    startup_stm32g431xx.o(.text) refers to startup_stm32g431xx.o(HEAP) for Heap_Mem
    startup_stm32g431xx.o(.text) refers to startup_stm32g431xx.o(STACK) for Stack_Mem
    main.o(i.SystemClock_Config) refers to rt_memclr_w.o(.text) for __aeabi_memclr4
    main.o(i.SystemClock_Config) refers to stm32g4xx_hal_pwr_ex.o(i.HAL_PWREx_ControlVoltageScaling) for HAL_PWREx_ControlVoltageScaling
    main.o(i.SystemClock_Config) refers to stm32g4xx_hal_rcc.o(i.HAL_RCC_OscConfig) for HAL_RCC_OscConfig
    main.o(i.SystemClock_Config) refers to stm32g4xx_hal_rcc.o(i.HAL_RCC_ClockConfig) for HAL_RCC_ClockConfig
    main.o(i.main) refers to stm32g4xx_hal.o(i.HAL_Init) for HAL_Init
    main.o(i.main) refers to main.o(i.SystemClock_Config) for SystemClock_Config
    main.o(i.main) refers to gpio.o(i.MX_GPIO_Init) for MX_GPIO_Init
    main.o(i.main) refers to adc.o(i.MX_ADC2_Init) for MX_ADC2_Init
    main.o(i.main) refers to usart.o(i.MX_USART1_UART_Init) for MX_USART1_UART_Init
    main.o(i.main) refers to tim.o(i.MX_TIM1_Init) for MX_TIM1_Init
    main.o(i.main) refers to stm32g4xx_hal_adc.o(i.HAL_ADC_Start) for HAL_ADC_Start
    main.o(i.main) refers to stm32g4xx_hal_tim.o(i.HAL_TIM_Base_Init) for HAL_TIM_Base_Init
    main.o(i.main) refers to stm32g4xx_hal_tim.o(i.HAL_TIM_Base_Start_IT) for HAL_TIM_Base_Start_IT
    main.o(i.main) refers to stm32g4xx_hal_uart.o(i.HAL_UART_Receive_IT) for HAL_UART_Receive_IT
    main.o(i.main) refers to lcd.o(i.LCD_Init) for LCD_Init
    main.o(i.main) refers to lcd.o(i.LCD_SetBackColor) for LCD_SetBackColor
    main.o(i.main) refers to lcd.o(i.LCD_SetTextColor) for LCD_SetTextColor
    main.o(i.main) refers to lcd.o(i.LCD_Clear) for LCD_Clear
    main.o(i.main) refers to fun.o(i.get_value) for get_value
    main.o(i.main) refers to fun.o(i.lcd_show) for lcd_show
    main.o(i.main) refers to fun.o(i.key_scan) for key_scan
    main.o(i.main) refers to fun.o(i.led_show) for led_show
    main.o(i.main) refers to fun.o(i.s_fun) for s_fun
    main.o(i.main) refers to adc.o(.bss) for hadc2
    main.o(i.main) refers to tim.o(.bss) for htim1
    main.o(i.main) refers to usart.o(.bss) for huart1
    main.o(i.main) refers to main.o(.bss) for .bss
    gpio.o(i.MX_GPIO_Init) refers to rt_memclr_w.o(.text) for __aeabi_memclr4
    gpio.o(i.MX_GPIO_Init) refers to stm32g4xx_hal_gpio.o(i.HAL_GPIO_WritePin) for HAL_GPIO_WritePin
    gpio.o(i.MX_GPIO_Init) refers to stm32g4xx_hal_gpio.o(i.HAL_GPIO_Init) for HAL_GPIO_Init
    adc.o(i.HAL_ADC_MspDeInit) refers to stm32g4xx_hal_gpio.o(i.HAL_GPIO_DeInit) for HAL_GPIO_DeInit
    adc.o(i.HAL_ADC_MspInit) refers to rt_memclr_w.o(.text) for __aeabi_memclr4
    adc.o(i.HAL_ADC_MspInit) refers to stm32g4xx_hal_rcc_ex.o(i.HAL_RCCEx_PeriphCLKConfig) for HAL_RCCEx_PeriphCLKConfig
    adc.o(i.HAL_ADC_MspInit) refers to main.o(i.Error_Handler) for Error_Handler
[...]
    i.HAL_PWREx_DisableUSBDeadBatteryPD      0x08002130   Section        0  stm32g4xx_hal_pwr_ex.o(i.HAL_PWREx_DisableUSBDeadBatteryPD)
    i.HAL_RCCEx_PeriphCLKConfig              0x08002140   Section        0  stm32g4xx_hal_rcc_ex.o(i.HAL_RCCEx_PeriphCLKConfig)
    i.HAL_RCC_ClockConfig                    0x080023c8   Section        0  stm32g4xx_hal_rcc.o(i.HAL_RCC_ClockConfig)
    i.HAL_RCC_GetPCLK1Freq                   0x080025a4   Section        0  stm32g4xx_hal_rcc.o(i.HAL_RCC_GetPCLK1Freq)
    i.HAL_RCC_GetPCLK2Freq                   0x080025c8   Section        0  stm32g4xx_hal_rcc.o(i.HAL_RCC_GetPCLK2Freq)
    i.HAL_RCC_GetSysClockFreq                0x080025ec   Section        0  stm32g4xx_hal_rcc.o(i.HAL_RCC_GetSysClockFreq)
    i.HAL_RCC_OscConfig                      0x08002658   Section        0  stm32g4xx_hal_rcc.o(i.HAL_RCC_OscConfig)
    i.HAL_RS485Ex_Init                       0x08002a64   Section        0  stm32g4xx_hal_uart_ex.o(i.HAL_RS485Ex_Init)
    i.HAL_SYSTICK_Config                     0x08002af0   Section        0  stm32g4xx_hal_cortex.o(i.HAL_SYSTICK_Config)
    i.HAL_TIMEx_Break2Callback               0x08002b18   Section        0  stm32g4xx_hal_tim_ex.o(i.HAL_TIMEx_Break2Callback)
    i.HAL_TIMEx_BreakCallback                0x08002b1a   Section        0  stm32g4xx_hal_tim_ex.o(i.HAL_TIMEx_BreakCallback)
    i.HAL_TIMEx_CommutCallback               0x08002b1c   Section        0  stm32g4xx_hal_tim_ex.o(i.HAL_TIMEx_CommutCallback)
    i.HAL_TIMEx_DirectionChangeCallback      0x08002b1e   Section        0  stm32g4xx_hal_tim_ex.o(i.HAL_TIMEx_DirectionChangeCallback)
    i.HAL_TIMEx_EncoderIndexCallback         0x08002b20   Section        0  stm32g4xx_hal_tim_ex.o(i.HAL_TIMEx_EncoderIndexCallback)
    i.HAL_TIMEx_IndexErrorCallback           0x08002b22   Section        0  stm32g4xx_hal_tim_ex.o(i.HAL_TIMEx_IndexErrorCallback)
    i.HAL_TIMEx_MasterConfigSynchronization  0x08002b24   Section        0  stm32g4xx_hal_tim_ex.o(i.HAL_TIMEx_MasterConfigSynchronization)
    i.HAL_TIMEx_TransitionErrorCallback      0x08002bc0   Section        0  stm32g4xx_hal_tim_ex.o(i.HAL_TIMEx_TransitionErrorCallback)
    i.HAL_TIM_Base_Init                      0x08002bc2   Section        0  stm32g4xx_hal_tim.o(i.HAL_TIM_Base_Init)
    i.HAL_TIM_Base_MspInit                   0x08002c24   Section        0  tim.o(i.HAL_TIM_Base_MspInit)
    i.HAL_TIM_Base_Start_IT                  0x08002c70   Section        0  stm32g4xx_hal_tim.o(i.HAL_TIM_Base_Start_IT)
    i.HAL_TIM_ConfigClockSource              0x08002cb0   Section        0  stm32g4xx_hal_tim.o(i.HAL_TIM_ConfigClockSource)
    i.HAL_TIM_IC_CaptureCallback             0x08002dac   Section        0  stm32g4xx_hal_tim.o(i.HAL_TIM_IC_CaptureCallback)
    i.HAL_TIM_IRQHandler                     0x08002dae   Section        0  stm32g4xx_hal_tim.o(i.HAL_TIM_IRQHandler)
    i.HAL_TIM_OC_DelayElapsedCallback        0x08002faa   Section        0  stm32g4xx_hal_tim.o(i.HAL_TIM_OC_DelayElapsedCallback)
    i.HAL_TIM_PWM_PulseFinishedCallback      0x08002fac   Section        0  stm32g4xx_hal_tim.o(i.HAL_TIM_PWM_PulseFinishedCallback)
    i.HAL_TIM_PeriodElapsedCallback          0x08002fb0   Section        0  fun.o(i.HAL_TIM_PeriodElapsedCallback)
    i.HAL_TIM_TriggerCallback                0x08002fd8   Section        0  stm32g4xx_hal_tim.o(i.HAL_TIM_TriggerCallback)
    i.HAL_UARTEx_DisableFifoMode             0x08002fda   Section        0  stm32g4xx_hal_uart_ex.o(i.HAL_UARTEx_DisableFifoMode)
    i.HAL_UARTEx_RxFifoFullCallback          0x08003018   Section        0  stm32g4xx_hal_uart_ex.o(i.HAL_UARTEx_RxFifoFullCallback)
    i.HAL_UARTEx_SetRxFifoThreshold          0x0800301a   Section        0  stm32g4xx_hal_uart_ex.o(i.HAL_UARTEx_SetRxFifoThreshold)
    i.HAL_UARTEx_SetTxFifoThreshold          0x08003066   Section        0  stm32g4xx_hal_uart_ex.o(i.HAL_UARTEx_SetTxFifoThreshold)
    i.HAL_UARTEx_TxFifoEmptyCallback         0x080030b2   Section        0  stm32g4xx_hal_uart_ex.o(i.HAL_UARTEx_TxFifoEmptyCallback)
    i.HAL_UARTEx_WakeupCallback              0x080030b4   Section        0  stm32g4xx_hal_uart_ex.o(i.HAL_UARTEx_WakeupCallback)
    i.HAL_UART_ErrorCallback                 0x080030b6   Section        0  stm32g4xx_hal_uart.o(i.HAL_UART_ErrorCallback)
    i.HAL_UART_IRQHandler                    0x080030b8   Section        0  stm32g4xx_hal_uart.o(i.HAL_UART_IRQHandler)
    i.HAL_UART_MspInit                       0x08003254   Section        0  usart.o(i.HAL_UART_MspInit)
    i.HAL_UART_Receive_IT                    0x080032e0   Section        0  stm32g4xx_hal_uart.o(i.HAL_UART_Receive_IT)
    i.HAL_UART_RxCpltCallback                0x080033dc   Section        0  stm32g4xx_hal_uart.o(i.HAL_UART_RxCpltCallback)
    i.HAL_UART_Transmit                      0x080033de   Section        0  stm32g4xx_hal_uart.o(i.HAL_UART_Transmit)
    i.HAL_UART_TxCpltCallback                0x0800349a   Section        0  stm32g4xx_hal_uart.o(i.HAL_UART_TxCpltCallback)
    i.HardFault_Handler                      0x0800349c   Section        0  stm32g4xx_it.o(i.HardFault_Handler)
    i.LCD_BusIn                              0x080034a0   Section        0  lcd.o(i.LCD_BusIn)
    i.LCD_BusOut                             0x080034cc   Section        0  lcd.o(i.LCD_BusOut)
    i.LCD_Clear                              0x080034fc   Section        0  lcd.o(i.LCD_Clear)
    i.LCD_CtrlLinesConfig                    0x08003520   Section        0  lcd.o(i.LCD_CtrlLinesConfig)
    i.LCD_DisplayChar                        0x080035b0   Section        0  lcd.o(i.LCD_DisplayChar)
    i.LCD_DisplayStringLine                  0x080035c8   Section        0  lcd.o(i.LCD_DisplayStringLine)
    i.LCD_DrawChar                           0x080035f4   Section        0  lcd.o(i.LCD_DrawChar)
    i.LCD_Init                               0x0800364c   Section        0  lcd.o(i.LCD_Init)
    i.LCD_ReadReg                            0x08003680   Section        0  lcd.o(i.LCD_ReadReg)
    i.LCD_SetBackColor                       0x08003700   Section        0  lcd.o(i.LCD_SetBackColor)
    i.LCD_SetCursor                          0x08003710   Section        0  lcd.o(i.LCD_SetCursor)
    i.LCD_SetTextColor                       0x08003728   Section        0  lcd.o(i.LCD_SetTextColor)
    i.LCD_WriteRAM                           0x08003738   Section        0  lcd.o(i.LCD_WriteRAM)
    i.LCD_WriteRAM_Prepare                   0x08003790   Section        0  lcd.o(i.LCD_WriteRAM_Prepare)
    i.LCD_WriteReg                           0x080037ec   Section        0  lcd.o(i.LCD_WriteReg)
    i.LL_ADC_GetOffsetChannel                0x08003858   Section        0  stm32g4xx_hal_adc.o(i.LL_ADC_GetOffsetChannel)
    LL_ADC_GetOffsetChannel                  0x08003859   Thumb Code    12  stm32g4xx_hal_adc.o(i.LL_ADC_GetOffsetChannel)
    i.LL_ADC_INJ_IsConversionOngoing         0x08003864   Section        0  stm32g4xx_hal_adc.o(i.LL_ADC_INJ_IsConversionOngoing)
    LL_ADC_INJ_IsConversionOngoing           0x08003865   Thumb Code     8  stm32g4xx_hal_adc.o(i.LL_ADC_INJ_IsConversionOngoing)
    i.LL_ADC_REG_IsConversionOngoing         0x0800386c   Section        0  stm32g4xx_hal_adc.o(i.LL_ADC_REG_IsConversionOngoing)
    LL_ADC_REG_IsConversionOngoing           0x0800386d   Thumb Code     8  stm32g4xx_hal_adc.o(i.LL_ADC_REG_IsConversionOngoing)
    i.LL_ADC_SetChannelSamplingTime          0x08003874   Section        0  stm32g4xx_hal_adc.o(i.LL_ADC_SetChannelSamplingTime)
    LL_ADC_SetChannelSamplingTime            0x08003875   Thumb Code    30  stm32g4xx_hal_adc.o(i.LL_ADC_SetChannelSamplingTime)
    i.LL_ADC_SetOffsetState                  0x08003892   Section        0  stm32g4xx_hal_adc.o(i.LL_ADC_SetOffsetState)
    LL_ADC_SetOffsetState                    0x08003893   Thumb Code    16  stm32g4xx_hal_adc.o(i.LL_ADC_SetOffsetState)
    i.MX_ADC2_Init                           0x080038a4   Section        0  adc.o(i.MX_ADC2_Init)
    i.MX_GPIO_Init                           0x08003920   Section        0  gpio.o(i.MX_GPIO_Init)
    i.MX_TIM1_Init                           0x08003a0c   Section        0  tim.o(i.MX_TIM1_Init)
    i.MX_USART1_UART_Init                    0x08003a78   Section        0  usart.o(i.MX_USART1_UART_Init)
    i.MemManage_Handler                      0x08003ae4   Section        0  stm32g4xx_it.o(i.MemManage_Handler)
    i.NMI_Handler                            0x08003ae6   Section        0  stm32g4xx_it.o(i.NMI_Handler)
    i.PendSV_Handler                         0x08003ae8   Section        0  stm32g4xx_it.o(i.PendSV_Handler)
    i.REG_8230_Init                          0x08003aea   Section        0  lcd.o(i.REG_8230_Init)
    i.REG_932X_Init                          0x08003bfc   Section        0  lcd.o(i.REG_932X_Init)
    i.SVC_Handler                            0x08003dfe   Section        0  stm32g4xx_it.o(i.SVC_Handler)
    i.SysTick_Handler                        0x08003e00   Section        0  stm32g4xx_it.o(i.SysTick_Handler)
    i.SystemClock_Config                     0x08003e04   Section        0  main.o(i.SystemClock_Config)
    i.SystemInit                             0x08003e70   Section        0  system_stm32g4xx.o(i.SystemInit)
    i.TIM1_TRG_COM_TIM17_IRQHandler          0x08003e8c   Section        0  stm32g4xx_it.o(i.TIM1_TRG_COM_TIM17_IRQHandler)
    i.TIM1_UP_TIM16_IRQHandler               0x08003e98   Section        0  stm32g4xx_it.o(i.TIM1_UP_TIM16_IRQHandler)
    i.TIM_Base_SetConfig                     0x08003ea4   Section        0  stm32g4xx_hal_tim.o(i.TIM_Base_SetConfig)
    i.TIM_ETR_SetConfig                      0x08003f54   Section        0  stm32g4xx_hal_tim.o(i.TIM_ETR_SetConfig)
    i.TIM_ITRx_SetConfig                     0x08003f68   Section        0  stm32g4xx_hal_tim.o(i.TIM_ITRx_SetConfig)
    TIM_ITRx_SetConfig                       0x08003f69   Thumb Code    16  stm32g4xx_hal_tim.o(i.TIM_ITRx_SetConfig)
    i.TIM_TI1_ConfigInputStage               0x08003f7c   Section        0  stm32g4xx_hal_tim.o(i.TIM_TI1_ConfigInputStage)
    TIM_TI1_ConfigInputStage                 0x08003f7d   Thumb Code    34  stm32g4xx_hal_tim.o(i.TIM_TI1_ConfigInputStage)
    i.TIM_TI2_ConfigInputStage               0x08003f9e   Section        0  stm32g4xx_hal_tim.o(i.TIM_TI2_ConfigInputStage)
    TIM_TI2_ConfigInputStage                 0x08003f9f   Thumb Code    36  stm32g4xx_hal_tim.o(i.TIM_TI2_ConfigInputStage)
    i.UARTEx_SetNbDataToProcess              0x08003fc4   Section        0  stm32g4xx_hal_uart_ex.o(i.UARTEx_SetNbDataToProcess)
    UARTEx_SetNbDataToProcess                0x08003fc5   Thumb Code    82  stm32g4xx_hal_uart_ex.o(i.UARTEx_SetNbDataToProcess)
    i.UART_AdvFeatureConfig                  0x08004028   Section        0  stm32g4xx_hal_uart.o(i.UART_AdvFeatureConfig)
    i.UART_CheckIdleState                    0x080040f0   Section        0  stm32g4xx_hal_uart.o(i.UART_CheckIdleState)
    i.UART_DMAAbortOnError                   0x0800414e   Section        0  stm32g4xx_hal_uart.o(i.UART_DMAAbortOnError)
    UART_DMAAbortOnError                     0x0800414f   Thumb Code    20  stm32g4xx_hal_uart.o(i.UART_DMAAbortOnError)
    i.UART_EndRxTransfer                     0x08004164   Section        0  stm32g4xx_hal_uart.o(i.UART_EndRxTransfer)
    UART_EndRxTransfer                       0x08004165   Thumb Code    32  stm32g4xx_hal_uart.o(i.UART_EndRxTransfer)
    i.UART_RxISR_16BIT                       0x08004188   Section        0  stm32g4xx_hal_uart.o(i.UART_RxISR_16BIT)
    UART_RxISR_16BIT                         0x08004189   Thumb Code    94  stm32g4xx_hal_uart.o(i.UART_RxISR_16BIT)
    i.UART_RxISR_16BIT_FIFOEN                0x080041e8   Section        0  stm32g4xx_hal_uart.o(i.UART_RxISR_16BIT_FIFOEN)
    UART_RxISR_16BIT_FIFOEN                  0x080041e9   Thumb Code   152  stm32g4xx_hal_uart.o(i.UART_RxISR_16BIT_FIFOEN)
    i.UART_RxISR_8BIT                        0x08004288   Section        0  stm32g4xx_hal_uart.o(i.UART_RxISR_8BIT)
    UART_RxISR_8BIT                          0x08004289   Thumb Code    94  stm32g4xx_hal_uart.o(i.UART_RxISR_8BIT)
    i.UART_RxISR_8BIT_FIFOEN                 0x080042e8   Section        0  stm32g4xx_hal_uart.o(i.UART_RxISR_8BIT_FIFOEN)
    UART_RxISR_8BIT_FIFOEN                   0x080042e9   Thumb Code   152  stm32g4xx_hal_uart.o(i.UART_RxISR_8BIT_FIFOEN)
    i.UART_SetConfig                         0x08004388   Section        0  stm32g4xx_hal_uart.o(i.UART_SetConfig)
    i.UART_WaitOnFlagUntilTimeout            0x08004b2e   Section        0  stm32g4xx_hal_uart.o(i.UART_WaitOnFlagUntilTimeout)
    i.USART1_IRQHandler                      0x08004b94   Section        0  stm32g4xx_it.o(i.USART1_IRQHandler)
    i.UsageFault_Handler                     0x08004cac   Section        0  stm32g4xx_it.o(i.UsageFault_Handler)
    i.__ARM_fpclassify                       0x08004cae   Section        0  fpclassify.o(i.__ARM_fpclassify)
    i.__NVIC_SetPriority                     0x08004cde   Section        0  stm32g4xx_hal_cortex.o(i.__NVIC_SetPriority)
    __NVIC_SetPriority                       0x08004cdf   Thumb Code    32  stm32g4xx_hal_cortex.o(i.__NVIC_SetPriority)
    i._is_digit                              0x08004cfe   Section        0  __printf_wp.o(i._is_digit)
    i.data_show                              0x08004d0c   Section        0  fun.o(i.data_show)
    i.get_value                              0x08004dd0   Section        0  fun.o(i.get_value)
    i.key_scan                               0x08004e50   Section        0  fun.o(i.key_scan)
    i.lcd_show                               0x08004f98   Section        0  fun.o(i.lcd_show)
    i.led_show                               0x08004fac   Section        0  fun.o(i.led_show)
    i.main                                   0x0800506c   Section        0  main.o(i.main)
    i.s_fun                                  0x080050ec   Section        0  fun.o(i.s_fun)
    i.warn_show                              0x0800515c   Section        0  fun.o(i.warn_show)
    locale$$code                             0x080051a4   Section       44  lc_numeric_c.o(locale$$code)
    x$fpl$d2f                                0x080051d0   Section       98  d2f.o(x$fpl$d2f)
    $v0                                      0x080051d0   Number         0  d2f.o(x$fpl$d2f)
    x$fpl$dfltu                              0x08005232   Section       38  dflt_clz.o(x$fpl$dfltu)
    $v0                                      0x08005232   Number         0  dflt_clz.o(x$fpl$dfltu)
    x$fpl$dmul                               0x08005258   Section      340  dmul.o(x$fpl$dmul)
    $v0                                      0x08005258   Number         0  dmul.o(x$fpl$dmul)
    x$fpl$dnaninf                            0x080053ac   Section      156  dnaninf.o(x$fpl$dnaninf)
    $v0                                      0x080053ac   Number         0  dnaninf.o(x$fpl$dnaninf)
    x$fpl$dretinf                            0x08005448   Section       12  dretinf.o(x$fpl$dretinf)
    $v0                                      0x08005448   Number         0  dretinf.o(x$fpl$dretinf)
    x$fpl$f2d                                0x08005454   Section       86  f2d.o(x$fpl$f2d)
    $v0                                      0x08005454   Number         0  f2d.o(x$fpl$f2d)
    x$fpl$fnaninf                            0x080054aa   Section      140  fnaninf.o(x$fpl$fnaninf)
    $v0                                      0x080054aa   Number         0  fnaninf.o(x$fpl$fnaninf)
    x$fpl$fpinit                             0x08005536   Section       10  fpinit.o(x$fpl$fpinit)
    $v0                                      0x08005536   Number         0  fpinit.o(x$fpl$fpinit)
    x$fpl$fretinf                            0x08005540   Section       10  fretinf.o(x$fpl$fretinf)
    $v0                                      0x08005540   Number         0  fretinf.o(x$fpl$fretinf)
    x$fpl$printf1                            0x0800554a   Section        4  printf1.o(x$fpl$printf1)
    $v0                                      0x0800554a   Number         0  printf1.o(x$fpl$printf1)
    .constdata                               0x0800554e   Section       16  system_stm32g4xx.o(.constdata)
    x$fpl$usenofp                            0x0800554e   Section        0  usenofp.o(x$fpl$usenofp)
    .constdata                               0x0800555e   Section        8  system_stm32g4xx.o(.constdata)
    .constdata                               0x08005566   Section     4560  lcd.o(.constdata)
    .constdata                               0x08006738   Section      148  bigflt0.o(.constdata)
    tenpwrs_x                                0x08006738   Data          60  bigflt0.o(.constdata)
    tenpwrs_i                                0x08006774   Data          64  bigflt0.o(.constdata)
    locale$$data                             0x080067ec   Section       28  lc_numeric_c.o(locale$$data)
    __lcnum_c_name                           0x080067f0   Data           2  lc_numeric_c.o(locale$$data)
    __lcnum_c_start                          0x080067f8   Data           0  lc_numeric_c.o(locale$$data)
    __lcnum_c_point                          0x08006804   Data           0  lc_numeric_c.o(locale$$data)
    __lcnum_c_thousands                      0x08006806   Data           0  lc_numeric_c.o(locale$$data)
    __lcnum_c_grouping                       0x08006807   Data           0  lc_numeric_c.o(locale$$data)
    __lcnum_c_end                            0x08006808   Data           0  lc_numeric_c.o(locale$$data)
    .data                                    0x20000000   Section        1  main.o(.data)
    .data                                    0x20000004   Section       12  stm32g4xx_hal.o(.data)
    .data                                    0x20000010   Section        4  system_stm32g4xx.o(.data)
    .data                                    0x20000014   Section       24  fun.o(.data)
    .data                                    0x2000002c   Section        6  lcd.o(.data)
    TextColor                                0x2000002c   Data           2  lcd.o(.data)
    BackColor                                0x2000002e   Data           2  lcd.o(.data)
    .bss                                     0x20000034   Section       20  main.o(.bss)
    .bss                                     0x20000048   Section       20  main.o(.bss)
    .bss                                     0x2000005c   Section      108  adc.o(.bss)
    .bss                                     0x200000c8   Section       76  tim.o(.bss)
    .bss                                     0x20000114   Section      140  usart.o(.bss)
    .bss                                     0x200001a0   Section       96  libspace.o(.bss)
    HEAP                                     0x20000200   Section      512  startup_stm32g431xx.o(HEAP)
    Heap_Mem                                 0x20000200   Data         512  startup_stm32g431xx.o(HEAP)
    STACK                                    0x20000400   Section     1024  startup_stm32g431xx.o(STACK)
    Stack_Mem                                0x20000400   Data        1024  startup_stm32g431xx.o(STACK)
    __initial_sp                             0x20000800   Data           0  startup_stm32g431xx.o(STACK)

    Global Symbols

    Symbol Name                              Value     Ov Type        Size  Object(Section)

    BuildAttributes$$THM_ISAv4$E$P$D$K$B$S$7EM$VFPi3$EXTD16$VFPS$VFMA$PE$A:L22UL41UL21$X:L11$S22US41US21$IEEE1$IW$USESV6$~STKCKD$USESV7$~SHL$OTIME$ROPI$IEEEJ$EBA8$UX$STANDARDLIB$REQ8$PRES8$EABIv2 0x00000000   Number         0  anon$$obj.o ABSOLUTE
    __ARM_use_no_argv                        0x00000000   Number         0  main.o ABSOLUTE
    _printf_flags                            0x00000000   Number         0  printf_stubs.o ABSOLUTE
    _printf_return_value                     0x00000000   Number         0  printf_stubs.o ABSOLUTE
    _printf_sizespec                         0x00000000   Number         0  printf_stubs.o ABSOLUTE
    _printf_widthprec                        0x00000000   Number         0  printf_stubs.o ABSOLUTE
    __ARM_exceptions_init                     - Undefined Weak Reference
    __alloca_initialize                       - Undefined Weak Reference
    __arm_preinit_                            - Undefined Weak Reference
    __cpp_initialize__aeabi_                  - Undefined Weak Reference
    __cxa_finalize                            - Undefined Weak Reference
    __sigvec_lookup                           - Undefined Weak Reference
    _atexit_init                              - Undefined Weak Reference
    _call_atexit_fns                          - Undefined Weak Reference
    _clock_init                               - Undefined Weak Reference
    _fp_trap_init                             - Undefined Weak Reference
    _fp_trap_shutdown                         - Undefined Weak Reference
    _get_lc_collate                           - Undefined Weak Reference
    _get_lc_ctype                             - Undefined Weak Reference
    _get_lc_monetary                          - Undefined Weak Reference
    _get_lc_time                              - Undefined Weak Reference
    _getenv_init                              - Undefined Weak Reference
    _handle_redirection                       - Undefined Weak Reference
    _init_alloc                               - Undefined Weak Reference
    _init_user_alloc                          - Undefined Weak Reference
    _initio                                   - Undefined Weak Reference
    _printf_post_padding                      - Undefined Weak Reference
    _printf_pre_padding                       - Undefined Weak Reference
    _rand_init                                - Undefined Weak Reference
    _signal_finish                            - Undefined Weak Reference
    _signal_init                              - Undefined Weak Reference
    _terminate_alloc                          - Undefined Weak Reference
    _terminate_user_alloc                     - Undefined Weak Reference
    _terminateio                              - Undefined Weak Reference
    __Vectors_Size                           0x000001d8   Number         0  startup_stm32g431xx.o ABSOLUTE
    __Vectors                                0x08000000   Data           4  startup_stm32g431xx.o(RESET)
    __Vectors_End                            0x080001d8   Data           0  startup_stm32g431xx.o(RESET)
    __main                                   0x080001d9   Thumb Code     8  __main.o(!!!main)
    __scatterload                            0x080001e1   Thumb Code     0  __scatter.o(!!!scatter)
    __scatterload_rt2                        0x080001e1   Thumb Code    44  __scatter.o(!!!scatter)
    __scatterload_rt2_thumb_only             0x080001e1   Thumb Code     0  __scatter.o(!!!scatter)
    __scatterload_null                       0x080001ef   Thumb Code     0  __scatter.o(!!!scatter)
    __scatterload_copy                       0x08000215   Thumb Code    26  __scatter_copy.o(!!handler_copy)
    __scatterload_zeroinit                   0x08000231   Thumb Code    28  __scatter_zi.o(!!handler_zi)
    _printf_f                                0x0800024d   Thumb Code     0  _printf_f.o(.ARM.Collect$$_printf_percent$$00000003)
    _printf_percent                          0x0800024d   Thumb Code     0  _printf_percent.o(.ARM.Collect$$_printf_percent$$00000000)
    _printf_percent_end                      0x08000253   Thumb Code     0  _printf_percent_end.o(.ARM.Collect$$_printf_percent$$00000017)
    __rt_lib_init                            0x08000257   Thumb Code     0  libinit.o(.ARM.Collect$$libinit$$00000000)
    __rt_lib_init_fp_1                       0x08000259   Thumb Code     0  libinit2.o(.ARM.Collect$$libinit$$00000001)
    __rt_lib_init_heap_1                     0x0800025d   Thumb Code     0  libinit2.o(.ARM.Collect$$libinit$$0000000A)
    __rt_lib_init_lc_common                  0x0800025d   Thumb Code     0  libinit2.o(.ARM.Collect$$libinit$$0000000F)
    __rt_lib_init_preinit_1                  0x0800025d   Thumb Code     0  libinit2.o(.ARM.Collect$$libinit$$00000004)
    __rt_lib_init_rand_1                     0x0800025d   Thumb Code     0  libinit2.o(.ARM.Collect$$libinit$$0000000E)
    __rt_lib_init_user_alloc_1               0x0800025d   Thumb Code     0  libinit2.o(.ARM.Collect$$libinit$$0000000C)
    __rt_lib_init_lc_collate_1               0x08000263   Thumb Code     0  libinit2.o(.ARM.Collect$$libinit$$00000011)
    __rt_lib_init_lc_ctype_1                 0x08000263   Thumb Code     0  libinit2.o(.ARM.Collect$$libinit$$00000013)
    __rt_lib_init_lc_monetary_1              0x08000263   Thumb Code     0  libinit2.o(.ARM.Collect$$libinit$$00000015)
    __rt_lib_init_lc_numeric_2               0x08000263   Thumb Code     0  libinit2.o(.ARM.Collect$$libinit$$00000016)
    __rt_lib_init_alloca_1                   0x0800026d   Thumb Code     0  libinit2.o(.ARM.Collect$$libinit$$0000002E)
    __rt_lib_init_argv_1                     0x0800026d   Thumb Code     0  libinit2.o(.ARM.Collect$$libinit$$0000002C)
    __rt_lib_init_atexit_1                   0x0800026d   Thumb Code     0  libinit2.o(.ARM.Collect$$libinit$$0000001B)
    __rt_lib_init_clock_1                    0x0800026d   Thumb Code     0  libinit2.o(.ARM.Collect$$libinit$$00000021)
    __rt_lib_init_cpp_1                      0x0800026d   Thumb Code     0  libinit2.o(.ARM.Collect$$libinit$$00000032)
    __rt_lib_init_exceptions_1               0x0800026d   Thumb Code     0  libinit2.o(.ARM.Collect$$libinit$$00000030)
    __rt_lib_init_fp_trap_1                  0x0800026d   Thumb Code     0  libinit2.o(.ARM.Collect$$libinit$$0000001F)
    __rt_lib_init_getenv_1                   0x0800026d   Thumb Code     0  libinit2.o(.ARM.Collect$$libinit$$00000023)
    __rt_lib_init_lc_numeric_1               0x0800026d   Thumb Code     0  libinit2.o(.ARM.Collect$$libinit$$00000017)
    __rt_lib_init_lc_time_1                  0x0800026d   Thumb Code     0  libinit2.o(.ARM.Collect$$libinit$$00000019)
    __rt_lib_init_return                     0x0800026d   Thumb Code     0  libinit2.o(.ARM.Collect$$libinit$$00000033)
    __rt_lib_init_signal_1                   0x0800026d   Thumb Code     0  libinit2.o(.ARM.Collect$$libinit$$0000001D)
    __rt_lib_init_stdio_1                    0x0800026d   Thumb Code     0  libinit2.o(.ARM.Collect$$libinit$$00000025)
    __rt_lib_shutdown                        0x0800026f   Thumb Code     0  libshutdown.o(.ARM.Collect$$libshutdown$$00000000)
    __rt_lib_shutdown_cpp_1                  0x08000271   Thumb Code     0  libshutdown2.o(.ARM.Collect$$libshutdown$$00000002)
    __rt_lib_shutdown_fp_trap_1              0x08000271   Thumb Code     0  libshutdown2.o(.ARM.Collect$$libshutdown$$00000007)
    __rt_lib_shutdown_heap_1                 0x08000271   Thumb Code     0  libshutdown2.o(.ARM.Collect$$libshutdown$$0000000F)
    __rt_lib_shutdown_return                 0x08000271   Thumb Code     0  libshutdown2.o(.ARM.Collect$$libshutdown$$00000010)
    __rt_lib_shutdown_signal_1               0x08000271   Thumb Code     0  libshutdown2.o(.ARM.Collect$$libshutdown$$0000000A)
    __rt_lib_shutdown_stdio_1                0x08000271   Thumb Code     0  libshutdown2.o(.ARM.Collect$$libshutdown$$00000004)
    __rt_lib_shutdown_user_alloc_1           0x08000271   Thumb Code     0  libshutdown2.o(.ARM.Collect$$libshutdown$$0000000C)
    __rt_entry                               0x08000273   Thumb Code     0  __rtentry.o(.ARM.Collect$$rtentry$$00000000)
    __rt_entry_presh_1                       0x08000273   Thumb Code     0  __rtentry2.o(.ARM.Collect$$rtentry$$00000002)
    __rt_entry_sh                            0x08000273   Thumb Code     0  __rtentry4.o(.ARM.Collect$$rtentry$$00000004)
    __rt_entry_li                            0x08000279   Thumb Code     0  __rtentry2.o(.ARM.Collect$$rtentry$$0000000A)
    __rt_entry_postsh_1                      0x08000279   Thumb Code     0  __rtentry2.o(.ARM.Collect$$rtentry$$00000009)
    __rt_entry_main                          0x0800027d   Thumb Code     0  __rtentry2.o(.ARM.Collect$$rtentry$$0000000D)
    __rt_entry_postli_1                      0x0800027d   Thumb Code     0  __rtentry2.o(.ARM.Collect$$rtentry$$0000000C)
    __rt_exit                                0x08000285   Thumb Code     0  rtexit.o(.ARM.Collect$$rtexit$$00000000)
    __rt_exit_ls                             0x08000287   Thumb Code     0  rtexit2.o(.ARM.Collect$$rtexit$$00000003)
    __rt_exit_prels_1                        0x08000287   Thumb Code     0  rtexit2.o(.ARM.Collect$$rtexit$$00000002)
    __rt_exit_exit                           0x0800028b   Thumb Code     0  rtexit2.o(.ARM.Collect$$rtexit$$00000004)
    Reset_Handler                            0x08000291   Thumb Code     8  startup_stm32g431xx.o(.text)
    ADC1_2_IRQHandler                        0x080002ab   Thumb Code     0  startup_stm32g431xx.o(.text)
    COMP1_2_3_IRQHandler                     0x080002ab   Thumb Code     0  startup_stm32g431xx.o(.text)
    COMP4_IRQHandler                         0x080002ab   Thumb Code     0  startup_stm32g431xx.o(.text)
    CORDIC_IRQHandler                        0x080002ab   Thumb Code     0  startup_stm32g431xx.o(.text)
    CRS_IRQHandler                           0x080002ab   Thumb Code     0  startup_stm32g431xx.o(.text)
    DMA1_Channel1_IRQHandler                 0x080002ab   Thumb Code     0  startup_stm32g431xx.o(.text)
    DMA1_Channel2_IRQHandler                 0x080002ab   Thumb Code     0  startup_stm32g431xx.o(.text)
    DMA1_Channel3_IRQHandler                 0x080002ab   Thumb Code     0  startup_stm32g431xx.o(.text)
    DMA1_Channel4_IRQHandler                 0x080002ab   Thumb Code     0  startup_stm32g431xx.o(.text)
    DMA1_Channel5_IRQHandler                 0x080002ab   Thumb Code     0  startup_stm32g431xx.o(.text)
    DMA1_Channel6_IRQHandler                 0x080002ab   Thumb Code     0  startup_stm32g431xx.o(.text)
    DMA2_Channel1_IRQHandler                 0x080002ab   Thumb Code     0  startup_stm32g431xx.o(.text)
    DMA2_Channel2_IRQHandler                 0x080002ab   Thumb Code     0  startup_stm32g431xx.o(.text)
    DMA2_Channel3_IRQHandler                 0x080002ab   Thumb Code     0  startup_stm32g431xx.o(.text)
    DMA2_Channel4_IRQHandler                 0x080002ab   Thumb Code     0  startup_stm32g431xx.o(.text)
    DMA2_Channel5_IRQHandler                 0x080002ab   Thumb Code     0  startup_stm32g431xx.o(.text)
    DMA2_Channel6_IRQHandler                 0x080002ab   Thumb Code     0  startup_stm32g431xx.o(.text)
    DMAMUX_OVR_IRQHandler                    0x080002ab   Thumb Code     0  startup_stm32g431xx.o(.text)
    EXTI0_IRQHandler                         0x080002ab   Thumb Code     0  startup_stm32g431xx.o(.text)
    EXTI15_10_IRQHandler                     0x080002ab   Thumb Code     0  startup_stm32g431xx.o(.text)
    EXTI1_IRQHandler                         0x080002ab   Thumb Code     0  startup_stm32g431xx.o(.text)
    EXTI2_IRQHandler                         0x080002ab   Thumb Code     0  startup_stm32g431xx.o(.text)
    EXTI3_IRQHandler                         0x080002ab   Thumb Code     0  startup_stm32g431xx.o(.text)
    EXTI4_IRQHandler                         0x080002ab   Thumb Code     0  startup_stm32g431xx.o(.text)
    EXTI9_5_IRQHandler                       0x080002ab   Thumb Code     0  startup_stm32g431xx.o(.text)
    FDCAN1_IT0_IRQHandler                    0x080002ab   Thumb Code     0  startup_stm32g431xx.o(.text)
    FDCAN1_IT1_IRQHandler                    0x080002ab   Thumb Code     0  startup_stm32g431xx.o(.text)
    FLASH_IRQHandler                         0x080002ab   Thumb Code     0  startup_stm32g431xx.o(.text)
    FMAC_IRQHandler                          0x080002ab   Thumb Code     0  startup_stm32g431xx.o(.text)
    FPU_IRQHandler                           0x080002ab   Thumb Code     0  startup_stm32g431xx.o(.text)
    I2C1_ER_IRQHandler                       0x080002ab   Thumb Code     0  startup_stm32g431xx.o(.text)
    I2C1_EV_IRQHandler                       0x080002ab   Thumb Code     0  startup_stm32g431xx.o(.text)
    I2C2_ER_IRQHandler                       0x080002ab   Thumb Code     0  startup_stm32g431xx.o(.text)
    I2C2_EV_IRQHandler                       0x080002ab   Thumb Code     0  startup_stm32g431xx.o(.text)
    I2C3_ER_IRQHandler                       0x080002ab   Thumb Code     0  startup_stm32g431xx.o(.text)
    I2C3_EV_IRQHandler                       0x080002ab   Thumb Code     0  startup_stm32g431xx.o(.text)
    LPTIM1_IRQHandler                        0x080002ab   Thumb Code     0  startup_stm32g431xx.o(.text)
    LPUART1_IRQHandler                       0x080002ab   Thumb Code     0  startup_stm32g431xx.o(.text)
    PVD_PVM_IRQHandler                       0x080002ab   Thumb Code     0  startup_stm32g431xx.o(.text)
    RCC_IRQHandler                           0x080002ab   Thumb Code     0  startup_stm32g431xx.o(.text)
    RNG_IRQHandler                           0x080002ab   Thumb Code     0  startup_stm32g431xx.o(.text)
    RTC_Alarm_IRQHandler                     0x080002ab   Thumb Code     0  startup_stm32g431xx.o(.text)
    RTC_TAMP_LSECSS_IRQHandler               0x080002ab   Thumb Code     0  startup_stm32g431xx.o(.text)
    RTC_WKUP_IRQHandler                      0x080002ab   Thumb Code     0  startup_stm32g431xx.o(.text)
    SAI1_IRQHandler                          0x080002ab   Thumb Code     0  startup_stm32g431xx.o(.text)
    SPI1_IRQHandler                          0x080002ab   Thumb Code     0  startup_stm32g431xx.o(.text)
    SPI2_IRQHandler                          0x080002ab   Thumb Code     0  startup_stm32g431xx.o(.text)
    SPI3_IRQHandler                          0x080002ab   Thumb Code     0  startup_stm32g431xx.o(.text)
    TIM1_BRK_TIM15_IRQHandler                0x080002ab   Thumb Code     0  startup_stm32g431xx.o(.text)
    TIM1_CC_IRQHandler                       0x080002ab   Thumb Code     0  startup_stm32g431xx.o(.text)
    TIM2_IRQHandler                          0x080002ab   Thumb Code     0  startup_stm32g431xx.o(.text)
    TIM3_IRQHandler                          0x080002ab   Thumb Code     0  startup_stm32g431xx.o(.text)
    TIM4_IRQHandler                          0x080002ab   Thumb Code     0  startup_stm32g431xx.o(.text)
    TIM6_DAC_IRQHandler                      0x080002ab   Thumb Code     0  startup_stm32g431xx.o(.text)
    TIM7_DAC_IRQHandler                      0x080002ab   Thumb Code     0  startup_stm32g431xx.o(.text)
    TIM8_BRK_IRQHandler                      0x080002ab   Thumb Code     0  startup_stm32g431xx.o(.text)
    TIM8_CC_IRQHandler                       0x080002ab   Thumb Code     0  startup_stm32g431xx.o(.text)
    TIM8_TRG_COM_IRQHandler                  0x080002ab   Thumb Code     0  startup_stm32g431xx.o(.text)
    TIM8_UP_IRQHandler                       0x080002ab   Thumb Code     0  startup_stm32g431xx.o(.text)
    UART4_IRQHandler                         0x080002ab   Thumb Code     0  startup_stm32g431xx.o(.text)
    UCPD1_IRQHandler                         0x080002ab   Thumb Code     0  startup_stm32g431xx.o(.text)
    USART2_IRQHandler                        0x080002ab   Thumb Code     0  startup_stm32g431xx.o(.text)
    USART3_IRQHandler                        0x080002ab   Thumb Code     0  startup_stm32g431xx.o(.text)
    USBWakeUp_IRQHandler                     0x080002ab   Thumb Code     0  startup_stm32g431xx.o(.text)
    USB_HP_IRQHandler                        0x080002ab   Thumb Code     0  startup_stm32g431xx.o(.text)
    USB_LP_IRQHandler                        0x080002ab   Thumb Code     0  startup_stm32g431xx.o(.text)
    WWDG_IRQHandler                          0x080002ab   Thumb Code     0  startup_stm32g431xx.o(.text)
    __user_initial_stackheap                 0x080002ad   Thumb Code     0  startup_stm32g431xx.o(.text)
    __aeabi_uldivmod                         0x080002d1   Thumb Code     0  lludivv7m.o(.text)
    _ll_udiv                                 0x080002d1   Thumb Code   238  lludivv7m.o(.text)
    __2sprintf                               0x080003c1   Thumb Code    34  noretval__2sprintf.o(.text)
    __printf                                 0x080003e9   Thumb Code   270  __printf_wp.o(.text)
    strlen                                   0x080004f7   Thumb Code    62  strlen.o(.text)
    __aeabi_memclr                           0x08000535   Thumb Code     0  rt_memclr.o(.text)
    __rt_memclr                              0x08000535   Thumb Code    68  rt_memclr.o(.text)
    _memset                                  0x08000539   Thumb Code     0  rt_memclr.o(.text)
    __aeabi_memclr4                          0x08000579   Thumb Code     0  rt_memclr_w.o(.text)
    __aeabi_memclr8                          0x08000579   Thumb Code     0  rt_memclr_w.o(.text)
    __rt_memclr_w                            0x08000579   Thumb Code    78  rt_memclr_w.o(.text)
    _memset_w                                0x0800057d   Thumb Code     0  rt_memclr_w.o(.text)
    strcmp                                   0x080005c9   Thumb Code   128  strcmpv7m.o(.text)
    __use_two_region_memory                  0x08000649   Thumb Code     2  heapauxi.o(.text)
    __rt_heap_escrow$2region                 0x0800064b   Thumb Code     2  heapauxi.o(.text)
    __rt_heap_expand$2region                 0x0800064d   Thumb Code     2  heapauxi.o(.text)
    __lib_sel_fp_printf                      0x0800064f   Thumb Code     2  _printf_fp_dec.o(.text)
    _printf_fp_dec_real                      0x08000801   Thumb Code   620  _printf_fp_dec.o(.text)
    _printf_char_common                      0x08000a77   Thumb Code    32  _printf_char_common.o(.text)
    _sputc                                   0x08000a9d   Thumb Code    10  _sputc.o(.text)
    __rt_locale                              0x08000aa9   Thumb Code     8  rt_locale_intlibspace.o(.text)
    _ll_udiv10                               0x08000ab1   Thumb Code   138  lludiv10.o(.text)
    _printf_fp_infnan                        0x08000b3d   Thumb Code   112  _printf_fp_infnan.o(.text)
    _btod_etento                             0x08000bbd   Thumb Code   224  bigflt0.o(.text)
    __user_libspace                          0x08000ca1   Thumb Code     8  libspace.o(.text)
    __user_perproc_libspace                  0x08000ca1   Thumb Code     0  libspace.o(.text)
    __user_perthread_libspace                0x08000ca1   Thumb Code     0  libspace.o(.text)
    __user_setup_stackheap                   0x08000ca9   Thumb Code    74  sys_stackheap_outer.o(.text)
    exit                                     0x08000cf3   Thumb Code    18  exit.o(.text)
    _sys_exit                                0x08000d05   Thumb Code     8  sys_exit.o(.text)
    __I$use$semihosting                      0x08000d11   Thumb Code     0  use_no_semi.o(.text)
    __use_no_semihosting_swi                 0x08000d11   Thumb Code     2  use_no_semi.o(.text)
    __semihosting_library_function           0x08000d13   Thumb Code     0  indicate_semi.o(.text)
    _btod_d2e                                0x08000d13   Thumb Code    62  btod.o(CL$$btod_d2e)
    _d2e_denorm_low                          0x08000d51   Thumb Code    70  btod.o(CL$$btod_d2e_denorm_low)
    _d2e_norm_op1                            0x08000d97   Thumb Code    96  btod.o(CL$$btod_d2e_norm_op1)
    __btod_div_common                        0x08000df7   Thumb Code   696  btod.o(CL$$btod_div_common)
    _e2e                                     0x0800112f   Thumb Code   220  btod.o(CL$$btod_e2e)
    _btod_ediv                               0x0800120b   Thumb Code    42  btod.o(CL$$btod_ediv)
    _btod_emul                               0x08001235   Thumb Code    42  btod.o(CL$$btod_emul)
    __btod_mult_common                       0x0800125f   Thumb Code   580  btod.o(CL$$btod_mult_common)
    ADC_Enable                               0x080014a5   Thumb Code   100  stm32g4xx_hal_adc.o(i.ADC_Enable)
    BusFault_Handler                         0x0800150d   Thumb Code     2  stm32g4xx_it.o(i.BusFault_Handler)
    DebugMon_Handler                         0x0800150f   Thumb Code     2  stm32g4xx_it.o(i.DebugMon_Handler)
    Delay_LCD                                0x08001511   Thumb Code    28  lcd.o(i.Delay_LCD)
    Error_Handler                            0x0800152d   Thumb Code     4  main.o(i.Error_Handler)
    HAL_ADC_ConfigChannel                    0x08001531   Thumb Code  1004  stm32g4xx_hal_adc.o(i.HAL_ADC_ConfigChannel)
    HAL_ADC_GetValue                         0x08001951   Thumb Code     6  stm32g4xx_hal_adc.o(i.HAL_ADC_GetValue)
    HAL_ADC_Init                             0x08001959   Thumb Code   472  stm32g4xx_hal_adc.o(i.HAL_ADC_Init)
    HAL_ADC_MspInit                          0x08001b51   Thumb Code   106  adc.o(i.HAL_ADC_MspInit)
    HAL_ADC_Start                            0x08001bc9   Thumb Code   230  stm32g4xx_hal_adc.o(i.HAL_ADC_Start)
    HAL_DMA_Abort_IT                         0x08001cbd   Thumb Code   120  stm32g4xx_hal_dma.o(i.HAL_DMA_Abort_IT)
    HAL_Delay                                0x08001d35   Thumb Code    32  stm32g4xx_hal.o(i.HAL_Delay)
    HAL_GPIO_Init                            0x08001d59   Thumb Code   422  stm32g4xx_hal_gpio.o(i.HAL_GPIO_Init)
    HAL_GPIO_ReadPin                         0x08001f21   Thumb Code    10  stm32g4xx_hal_gpio.o(i.HAL_GPIO_ReadPin)
    HAL_GPIO_TogglePin                       0x08001f2b   Thumb Code    14  stm32g4xx_hal_gpio.o(i.HAL_GPIO_TogglePin)
    HAL_GPIO_WritePin                        0x08001f39   Thumb Code    10  stm32g4xx_hal_gpio.o(i.HAL_GPIO_WritePin)
    HAL_GetTick                              0x08001f45   Thumb Code     6  stm32g4xx_hal.o(i.HAL_GetTick)
    HAL_IncTick                              0x08001f51   Thumb Code    12  stm32g4xx_hal.o(i.HAL_IncTick)
    HAL_Init                                 0x08001f61   Thumb Code    30  stm32g4xx_hal.o(i.HAL_Init)
    HAL_InitTick                             0x08001f81   Thumb Code    58  stm32g4xx_hal.o(i.HAL_InitTick)
    HAL_MspInit                              0x08001fc5   Thumb Code    42  stm32g4xx_hal_msp.o(i.HAL_MspInit)
    HAL_NVIC_EnableIRQ                       0x08001ff5   Thumb Code    26  stm32g4xx_hal_cortex.o(i.HAL_NVIC_EnableIRQ)
    HAL_NVIC_SetPriority                     0x08002011   Thumb Code    60  stm32g4xx_hal_cortex.o(i.HAL_NVIC_SetPriority)
    HAL_NVIC_SetPriorityGrouping             0x08002051   Thumb Code    26  stm32g4xx_hal_cortex.o(i.HAL_NVIC_SetPriorityGrouping)
    HAL_PWREx_ControlVoltageScaling          0x08002075   Thumb Code   174  stm32g4xx_hal_pwr_ex.o(i.HAL_PWREx_ControlVoltageScaling)
    HAL_PWREx_DisableUSBDeadBatteryPD        0x08002131   Thumb Code    12  stm32g4xx_hal_pwr_ex.o(i.HAL_PWREx_DisableUSBDeadBatteryPD)
    HAL_RCCEx_PeriphCLKConfig                0x08002141   Thumb Code   638  stm32g4xx_hal_rcc_ex.o(i.HAL_RCCEx_PeriphCLKConfig)
    HAL_RCC_ClockConfig                      0x080023c9   Thumb Code   444  stm32g4xx_hal_rcc.o(i.HAL_RCC_ClockConfig)
    HAL_RCC_GetPCLK1Freq                     0x080025a5   Thumb Code    24  stm32g4xx_hal_rcc.o(i.HAL_RCC_GetPCLK1Freq)
    HAL_RCC_GetPCLK2Freq                     0x080025c9   Thumb Code    24  stm32g4xx_hal_rcc.o(i.HAL_RCC_GetPCLK2Freq)
    HAL_RCC_GetSysClockFreq                  0x080025ed   Thumb Code    98  stm32g4xx_hal_rcc.o(i.HAL_RCC_GetSysClockFreq)
    HAL_RCC_OscConfig                        0x08002659   Thumb Code  1036  stm32g4xx_hal_rcc.o(i.HAL_RCC_OscConfig)
    HAL_RS485Ex_Init                         0x08002a65   Thumb Code   136  stm32g4xx_hal_uart_ex.o(i.HAL_RS485Ex_Init)
    HAL_SYSTICK_Config                       0x08002af1   Thumb Code    40  stm32g4xx_hal_cortex.o(i.HAL_SYSTICK_Config)
    HAL_TIMEx_Break2Callback                 0x08002b19   Thumb Code     2  stm32g4xx_hal_tim_ex.o(i.HAL_TIMEx_Break2Callback)
    HAL_TIMEx_BreakCallback                  0x08002b1b   Thumb Code     2  stm32g4xx_hal_tim_ex.o(i.HAL_TIMEx_BreakCallback)
    HAL_TIMEx_CommutCallback                 0x08002b1d   Thumb Code     2  stm32g4xx_hal_tim_ex.o(i.HAL_TIMEx_CommutCallback)
    HAL_TIMEx_DirectionChangeCallback        0x08002b1f   Thumb Code     2  stm32g4xx_hal_tim_ex.o(i.HAL_TIMEx_DirectionChangeCallback)
    HAL_TIMEx_EncoderIndexCallback           0x08002b21   Thumb Code     2  stm32g4xx_hal_tim_ex.o(i.HAL_TIMEx_EncoderIndexCallback)
    HAL_TIMEx_IndexErrorCallback             0x08002b23   Thumb Code     2  stm32g4xx_hal_tim_ex.o(i.HAL_TIMEx_IndexErrorCallback)
    HAL_TIMEx_MasterConfigSynchronization    0x08002b25   Thumb Code   132  stm32g4xx_hal_tim_ex.o(i.HAL_TIMEx_MasterConfigSynchronization)
    HAL_TIMEx_TransitionErrorCallback        0x08002bc1   Thumb Code     2  stm32g4xx_hal_tim_ex.o(i.HAL_TIMEx_TransitionErrorCallback)
    HAL_TIM_Base_Init                        0x08002bc3   Thumb Code    98  stm32g4xx_hal_tim.o(i.HAL_TIM_Base_Init)
    HAL_TIM_Base_MspInit                     0x08002c25   Thumb Code    66  tim.o(i.HAL_TIM_Base_MspInit)
    HAL_TIM_Base_Start_IT                    0x08002c71   Thumb Code    58  stm32g4xx_hal_tim.o(i.HAL_TIM_Base_Start_IT)
    HAL_TIM_ConfigClockSource                0x08002cb1   Thumb Code   244  stm32g4xx_hal_tim.o(i.HAL_TIM_ConfigClockSource)
    HAL_TIM_IC_CaptureCallback               0x08002dad   Thumb Code     2  stm32g4xx_hal_tim.o(i.HAL_TIM_IC_CaptureCallback)
    HAL_TIM_IRQHandler                       0x08002daf   Thumb Code   508  stm32g4xx_hal_tim.o(i.HAL_TIM_IRQHandler)
    HAL_TIM_OC_DelayElapsedCallback          0x08002fab   Thumb Code     2  stm32g4xx_hal_tim.o(i.HAL_TIM_OC_DelayElapsedCallback)
    HAL_TIM_PWM_PulseFinishedCallback        0x08002fad   Thumb Code     2  stm32g4xx_hal_tim.o(i.HAL_TIM_PWM_PulseFinishedCallback)
    HAL_TIM_PeriodElapsedCallback            0x08002fb1   Thumb Code    30  fun.o(i.HAL_TIM_PeriodElapsedCallback)
    HAL_TIM_TriggerCallback                  0x08002fd9   Thumb Code     2  stm32g4xx_hal_tim.o(i.HAL_TIM_TriggerCallback)
    HAL_UARTEx_DisableFifoMode               0x08002fdb   Thumb Code    62  stm32g4xx_hal_uart_ex.o(i.HAL_UARTEx_DisableFifoMode)
    HAL_UARTEx_RxFifoFullCallback            0x08003019   Thumb Code     2  stm32g4xx_hal_uart_ex.o(i.HAL_UARTEx_RxFifoFullCallback)
    HAL_UARTEx_SetRxFifoThreshold            0x0800301b   Thumb Code    76  stm32g4xx_hal_uart_ex.o(i.HAL_UARTEx_SetRxFifoThreshold)
    HAL_UARTEx_SetTxFifoThreshold            0x08003067   Thumb Code    76  stm32g4xx_hal_uart_ex.o(i.HAL_UARTEx_SetTxFifoThreshold)
    HAL_UARTEx_TxFifoEmptyCallback           0x080030b3   Thumb Code     2  stm32g4xx_hal_uart_ex.o(i.HAL_UARTEx_TxFifoEmptyCallback)
    HAL_UARTEx_WakeupCallback                0x080030b5   Thumb Code     2  stm32g4xx_hal_uart_ex.o(i.HAL_UARTEx_WakeupCallback)
    HAL_UART_ErrorCallback                   0x080030b7   Thumb Code     2  stm32g4xx_hal_uart.o(i.HAL_UART_ErrorCallback)
    HAL_UART_IRQHandler                      0x080030b9   Thumb Code   404  stm32g4xx_hal_uart.o(i.HAL_UART_IRQHandler)
    HAL_UART_MspInit                         0x08003255   Thumb Code   132  usart.o(i.HAL_UART_MspInit)
    HAL_UART_Receive_IT                      0x080032e1   Thumb Code   234  stm32g4xx_hal_uart.o(i.HAL_UART_Receive_IT)
    HAL_UART_RxCpltCallback                  0x080033dd   Thumb Code     2  stm32g4xx_hal_uart.o(i.HAL_UART_RxCpltCallback)
    HAL_UART_Transmit                        0x080033df   Thumb Code   188  stm32g4xx_hal_uart.o(i.HAL_UART_Transmit)
    HAL_UART_TxCpltCallback                  0x0800349b   Thumb Code     2  stm32g4xx_hal_uart.o(i.HAL_UART_TxCpltCallback)
    HardFault_Handler                        0x0800349d   Thumb Code     2  stm32g4xx_it.o(i.HardFault_Handler)
    LCD_BusIn                                0x080034a1   Thumb Code    40  lcd.o(i.LCD_BusIn)
    LCD_BusOut                               0x080034cd   Thumb Code    42  lcd.o(i.LCD_BusOut)
    LCD_Clear                                0x080034fd   Thumb Code    36  lcd.o(i.LCD_Clear)
    LCD_CtrlLinesConfig                      0x08003521   Thumb Code   136  lcd.o(i.LCD_CtrlLinesConfig)
    LCD_DisplayChar                          0x080035b1   Thumb Code    18  lcd.o(i.LCD_DisplayChar)
    LCD_DisplayStringLine                    0x080035c9   Thumb Code    42  lcd.o(i.LCD_DisplayStringLine)
    LCD_DrawChar                             0x080035f5   Thumb Code    84  lcd.o(i.LCD_DrawChar)
    LCD_Init                                 0x0800364d   Thumb Code    46  lcd.o(i.LCD_Init)
    LCD_ReadReg                              0x08003681   Thumb Code   120  lcd.o(i.LCD_ReadReg)
    LCD_SetBackColor                         0x08003701   Thumb Code    12  lcd.o(i.LCD_SetBackColor)
    LCD_SetCursor                            0x08003711   Thumb Code    24  lcd.o(i.LCD_SetCursor)
    LCD_SetTextColor                         0x08003729   Thumb Code    12  lcd.o(i.LCD_SetTextColor)
    LCD_WriteRAM                             0x08003739   Thumb Code    80  lcd.o(i.LCD_WriteRAM)
    LCD_WriteRAM_Prepare                     0x08003791   Thumb Code    82  lcd.o(i.LCD_WriteRAM_Prepare)
    LCD_WriteReg                             0x080037ed   Thumb Code   100  lcd.o(i.LCD_WriteReg)
    MX_ADC2_Init                             0x080038a5   Thumb Code   112  adc.o(i.MX_ADC2_Init)
    MX_GPIO_Init                             0x08003921   Thumb Code   214  gpio.o(i.MX_GPIO_Init)
    MX_TIM1_Init                             0x08003a0d   Thumb Code    98  tim.o(i.MX_TIM1_Init)
    MX_USART1_UART_Init                      0x08003a79   Thumb Code    98  usart.o(i.MX_USART1_UART_Init)
    MemManage_Handler                        0x08003ae5   Thumb Code     2  stm32g4xx_it.o(i.MemManage_Handler)
    NMI_Handler                              0x08003ae7   Thumb Code     2  stm32g4xx_it.o(i.NMI_Handler)
    PendSV_Handler                           0x08003ae9   Thumb Code     2  stm32g4xx_it.o(i.PendSV_Handler)
    REG_8230_Init                            0x08003aeb   Thumb Code   274  lcd.o(i.REG_8230_Init)
    REG_932X_Init                            0x08003bfd   Thumb Code   514  lcd.o(i.REG_932X_Init)
    SVC_Handler                              0x08003dff   Thumb Code     2  stm32g4xx_it.o(i.SVC_Handler)
    SysTick_Handler                          0x08003e01   Thumb Code     4  stm32g4xx_it.o(i.SysTick_Handler)
    SystemClock_Config                       0x08003e05   Thumb Code   106  main.o(i.SystemClock_Config)
    SystemInit                               0x08003e71   Thumb Code    22  system_stm32g4xx.o(i.SystemInit)
    TIM1_TRG_COM_TIM17_IRQHandler            0x08003e8d   Thumb Code     6  stm32g4xx_it.o(i.TIM1_TRG_COM_TIM17_IRQHandler)
    TIM1_UP_TIM16_IRQHandler                 0x08003e99   Thumb Code     6  stm32g4xx_it.o(i.TIM1_UP_TIM16_IRQHandler)
    TIM_Base_SetConfig                       0x08003ea5   Thumb Code   146  stm32g4xx_hal_tim.o(i.TIM_Base_SetConfig)
    TIM_ETR_SetConfig                        0x08003f55   Thumb Code    20  stm32g4xx_hal_tim.o(i.TIM_ETR_SetConfig)
    UART_AdvFeatureConfig                    0x08004029   Thumb Code   200  stm32g4xx_hal_uart.o(i.UART_AdvFeatureConfig)
    UART_CheckIdleState                      0x080040f1   Thumb Code    94  stm32g4xx_hal_uart.o(i.UART_CheckIdleState)
    UART_SetConfig                           0x08004389   Thumb Code  1958  stm32g4xx_hal_uart.o(i.UART_SetConfig)
    UART_WaitOnFlagUntilTimeout              0x08004b2f   Thumb Code   100  stm32g4xx_hal_uart.o(i.UART_WaitOnFlagUntilTimeout)
    USART1_IRQHandler                        0x08004b95   Thumb Code   218  stm32g4xx_it.o(i.USART1_IRQHandler)
    UsageFault_Handler                       0x08004cad   Thumb Code     2  stm32g4xx_it.o(i.UsageFault_Handler)
    __ARM_fpclassify                         0x08004caf   Thumb Code    48  fpclassify.o(i.__ARM_fpclassify)
    _is_digit                                0x08004cff   Thumb Code    14  __printf_wp.o(i._is_digit)
    data_show                                0x08004d0d   Thumb Code    88  fun.o(i.data_show)
    get_value                                0x08004dd1   Thumb Code    92  fun.o(i.get_value)
    key_scan                                 0x08004e51   Thumb Code   294  fun.o(i.key_scan)
    lcd_show                                 0x08004f99   Thumb Code    14  fun.o(i.lcd_show)
    led_show                                 0x08004fad   Thumb Code   178  fun.o(i.led_show)
    main                                     0x0800506d   Thumb Code   110  main.o(i.main)
    s_fun                                    0x080050ed   Thumb Code    96  fun.o(i.s_fun)
    warn_show                                0x0800515d   Thumb Code    30  fun.o(i.warn_show)
    _get_lc_numeric                          0x080051a5   Thumb Code    44  lc_numeric_c.o(locale$$code)
    __aeabi_d2f                              0x080051d1   Thumb Code     0  d2f.o(x$fpl$d2f)
    _d2f                                     0x080051d1   Thumb Code    98  d2f.o(x$fpl$d2f)
    __aeabi_ui2d                             0x08005233   Thumb Code     0  dflt_clz.o(x$fpl$dfltu)
    _dfltu                                   0x08005233   Thumb Code    38  dflt_clz.o(x$fpl$dfltu)
    __aeabi_dmul                             0x08005259   Thumb Code     0  dmul.o(x$fpl$dmul)
    _dmul                                    0x08005259   Thumb Code   332  dmul.o(x$fpl$dmul)
    __fpl_dnaninf                            0x080053ad   Thumb Code   156  dnaninf.o(x$fpl$dnaninf)
    __fpl_dretinf                            0x08005449   Thumb Code    12  dretinf.o(x$fpl$dretinf)
    __aeabi_f2d                              0x08005455   Thumb Code     0  f2d.o(x$fpl$f2d)
    _f2d                                     0x08005455   Thumb Code    86  f2d.o(x$fpl$f2d)
    __fpl_fnaninf                            0x080054ab   Thumb Code   140  fnaninf.o(x$fpl$fnaninf)
    _fp_init                                 0x08005537   Thumb Code    10  fpinit.o(x$fpl$fpinit)
    __fplib_config_fpu_vfp                   0x0800553f   Thumb Code     0  fpinit.o(x$fpl$fpinit)
    __fplib_config_pureend_doubles           0x0800553f   Thumb Code     0  fpinit.o(x$fpl$fpinit)
    __fpl_fretinf                            0x08005541   Thumb Code    10  fretinf.o(x$fpl$fretinf)
    _printf_fp_dec                           0x0800554b   Thumb Code     4  printf1.o(x$fpl$printf1)
    AHBPrescTable                            0x0800554e   Data          16  system_stm32g4xx.o(.constdata)
    __I$use$fp                               0x0800554e   Number         0  usenofp.o(x$fpl$usenofp)
    APBPrescTable                            0x0800555e   Data           8  system_stm32g4xx.o(.constdata)
    ASCII_Table                              0x08005566   Data        4560  lcd.o(.constdata)
    Region$$Table$$Base                      0x080067cc   Number         0  anon$$obj.o(Region$$Table)
    Region$$Table$$Limit                     0x080067ec   Number         0  anon$$obj.o(Region$$Table)
    len                                      0x20000000   Data           1  main.o(.data)
    uwTickPrio                               0x20000004   Data           4  stm32g4xx_hal.o(.data)
    uwTickFreq                               0x20000008   Data           4  stm32g4xx_hal.o(.data)
    uwTick                                   0x2000000c   Data           4  stm32g4xx_hal.o(.data)
    SystemCoreClock                          0x20000010   Data           4  system_stm32g4xx.o(.data)
    flag_N                                   0x20000014   Data           1  fun.o(.data)
    flag_pra                                 0x20000015   Data           1  fun.o(.data)
    flag_back                                0x20000016   Data           1  fun.o(.data)
    s0_1                                     0x20000017   Data           1  fun.o(.data)
    flag_turn_mode                           0x20000018   Data           1  fun.o(.data)
    key1_state                               0x20000019   Data           1  fun.o(.data)
    key2_state                               0x2000001a   Data           1  fun.o(.data)
    key3_state                               0x2000001b   Data           1  fun.o(.data)
    key4_state                               0x2000001c   Data           1  fun.o(.data)
    key1_last_state                          0x2000001d   Data           1  fun.o(.data)
    key2_last_state                          0x2000001e   Data           1  fun.o(.data)
    key3_last_state                          0x2000001f   Data           1  fun.o(.data)
    key4_last_state                          0x20000020   Data           1  fun.o(.data)
    s1                                       0x20000022   Data           2  fun.o(.data)
    value                                    0x20000024   Data           4  fun.o(.data)
    dis                                      0x20000028   Data           4  fun.o(.data)
    dummy                                    0x20000030   Data           2  lcd.o(.data)
    rec                                      0x20000034   Data          20  main.o(.bss)
    rec_buf                                  0x20000048   Data          20  main.o(.bss)
    hadc2                                    0x2000005c   Data         108  adc.o(.bss)
    htim1                                    0x200000c8   Data          76  tim.o(.bss)
    huart1                                   0x20000114   Data         140  usart.o(.bss)
    __libspace_start                         0x200001a0   Data          96  libspace.o(.bss)
    __temporary_stack_top$libspace           0x20000200   Data           0  libspace.o(.bss)



==============================================================================

Memory Map of the image

  Image Entry point : 0x080001d9

  Load Region LR_IROM1 (Base: 0x08000000, Size: 0x0000683c, Max: 0x00020000, ABSOLUTE)

    Execution Region ER_IROM1 (Exec base: 0x08000000, Load base: 0x08000000, Size: 0x00006808, Max: 0x00020000, ABSOLUTE)

    Exec Addr    Load Addr    Size         Type   Attr      Idx    E Section Name        Object

    0x08000000   0x08000000   0x000001d8   Data   RO            3    RESET               startup_stm32g431xx.o
    0x080001d8   0x080001d8   0x00000008   Code   RO         4378  * !!!main             c_w.l(__main.o)
    0x080001e0   0x080001e0   0x00000034   Code   RO         4618    !!!scatter          c_w.l(__scatter.o)
    0x08000214   0x08000214   0x0000001a   Code   RO         4620    !!handler_copy      c_w.l(__scatter_copy.o)
    0x0800022e   0x0800022e   0x00000002   PAD
    0x08000230   0x08000230   0x0000001c   Code   RO         4622    !!handler_zi        c_w.l(__scatter_zi.o)
    0x0800024c   0x0800024c   0x00000000   Code   RO         4367    .ARM.Collect$$_printf_percent$$00000000  c_w.l(_printf_percent.o)
    0x0800024c   0x0800024c   0x00000006   Code   RO         4366    .ARM.Collect$$_printf_percent$$00000003  c_w.l(_printf_f.o)
    0x08000252   0x08000252   0x00000004   Code   RO         4405    .ARM.Collect$$_printf_percent$$00000017  c_w.l(_printf_percent_end.o)
    0x08000256   0x08000256   0x00000002   Code   RO         4491    .ARM.Collect$$libinit$$00000000  c_w.l(libinit.o)
    0x08000258   0x08000258   0x00000004   Code   RO         4492    .ARM.Collect$$libinit$$00000001  c_w.l(libinit2.o)
    0x0800025c   0x0800025c   0x00000000   Code   RO         4495    .ARM.Collect$$libinit$$00000004  c_w.l(libinit2.o)
    0x0800025c   0x0800025c   0x00000000   Code   RO         4498    .ARM.Collect$$libinit$$0000000A  c_w.l(libinit2.o)
    0x0800025c   0x0800025c   0x00000000   Code   RO         4500    .ARM.Collect$$libinit$$0000000C  c_w.l(libinit2.o)
    0x0800025c   0x0800025c   0x00000000   Code   RO         4502    .ARM.Collect$$libinit$$0000000E  c_w.l(libinit2.o)
    0x0800025c   0x0800025c   0x00000006   Code   RO         4503    .ARM.Collect$$libinit$$0000000F  c_w.l(libinit2.o)
    0x08000262   0x08000262   0x00000000   Code   RO         4505    .ARM.Collect$$libinit$$00000011  c_w.l(libinit2.o)
    0x08000262   0x08000262   0x00000000   Code   RO         4507    .ARM.Collect$$libinit$$00000013  c_w.l(libinit2.o)
    0x08000262   0x08000262   0x00000000   Code   RO         4509    .ARM.Collect$$libinit$$00000015  c_w.l(libinit2.o)
    0x08000262   0x08000262   0x0000000a   Code   RO         4510    .ARM.Collect$$libinit$$00000016  c_w.l(libinit2.o)
    0x0800026c   0x0800026c   0x00000000   Code   RO         4511    .ARM.Collect$$libinit$$00000017  c_w.l(libinit2.o)
    0x0800026c   0x0800026c   0x00000000   Code   RO         4513    .ARM.Collect$$libinit$$00000019  c_w.l(libinit2.o)
    0x0800026c   0x0800026c   0x00000000   Code   RO         4515    .ARM.Collect$$libinit$$0000001B  c_w.l(libinit2.o)
    0x0800026c   0x0800026c   0x00000000   Code   RO         4517    .ARM.Collect$$libinit$$0000001D  c_w.l(libinit2.o)
    0x0800026c   0x0800026c   0x00000000   Code   RO         4519    .ARM.Collect$$libinit$$0000001F  c_w.l(libinit2.o)
    0x0800026c   0x0800026c   0x00000000   Code   RO         4521    .ARM.Collect$$libinit$$00000021  c_w.l(libinit2.o)
    0x0800026c   0x0800026c   0x00000000   Code   RO         4523    .ARM.Collect$$libinit$$00000023  c_w.l(libinit2.o)
    0x0800026c   0x0800026c   0x00000000   Code   RO         4525    .ARM.Collect$$libinit$$00000025  c_w.l(libinit2.o)
    0x0800026c   0x0800026c   0x00000000   Code   RO         4529    .ARM.Collect$$libinit$$0000002C  c_w.l(libinit2.o)
    0x0800026c   0x0800026c   0x00000000   Code   RO         4531    .ARM.Collect$$libinit$$0000002E  c_w.l(libinit2.o)
    0x0800026c   0x0800026c   0x00000000   Code   RO         4533    .ARM.Collect$$libinit$$00000030  c_w.l(libinit2.o)
    0x0800026c   0x0800026c   0x00000000   Code   RO         4535    .ARM.Collect$$libinit$$00000032  c_w.l(libinit2.o)
    0x0800026c   0x0800026c   0x00000002   Code   RO         4536    .ARM.Collect$$libinit$$00000033  c_w.l(libinit2.o)
    0x0800026e   0x0800026e   0x00000002   Code   RO         4583    .ARM.Collect$$libshutdown$$00000000  c_w.l(libshutdown.o)
    0x08000270   0x08000270   0x00000000   Code   RO         4601    .ARM.Collect$$libshutdown$$00000002  c_w.l(libshutdown2.o)
    0x08000270   0x08000270   0x00000000   Code   RO         4603    .ARM.Collect$$libshutdown$$00000004  c_w.l(libshutdown2.o)
    0x08000270   0x08000270   0x00000000   Code   RO         4606    .ARM.Collect$$libshutdown$$00000007  c_w.l(libshutdown2.o)
    0x08000270   0x08000270   0x00000000   Code   RO         4609    .ARM.Collect$$libshutdown$$0000000A  c_w.l(libshutdown2.o)
    0x08000270   0x08000270   0x00000000   Code   RO         4611    .ARM.Collect$$libshutdown$$0000000C  c_w.l(libshutdown2.o)
    0x08000270   0x08000270   0x00000000   Code   RO         4614    .ARM.Collect$$libshutdown$$0000000F  c_w.l(libshutdown2.o)
    0x08000270   0x08000270   0x00000002   Code   RO         4615    .ARM.Collect$$libshutdown$$00000010  c_w.l(libshutdown2.o)
    0x08000272   0x08000272   0x00000000   Code   RO         4394    .ARM.Collect$$rtentry$$00000000  c_w.l(__rtentry.o)
    0x08000272   0x08000272   0x00000000   Code   RO         4416    .ARM.Collect$$rtentry$$00000002  c_w.l(__rtentry2.o)
    0x08000272   0x08000272   0x00000006   Code   RO         4428    .ARM.Collect$$rtentry$$00000004  c_w.l(__rtentry4.o)
    0x08000278   0x08000278   0x00000000   Code   RO         4418    .ARM.Collect$$rtentry$$00000009  c_w.l(__rtentry2.o)
    0x08000278   0x08000278   0x00000004   Code   RO         4419    .ARM.Collect$$rtentry$$0000000A  c_w.l(__rtentry2.o)
    0x0800027c   0x0800027c   0x00000000   Code   RO         4421    .ARM.Collect$$rtentry$$0000000C  c_w.l(__rtentry2.o)
    0x0800027c   0x0800027c   0x00000008   Code   RO         4422    .ARM.Collect$$rtentry$$0000000D  c_w.l(__rtentry2.o)
    0x08000284   0x08000284   0x00000002   Code   RO         4537    .ARM.Collect$$rtexit$$00000000  c_w.l(rtexit.o)
    0x08000286   0x08000286   0x00000000   Code   RO         4552    .ARM.Collect$$rtexit$$00000002  c_w.l(rtexit2.o)
    0x08000286   0x08000286   0x00000004   Code   RO         4553    .ARM.Collect$$rtexit$$00000003  c_w.l(rtexit2.o)
    0x0800028a   0x0800028a   0x00000006   Code   RO         4554    .ARM.Collect$$rtexit$$00000004  c_w.l(rtexit2.o)
    0x08000290   0x08000290   0x00000040   Code   RO            4    .text               startup_stm32g431xx.o
    0x080002d0   0x080002d0   0x000000ee   Code   RO         4338    .text               c_w.l(lludivv7m.o)
    0x080003be   0x080003be   0x00000002   PAD
    0x080003c0   0x080003c0   0x00000028   Code   RO         4342    .text               c_w.l(noretval__2sprintf.o)
    0x080003e8   0x080003e8   0x0000010e   Code   RO         4354    .text               c_w.l(__printf_wp.o)
    0x080004f6   0x080004f6   0x0000003e   Code   RO         4368    .text               c_w.l(strlen.o)
    0x08000534   0x08000534   0x00000044   Code   RO         4370    .text               c_w.l(rt_memclr.o)
    0x08000578   0x08000578   0x0000004e   Code   RO         4372    .text               c_w.l(rt_memclr_w.o)
    0x080005c6   0x080005c6   0x00000002   PAD
    0x080005c8   0x080005c8   0x00000080   Code   RO         4374    .text               c_w.l(strcmpv7m.o)
    0x08000648   0x08000648   0x00000006   Code   RO         4376    .text               c_w.l(heapauxi.o)
    0x0800064e   0x0800064e   0x0000041e   Code   RO         4399    .text               c_w.l(_printf_fp_dec.o)
    0x08000a6c   0x08000a6c   0x00000030   Code   RO         4401    .text               c_w.l(_printf_char_common.o)
    0x08000a9c   0x08000a9c   0x0000000a   Code   RO         4403    .text               c_w.l(_sputc.o)
    0x08000aa6   0x08000aa6   0x00000002   PAD
    0x08000aa8   0x08000aa8   0x00000008   Code   RO         4435    .text               c_w.l(rt_locale_intlibspace.o)
    0x08000ab0   0x08000ab0   0x0000008a   Code   RO         4437    .text               c_w.l(lludiv10.o)
    0x08000b3a   0x08000b3a   0x00000002   PAD
    0x08000b3c   0x08000b3c   0x00000080   Code   RO         4439    .text               c_w.l(_printf_fp_infnan.o)
    0x08000bbc   0x08000bbc   0x000000e4   Code   RO         4443    .text               c_w.l(bigflt0.o)
    0x08000ca0   0x08000ca0   0x00000008   Code   RO         4475    .text               c_w.l(libspace.o)
    0x08000ca8   0x08000ca8   0x0000004a   Code   RO         4478    .text               c_w.l(sys_stackheap_outer.o)
    0x08000cf2   0x08000cf2   0x00000012   Code   RO         4480    .text               c_w.l(exit.o)
    0x08000d04   0x08000d04   0x0000000c   Code   RO         4549    .text               c_w.l(sys_exit.o)
    0x08000d10   0x08000d10   0x00000002   Code   RO         4570    .text               c_w.l(use_no_semi.o)
    0x08000d12   0x08000d12   0x00000000   Code   RO         4572    .text               c_w.l(indicate_semi.o)
    0x08000d12   0x08000d12   0x0000003e   Code   RO         4446    CL$$btod_d2e        c_w.l(btod.o)
    0x08000d50   0x08000d50   0x00000046   Code   RO         4448    CL$$btod_d2e_denorm_low  c_w.l(btod.o)
    0x08000d96   0x08000d96   0x00000060   Code   RO         4447    CL$$btod_d2e_norm_op1  c_w.l(btod.o)
    0x08000df6   0x08000df6   0x00000338   Code   RO         4456    CL$$btod_div_common  c_w.l(btod.o)
    0x0800112e   0x0800112e   0x000000dc   Code   RO         4453    CL$$btod_e2e        c_w.l(btod.o)
    0x0800120a   0x0800120a   0x0000002a   Code   RO         4450    CL$$btod_ediv       c_w.l(btod.o)
    0x08001234   0x08001234   0x0000002a   Code   RO         4449    CL$$btod_emul       c_w.l(btod.o)
    0x0800125e   0x0800125e   0x00000244   Code   RO         4455    CL$$btod_mult_common  c_w.l(btod.o)
    0x080014a2   0x080014a2   0x00000002   PAD
    0x080014a4   0x080014a4   0x00000068   Code   RO          480    i.ADC_Enable        stm32g4xx_hal_adc.o
    0x0800150c   0x0800150c   0x00000002   Code   RO          353    i.BusFault_Handler  stm32g4xx_it.o
    0x0800150e   0x0800150e   0x00000002   Code   RO          354    i.DebugMon_Handler  stm32g4xx_it.o
    0x08001510   0x08001510   0x0000001c   Code   RO         4133    i.Delay_LCD         lcd.o
    0x0800152c   0x0800152c   0x00000004   Code   RO           13    i.Error_Handler     main.o
    0x08001530   0x08001530   0x00000420   Code   RO          482    i.HAL_ADC_ConfigChannel  stm32g4xx_hal_adc.o
    0x08001950   0x08001950   0x00000006   Code   RO          489    i.HAL_ADC_GetValue  stm32g4xx_hal_adc.o
    0x08001956   0x08001956   0x00000002   PAD
    0x08001958   0x08001958   0x000001f8   Code   RO          491    i.HAL_ADC_Init      stm32g4xx_hal_adc.o
    0x08001b50   0x08001b50   0x00000078   Code   RO          228    i.HAL_ADC_MspInit   adc.o
    0x08001bc8   0x08001bc8   0x000000f4   Code   RO          497    i.HAL_ADC_Start     stm32g4xx_hal_adc.o
    0x08001cbc   0x08001cbc   0x00000078   Code   RO         1759    i.HAL_DMA_Abort_IT  stm32g4xx_hal_dma.o
    0x08001d34   0x08001d34   0x00000024   Code   RO          929    i.HAL_Delay         stm32g4xx_hal.o
    0x08001d58   0x08001d58   0x000001c8   Code   RO         1620    i.HAL_GPIO_Init     stm32g4xx_hal_gpio.o
    0x08001f20   0x08001f20   0x0000000a   Code   RO         1622    i.HAL_GPIO_ReadPin  stm32g4xx_hal_gpio.o
    0x08001f2a   0x08001f2a   0x0000000e   Code   RO         1623    i.HAL_GPIO_TogglePin  stm32g4xx_hal_gpio.o
    0x08001f38   0x08001f38   0x0000000a   Code   RO         1624    i.HAL_GPIO_WritePin  stm32g4xx_hal_gpio.o
    0x08001f42   0x08001f42   0x00000002   PAD
    0x08001f44   0x08001f44   0x0000000c   Code   RO          933    i.HAL_GetTick       stm32g4xx_hal.o
    0x08001f50   0x08001f50   0x00000010   Code   RO          936    i.HAL_IncTick       stm32g4xx_hal.o
    0x08001f60   0x08001f60   0x0000001e   Code   RO          937    i.HAL_Init          stm32g4xx_hal.o
    0x08001f7e   0x08001f7e   0x00000002   PAD
    0x08001f80   0x08001f80   0x00000044   Code   RO          938    i.HAL_InitTick      stm32g4xx_hal.o
    0x08001fc4   0x08001fc4   0x00000030   Code   RO          451    i.HAL_MspInit       stm32g4xx_hal_msp.o
    0x08001ff4   0x08001ff4   0x0000001a   Code   RO         2267    i.HAL_NVIC_EnableIRQ  stm32g4xx_hal_cortex.o
    0x0800200e   0x0800200e   0x00000002   PAD
    0x08002010   0x08002010   0x00000040   Code   RO         2273    i.HAL_NVIC_SetPriority  stm32g4xx_hal_cortex.o
    0x08002050   0x08002050   0x00000024   Code   RO         2274    i.HAL_NVIC_SetPriorityGrouping  stm32g4xx_hal_cortex.o
    0x08002074   0x08002074   0x000000bc   Code   RO         2023    i.HAL_PWREx_ControlVoltageScaling  stm32g4xx_hal_pwr_ex.o
    0x08002130   0x08002130   0x00000010   Code   RO         2035    i.HAL_PWREx_DisableUSBDeadBatteryPD  stm32g4xx_hal_pwr_ex.o
    0x08002140   0x08002140   0x00000288   Code   RO         1282    i.HAL_RCCEx_PeriphCLKConfig  stm32g4xx_hal_rcc_ex.o
    0x080023c8   0x080023c8   0x000001dc   Code   RO         1157    i.HAL_RCC_ClockConfig  stm32g4xx_hal_rcc.o
    0x080025a4   0x080025a4   0x00000024   Code   RO         1165    i.HAL_RCC_GetPCLK1Freq  stm32g4xx_hal_rcc.o
    0x080025c8   0x080025c8   0x00000024   Code   RO         1166    i.HAL_RCC_GetPCLK2Freq  stm32g4xx_hal_rcc.o
    0x080025ec   0x080025ec   0x0000006c   Code   RO         1167    i.HAL_RCC_GetSysClockFreq  stm32g4xx_hal_rcc.o
    0x08002658   0x08002658   0x0000040c   Code   RO         1170    i.HAL_RCC_OscConfig  stm32g4xx_hal_rcc.o
    0x08002a64   0x08002a64   0x0000008c   Code   RO         3919    i.HAL_RS485Ex_Init  stm32g4xx_hal_uart_ex.o
    0x08002af0   0x08002af0   0x00000028   Code   RO         2278    i.HAL_SYSTICK_Config  stm32g4xx_hal_cortex.o
    0x08002b18   0x08002b18   0x00000002   Code   RO         3113    i.HAL_TIMEx_Break2Callback  stm32g4xx_hal_tim_ex.o
    0x08002b1a   0x08002b1a   0x00000002   Code   RO         3114    i.HAL_TIMEx_BreakCallback  stm32g4xx_hal_tim_ex.o
    0x08002b1c   0x08002b1c   0x00000002   Code   RO         3115    i.HAL_TIMEx_CommutCallback  stm32g4xx_hal_tim_ex.o
    0x08002b1e   0x08002b1e   0x00000002   Code   RO         3126    i.HAL_TIMEx_DirectionChangeCallback  stm32g4xx_hal_tim_ex.o
    0x08002b20   0x08002b20   0x00000002   Code   RO         3140    i.HAL_TIMEx_EncoderIndexCallback  stm32g4xx_hal_tim_ex.o
    0x08002b22   0x08002b22   0x00000002   Code   RO         3154    i.HAL_TIMEx_IndexErrorCallback  stm32g4xx_hal_tim_ex.o
    0x08002b24   0x08002b24   0x0000009c   Code   RO         3155    i.HAL_TIMEx_MasterConfigSynchronization  stm32g4xx_hal_tim_ex.o
    0x08002bc0   0x08002bc0   0x00000002   Code   RO         3176    i.HAL_TIMEx_TransitionErrorCallback  stm32g4xx_hal_tim_ex.o
    0x08002bc2   0x08002bc2   0x00000062   Code   RO         2399    i.HAL_TIM_Base_Init  stm32g4xx_hal_tim.o
    0x08002c24   0x08002c24   0x0000004c   Code   RO          270    i.HAL_TIM_Base_MspInit  tim.o
    0x08002c70   0x08002c70   0x00000040   Code   RO         2404    i.HAL_TIM_Base_Start_IT  stm32g4xx_hal_tim.o
    0x08002cb0   0x08002cb0   0x000000fc   Code   RO         2408    i.HAL_TIM_ConfigClockSource  stm32g4xx_hal_tim.o
    0x08002dac   0x08002dac   0x00000002   Code   RO         2433    i.HAL_TIM_IC_CaptureCallback  stm32g4xx_hal_tim.o
    0x08002dae   0x08002dae   0x000001fc   Code   RO         2447    i.HAL_TIM_IRQHandler  stm32g4xx_hal_tim.o
    0x08002faa   0x08002faa   0x00000002   Code   RO         2450    i.HAL_TIM_OC_DelayElapsedCallback  stm32g4xx_hal_tim.o
    0x08002fac   0x08002fac   0x00000002   Code   RO         2477    i.HAL_TIM_PWM_PulseFinishedCallback  stm32g4xx_hal_tim.o
    0x08002fae   0x08002fae   0x00000002   PAD
    0x08002fb0   0x08002fb0   0x00000028   Code   RO         4051    i.HAL_TIM_PeriodElapsedCallback  fun.o
    0x08002fd8   0x08002fd8   0x00000002   Code   RO         2490    i.HAL_TIM_TriggerCallback  stm32g4xx_hal_tim.o
    0x08002fda   0x08002fda   0x0000003e   Code   RO         3920    i.HAL_UARTEx_DisableFifoMode  stm32g4xx_hal_uart_ex.o
    0x08003018   0x08003018   0x00000002   Code   RO         3924    i.HAL_UARTEx_RxFifoFullCallback  stm32g4xx_hal_uart_ex.o
    0x0800301a   0x0800301a   0x0000004c   Code   RO         3925    i.HAL_UARTEx_SetRxFifoThreshold  stm32g4xx_hal_uart_ex.o
    0x08003066   0x08003066   0x0000004c   Code   RO         3926    i.HAL_UARTEx_SetTxFifoThreshold  stm32g4xx_hal_uart_ex.o
    0x080030b2   0x080030b2   0x00000002   Code   RO         3928    i.HAL_UARTEx_TxFifoEmptyCallback  stm32g4xx_hal_uart_ex.o
    0x080030b4   0x080030b4   0x00000002   Code   RO         3929    i.HAL_UARTEx_WakeupCallback  stm32g4xx_hal_uart_ex.o
    0x080030b6   0x080030b6   0x00000002   Code   RO         3564    i.HAL_UART_ErrorCallback  stm32g4xx_hal_uart.o
    0x080030b8   0x080030b8   0x0000019c   Code   RO         3567    i.HAL_UART_IRQHandler  stm32g4xx_hal_uart.o
    0x08003254   0x08003254   0x0000008c   Code   RO          312    i.HAL_UART_MspInit  usart.o
    0x080032e0   0x080032e0   0x000000fc   Code   RO         3573    i.HAL_UART_Receive_IT  stm32g4xx_hal_uart.o
    0x080033dc   0x080033dc   0x00000002   Code   RO         3574    i.HAL_UART_RxCpltCallback  stm32g4xx_hal_uart.o
    0x080033de   0x080033de   0x000000bc   Code   RO         3576    i.HAL_UART_Transmit  stm32g4xx_hal_uart.o
    0x0800349a   0x0800349a   0x00000002   Code   RO         3579    i.HAL_UART_TxCpltCallback  stm32g4xx_hal_uart.o
    0x0800349c   0x0800349c   0x00000002   Code   RO          355    i.HardFault_Handler  stm32g4xx_it.o
    0x0800349e   0x0800349e   0x00000002   PAD
    0x080034a0   0x080034a0   0x0000002c   Code   RO         4134    i.LCD_BusIn         lcd.o
    0x080034cc   0x080034cc   0x00000030   Code   RO         4135    i.LCD_BusOut        lcd.o
    0x080034fc   0x080034fc   0x00000024   Code   RO         4136    i.LCD_Clear         lcd.o
    0x08003520   0x08003520   0x00000090   Code   RO         4138    i.LCD_CtrlLinesConfig  lcd.o
    0x080035b0   0x080035b0   0x00000018   Code   RO         4139    i.LCD_DisplayChar   lcd.o
    0x080035c8   0x080035c8   0x0000002a   Code   RO         4142    i.LCD_DisplayStringLine  lcd.o
    0x080035f2   0x080035f2   0x00000002   PAD
    0x080035f4   0x080035f4   0x00000058   Code   RO         4143    i.LCD_DrawChar      lcd.o
    0x0800364c   0x0800364c   0x00000034   Code   RO         4149    i.LCD_Init          lcd.o
    0x08003680   0x08003680   0x00000080   Code   RO         4152    i.LCD_ReadReg       lcd.o
    0x08003700   0x08003700   0x00000010   Code   RO         4153    i.LCD_SetBackColor  lcd.o
    0x08003710   0x08003710   0x00000018   Code   RO         4154    i.LCD_SetCursor     lcd.o
    0x08003728   0x08003728   0x00000010   Code   RO         4156    i.LCD_SetTextColor  lcd.o
    0x08003738   0x08003738   0x00000058   Code   RO         4159    i.LCD_WriteRAM      lcd.o
    0x08003790   0x08003790   0x0000005c   Code   RO         4160    i.LCD_WriteRAM_Prepare  lcd.o
    0x080037ec   0x080037ec   0x0000006c   Code   RO         4161    i.LCD_WriteReg      lcd.o
    0x08003858   0x08003858   0x0000000c   Code   RO          505    i.LL_ADC_GetOffsetChannel  stm32g4xx_hal_adc.o
    0x08003864   0x08003864   0x00000008   Code   RO          506    i.LL_ADC_INJ_IsConversionOngoing  stm32g4xx_hal_adc.o
    0x0800386c   0x0800386c   0x00000008   Code   RO          507    i.LL_ADC_REG_IsConversionOngoing  stm32g4xx_hal_adc.o
    0x08003874   0x08003874   0x0000001e   Code   RO          510    i.LL_ADC_SetChannelSamplingTime  stm32g4xx_hal_adc.o
    0x08003892   0x08003892   0x00000010   Code   RO          511    i.LL_ADC_SetOffsetState  stm32g4xx_hal_adc.o
    0x080038a2   0x080038a2   0x00000002   PAD
    0x080038a4   0x080038a4   0x0000007c   Code   RO          229    i.MX_ADC2_Init      adc.o
    0x08003920   0x08003920   0x000000ec   Code   RO          203    i.MX_GPIO_Init      gpio.o
    0x08003a0c   0x08003a0c   0x0000006c   Code   RO          271    i.MX_TIM1_Init      tim.o
    0x08003a78   0x08003a78   0x0000006c   Code   RO          313    i.MX_USART1_UART_Init  usart.o
    0x08003ae4   0x08003ae4   0x00000002   Code   RO          356    i.MemManage_Handler  stm32g4xx_it.o
    0x08003ae6   0x08003ae6   0x00000002   Code   RO          357    i.NMI_Handler       stm32g4xx_it.o
    0x08003ae8   0x08003ae8   0x00000002   Code   RO          358    i.PendSV_Handler    stm32g4xx_it.o
    0x08003aea   0x08003aea   0x00000112   Code   RO         4162    i.REG_8230_Init     lcd.o
    0x08003bfc   0x08003bfc   0x00000202   Code   RO         4163    i.REG_932X_Init     lcd.o
    0x08003dfe   0x08003dfe   0x00000002   Code   RO          359    i.SVC_Handler       stm32g4xx_it.o
    0x08003e00   0x08003e00   0x00000004   Code   RO          360    i.SysTick_Handler   stm32g4xx_it.o
    0x08003e04   0x08003e04   0x0000006a   Code   RO           14    i.SystemClock_Config  main.o
    0x08003e6e   0x08003e6e   0x00000002   PAD
    0x08003e70   0x08003e70   0x0000001c   Code   RO         4014    i.SystemInit        system_stm32g4xx.o
    0x08003e8c   0x08003e8c   0x0000000c   Code   RO          361    i.TIM1_TRG_COM_TIM17_IRQHandler  stm32g4xx_it.o
    0x08003e98   0x08003e98   0x0000000c   Code   RO          362    i.TIM1_UP_TIM16_IRQHandler  stm32g4xx_it.o
    0x08003ea4   0x08003ea4   0x000000b0   Code   RO         2492    i.TIM_Base_SetConfig  stm32g4xx_hal_tim.o
    0x08003f54   0x08003f54   0x00000014   Code   RO         2503    i.TIM_ETR_SetConfig  stm32g4xx_hal_tim.o
    0x08003f68   0x08003f68   0x00000014   Code   RO         2504    i.TIM_ITRx_SetConfig  stm32g4xx_hal_tim.o
    0x08003f7c   0x08003f7c   0x00000022   Code   RO         2512    i.TIM_TI1_ConfigInputStage  stm32g4xx_hal_tim.o
    0x08003f9e   0x08003f9e   0x00000024   Code   RO         2514    i.TIM_TI2_ConfigInputStage  stm32g4xx_hal_tim.o
    0x08003fc2   0x08003fc2   0x00000002   PAD
    0x08003fc4   0x08003fc4   0x00000064   Code   RO         3930    i.UARTEx_SetNbDataToProcess  stm32g4xx_hal_uart_ex.o
    0x08004028   0x08004028   0x000000c8   Code   RO         3581    i.UART_AdvFeatureConfig  stm32g4xx_hal_uart.o
    0x080040f0   0x080040f0   0x0000005e   Code   RO         3582    i.UART_CheckIdleState  stm32g4xx_hal_uart.o
    0x0800414e   0x0800414e   0x00000014   Code   RO         3583    i.UART_DMAAbortOnError  stm32g4xx_hal_uart.o
    0x08004162   0x08004162   0x00000002   PAD
    0x08004164   0x08004164   0x00000024   Code   RO         3593    i.UART_EndRxTransfer  stm32g4xx_hal_uart.o
    0x08004188   0x08004188   0x0000005e   Code   RO         3595    i.UART_RxISR_16BIT  stm32g4xx_hal_uart.o
    0x080041e6   0x080041e6   0x00000002   PAD
    0x080041e8   0x080041e8   0x000000a0   Code   RO         3596    i.UART_RxISR_16BIT_FIFOEN  stm32g4xx_hal_uart.o
    0x08004288   0x08004288   0x0000005e   Code   RO         3597    i.UART_RxISR_8BIT   stm32g4xx_hal_uart.o
    0x080042e6   0x080042e6   0x00000002   PAD
    0x080042e8   0x080042e8   0x000000a0   Code   RO         3598    i.UART_RxISR_8BIT_FIFOEN  stm32g4xx_hal_uart.o
    0x08004388   0x08004388   0x000007a6   Code   RO         3599    i.UART_SetConfig    stm32g4xx_hal_uart.o
    0x08004b2e   0x08004b2e   0x00000064   Code   RO         3604    i.UART_WaitOnFlagUntilTimeout  stm32g4xx_hal_uart.o
    0x08004b92   0x08004b92   0x00000002   PAD
    0x08004b94   0x08004b94   0x00000118   Code   RO          363    i.USART1_IRQHandler  stm32g4xx_it.o
    0x08004cac   0x08004cac   0x00000002   Code   RO          364    i.UsageFault_Handler  stm32g4xx_it.o
    0x08004cae   0x08004cae   0x00000030   Code   RO         4473    i.__ARM_fpclassify  m_wm.l(fpclassify.o)
    0x08004cde   0x08004cde   0x00000020   Code   RO         2280    i.__NVIC_SetPriority  stm32g4xx_hal_cortex.o
    0x08004cfe   0x08004cfe   0x0000000e   Code   RO         4356    i._is_digit         c_w.l(__printf_wp.o)
    0x08004d0c   0x08004d0c   0x000000c4   Code   RO         4052    i.data_show         fun.o
    0x08004dd0   0x08004dd0   0x00000080   Code   RO         4053    i.get_value         fun.o
    0x08004e50   0x08004e50   0x00000148   Code   RO         4054    i.key_scan          fun.o
    0x08004f98   0x08004f98   0x00000014   Code   RO         4055    i.lcd_show          fun.o
    0x08004fac   0x08004fac   0x000000c0   Code   RO         4056    i.led_show          fun.o
    0x0800506c   0x0800506c   0x00000080   Code   RO           15    i.main              main.o
    0x080050ec   0x080050ec   0x00000070   Code   RO         4057    i.s_fun             fun.o
    0x0800515c   0x0800515c   0x00000048   Code   RO         4058    i.warn_show         fun.o
    0x080051a4   0x080051a4   0x0000002c   Code   RO         4469    locale$$code        c_w.l(lc_numeric_c.o)
    0x080051d0   0x080051d0   0x00000062   Code   RO         4380    x$fpl$d2f           fz_wm.l(d2f.o)
    0x08005232   0x08005232   0x00000026   Code   RO         4382    x$fpl$dfltu         fz_wm.l(dflt_clz.o)
    0x08005258   0x08005258   0x00000154   Code   RO         4388    x$fpl$dmul          fz_wm.l(dmul.o)
    0x080053ac   0x080053ac   0x0000009c   Code   RO         4406    x$fpl$dnaninf       fz_wm.l(dnaninf.o)
    0x08005448   0x08005448   0x0000000c   Code   RO         4408    x$fpl$dretinf       fz_wm.l(dretinf.o)
    0x08005454   0x08005454   0x00000056   Code   RO         4390    x$fpl$f2d           fz_wm.l(f2d.o)
    0x080054aa   0x080054aa   0x0000008c   Code   RO         4410    x$fpl$fnaninf       fz_wm.l(fnaninf.o)
    0x08005536   0x08005536   0x0000000a   Code   RO         4547    x$fpl$fpinit        fz_wm.l(fpinit.o)
    0x08005540   0x08005540   0x0000000a   Code   RO         4412    x$fpl$fretinf       fz_wm.l(fretinf.o)
    0x0800554a   0x0800554a   0x00000004   Code   RO         4392    x$fpl$printf1       fz_wm.l(printf1.o)
    0x0800554e   0x0800554e   0x00000000   Code   RO         4414    x$fpl$usenofp       fz_wm.l(usenofp.o)
    0x0800554e   0x0800554e   0x00000010   Data   RO         4015    .constdata          system_stm32g4xx.o
    0x0800555e   0x0800555e   0x00000008   Data   RO         4016    .constdata          system_stm32g4xx.o
    0x08005566   0x08005566   0x000011d0   Data   RO         4164    .constdata          lcd.o
    0x08006736   0x08006736   0x00000002   PAD
    0x08006738   0x08006738   0x00000094   Data   RO         4444    .constdata          c_w.l(bigflt0.o)
    0x080067cc   0x080067cc   0x00000020   Data   RO         4616    Region$$Table       anon$$obj.o
    0x080067ec   0x080067ec   0x0000001c   Data   RO         4468    locale$$data        c_w.l(lc_numeric_c.o)


    Execution Region RW_IRAM1 (Exec base: 0x20000000, Load base: 0x08006808, Size: 0x00000800, Max: 0x00008000, ABSOLUTE)

    Exec Addr    Load Addr    Size         Type   Attr      Idx    E Section Name        Object

    0x20000000   0x08006808   0x00000001   Data   RW           18    .data               main.o
    0x20000001   0x08006809   0x00000003   PAD
    0x20000004   0x0800680c   0x0000000c   Data   RW          957    .data               stm32g4xx_hal.o
    0x20000010   0x08006818   0x00000004   Data   RW         4017    .data               system_stm32g4xx.o
    0x20000014   0x0800681c   0x00000018   Data   RW         4059    .data               fun.o
    0x2000002c   0x08006834   0x00000006   Data   RW         4165    .data               lcd.o
    0x20000032   0x0800683a   0x00000002   PAD
    0x20000034        -       0x00000014   Zero   RW           16    .bss                main.o
    0x20000048        -       0x00000014   Zero   RW           17    .bss                main.o
    0x2000005c        -       0x0000006c   Zero   RW          230    .bss                adc.o
    0x200000c8        -       0x0000004c   Zero   RW          272    .bss                tim.o
    0x20000114        -       0x0000008c   Zero   RW          314    .bss                usart.o
    0x200001a0        -       0x00000060   Zero   RW         4476    .bss                c_w.l(libspace.o)
    0x20000200        -       0x00000200   Zero   RW            2    HEAP                startup_stm32g431xx.o
    0x20000400        -       0x00000400   Zero   RW            1    STACK               startup_stm32g431xx.o


==============================================================================

Image component sizes


      Code (inc. data)   RO Data    RW Data    ZI Data      Debug   Object Name

       244         26          0          0        108       1825   adc.o
      1088        266          0         24          0       7898   fun.o
       236         22          0          0          0       1051   gpio.o
      1766         76       4560          6          0      11674   lcd.o
       238         18          0          1         40     661138   main.o
        64         26        472          0       1536        856   startup_stm32g431xx.o
       162         24          0         12          0       4397   stm32g4xx_hal.o
      1988        102          0          0          0      75959   stm32g4xx_hal_adc.o
       198         14          0          0          0      34011   stm32g4xx_hal_cortex.o
       120          0          0          0          0       1223   stm32g4xx_hal_dma.o
       490         34          0          0          0       3792   stm32g4xx_hal_gpio.o
        48          6          0          0          0        890   stm32g4xx_hal_msp.o
       204         18          0          0          0       1430   stm32g4xx_hal_pwr_ex.o
      1692         88          0          0          0       6040   stm32g4xx_hal_rcc.o
       648         10          0          0          0       1900   stm32g4xx_hal_rcc_ex.o
      1216         56          0          0          0      10433   stm32g4xx_hal_tim.o
       170         24          0          0          0       5488   stm32g4xx_hal_tim_ex.o
      3774        106          0          0          0      15274   stm32g4xx_hal_uart.o
       460         22          0          0          0       6381   stm32g4xx_hal_uart_ex.o
       324         74          0          0          0       6021   stm32g4xx_it.o
        28          6         24          4          0       1195   system_stm32g4xx.o
       184         20          0          0         76       1754   tim.o
       248         18          0          0        140       1846   usart.o

    ----------------------------------------------------------------------
     15618       1056       5090         52       1900     862476   Object Totals
         0          0         32          0          0          0   (incl. Generated)
        28          0          2          5          0          0   (incl. Padding)

    ----------------------------------------------------------------------

      Code (inc. data)   RO Data    RW Data    ZI Data      Debug   Library Member Name

         8          0          0          0          0         68   __main.o
       284          0          0          0          0        156   __printf_wp.o
         0          0          0          0          0          0   __rtentry.o
        12          0          0          0          0          0   __rtentry2.o
         6          0          0          0          0          0   __rtentry4.o
        52          8          0          0          0          0   __scatter.o
        26          0          0          0          0          0   __scatter_copy.o
        28          0          0          0          0          0   __scatter_zi.o
        48          6          0          0          0         96   _printf_char_common.o
         6          0          0          0          0          0   _printf_f.o
      1054          0          0          0          0        216   _printf_fp_dec.o
       128         16          0          0          0         84   _printf_fp_infnan.o
         0          0          0          0          0          0   _printf_percent.o
         4          0          0          0          0          0   _printf_percent_end.o
        10          0          0          0          0         68   _sputc.o
       228          4        148          0          0         96   bigflt0.o
      1936        128          0          0          0        672   btod.o
        18          0          0          0          0         80   exit.o
         6          0          0          0          0        152   heapauxi.o
         0          0          0          0          0          0   indicate_semi.o
        44         10         28          0          0         76   lc_numeric_c.o
         2          0          0          0          0          0   libinit.o
        22          0          0          0          0          0   libinit2.o
         2          0          0          0          0          0   libshutdown.o
         2          0          0          0          0          0   libshutdown2.o
         8          4          0          0         96         68   libspace.o
       138          0          0          0          0         80   lludiv10.o
       238          0          0          0          0        100   lludivv7m.o
        40          6          0          0          0         84   noretval__2sprintf.o
         8          4          0          0          0         68   rt_locale_intlibspace.o
        68          0          0          0          0         68   rt_memclr.o
        78          0          0          0          0         80   rt_memclr_w.o
         2          0          0          0          0          0   rtexit.o
        10          0          0          0          0          0   rtexit2.o
       128          0          0          0          0         68   strcmpv7m.o
        62          0          0          0          0         76   strlen.o
        12          4          0          0          0         68   sys_exit.o
        74          0          0          0          0         80   sys_stackheap_outer.o
         2          0          0          0          0         68   use_no_semi.o
        98          4          0          0          0        140   d2f.o
        38          0          0          0          0        116   dflt_clz.o
       340         12          0          0          0        152   dmul.o
       156          4          0          0          0        140   dnaninf.o
        12          0          0          0          0        116   dretinf.o
        86          4          0          0          0        132   f2d.o
       140          4          0          0          0        132   fnaninf.o
        10          0          0          0          0        116   fpinit.o
        10          0          0          0          0        116   fretinf.o
         4          0          0          0          0        116   printf1.o
         0          0          0          0          0          0   usenofp.o
        48          0          0          0          0        124   fpclassify.o

    ----------------------------------------------------------------------
      5748        218        176          0         96       4072   Library Totals
        12          0          0          0          0          0   (incl. Padding)

    ----------------------------------------------------------------------

      Code (inc. data)   RO Data    RW Data    ZI Data      Debug   Library Name

      4794        190        176          0         96       2672   c_w.l
       894         28          0          0          0       1276   fz_wm.l
        48          0          0          0          0        124   m_wm.l

    ----------------------------------------------------------------------
      5748        218        176          0         96       4072   Library Totals

    ----------------------------------------------------------------------

==============================================================================


      Code (inc. data)   RO Data    RW Data    ZI Data      Debug   

     21366       1274       5266         52       1996     852092   Grand Totals
     21366       1274       5266         52       1996     852092   ELF Image Totals
     21366       1274       5266         52          0          0   ROM Totals

==============================================================================

    Total RO  Size (Code + RO Data)                26632 (  26.01kB)
    Total RW  Size (RW Data + ZI Data)              2048 (   2.00kB)
    Total ROM Size (Code + RO Data + RW Data)      26684 (  26.06kB)

==============================================================================

