Component: ARM Compiler 5.06 update 5 (build 528) Tool: armlink [4d35e2]

==============================================================================

Section Cross References

    startup_stm32f407xx.o(RESET) refers to startup_stm32f407xx.o(STACK) for __initial_sp
    startup_stm32f407xx.o(RESET) refers to startup_stm32f407xx.o(.text) for Reset_Handler
    startup_stm32f407xx.o(RESET) refers to stm32f4xx_it.o(i.NMI_Handler) for NMI_Handler
    startup_stm32f407xx.o(RESET) refers to stm32f4xx_it.o(i.HardFault_Handler) for HardFault_Handler
    startup_stm32f407xx.o(RESET) refers to stm32f4xx_it.o(i.MemManage_Handler) for MemManage_Handler
    startup_stm32f407xx.o(RESET) refers to stm32f4xx_it.o(i.BusFault_Handler) for BusFault_Handler
    startup_stm32f407xx.o(RESET) refers to stm32f4xx_it.o(i.UsageFault_Handler) for UsageFault_Handler
    startup_stm32f407xx.o(RESET) refers to stm32f4xx_it.o(i.SVC_Handler) for SVC_Handler
    startup_stm32f407xx.o(RESET) refers to stm32f4xx_it.o(i.DebugMon_Handler) for DebugMon_Handler
    startup_stm32f407xx.o(RESET) refers to stm32f4xx_it.o(i.PendSV_Handler) for PendSV_Handler
    startup_stm32f407xx.o(RESET) refers to stm32f4xx_it.o(i.SysTick_Handler) for SysTick_Handler
    startup_stm32f407xx.o(RESET) refers to stm32f4xx_it.o(i.EXTI0_IRQHandler) for EXTI0_IRQHandler
    startup_stm32f407xx.o(RESET) refers to stm32f4xx_it.o(i.DMA1_Stream3_IRQHandler) for DMA1_Stream3_IRQHandler
    startup_stm32f407xx.o(RESET) refers to stm32f4xx_it.o(i.DMA2_Stream2_IRQHandler) for DMA2_Stream2_IRQHandler
    startup_stm32f407xx.o(RESET) refers to stm32f4xx_it.o(i.DMA2_Stream7_IRQHandler) for DMA2_Stream7_IRQHandler
    startup_stm32f407xx.o(.text) refers to system_stm32f4xx.o(i.SystemInit) for SystemInit
    startup_stm32f407xx.o(.text) refers to entry.o(.ARM.Collect$$$$00000000) for __main
    main.o(i.HAL_GPIO_EXTI_Callback) refers to stm32f4xx_hal_gpio.o(i.HAL_GPIO_ReadPin) for HAL_GPIO_ReadPin
    main.o(i.HAL_GPIO_EXTI_Callback) refers to stm32f4xx_hal_gpio.o(i.HAL_GPIO_TogglePin) for HAL_GPIO_TogglePin
    main.o(i.HAL_GPIO_EXTI_Callback) refers to stm32f4xx_hal_i2s.o(i.HAL_I2S_DMAStop) for HAL_I2S_DMAStop
    main.o(i.HAL_GPIO_EXTI_Callback) refers to stm32f4xx_hal_i2s.o(i.HAL_I2S_Receive_DMA) for HAL_I2S_Receive_DMA
    main.o(i.HAL_GPIO_EXTI_Callback) refers to main.o(.data) for .data
    main.o(i.HAL_GPIO_EXTI_Callback) refers to i2s.o(.bss) for hi2s2
    main.o(i.HAL_GPIO_EXTI_Callback) refers to main.o(.bss) for .bss
    main.o(i.HAL_I2S_RxCpltCallback) refers to main.o(i.i2s_settle) for i2s_settle
    main.o(i.HAL_I2S_RxCpltCallback) refers to i2s.o(.bss) for hi2s2
    main.o(i.HAL_I2S_RxCpltCallback) refers to main.o(.data) for .data
    main.o(i.HAL_I2S_RxCpltCallback) refers to main.o(.bss) for .bss
    main.o(i.SystemClock_Config) refers to memseta.o(.text) for __aeabi_memclr4
    main.o(i.SystemClock_Config) refers to stm32f4xx_hal_rcc.o(i.HAL_RCC_OscConfig) for HAL_RCC_OscConfig
    main.o(i.SystemClock_Config) refers to stm32f4xx_hal_rcc.o(i.HAL_RCC_ClockConfig) for HAL_RCC_ClockConfig
    main.o(i.fputc) refers to stm32f4xx_hal_uart.o(i.HAL_UART_Transmit) for HAL_UART_Transmit
    main.o(i.fputc) refers to usart.o(.bss) for huart1
    main.o(i.main) refers to stm32f4xx_hal.o(i.HAL_Init) for HAL_Init
    main.o(i.main) refers to main.o(i.SystemClock_Config) for SystemClock_Config
    main.o(i.main) refers to gpio.o(i.MX_GPIO_Init) for MX_GPIO_Init
    main.o(i.main) refers to dma.o(i.MX_DMA_Init) for MX_DMA_Init
    main.o(i.main) refers to i2s.o(i.MX_I2S2_Init) for MX_I2S2_Init
    main.o(i.main) refers to usart.o(i.MX_USART1_UART_Init) for MX_USART1_UART_Init
    main.o(i.main) refers to dcmi.o(i.MX_DCMI_Init) for MX_DCMI_Init
    main.o(i.main) refers to i2c.o(i.MX_I2C1_Init) for MX_I2C1_Init
    main.o(i.main) refers to spi.o(i.MX_SPI1_Init) for MX_SPI1_Init
    main.o(i.main) refers to usart.o(i.MX_USART2_UART_Init) for MX_USART2_UART_Init
    main.o(i.main) refers to bits.o(i.speex_bits_init) for speex_bits_init
    main.o(i.main) refers to speex.o(i.speex_encoder_init) for speex_encoder_init
    main.o(i.main) refers to speex.o(i.speex_encoder_ctl) for speex_encoder_ctl
    main.o(i.main) refers to printf8.o(i.__0printf$8) for __2printf
    main.o(i.main) refers to bits.o(i.speex_bits_reset) for speex_bits_reset
    main.o(i.main) refers to speex.o(i.speex_encode_int) for speex_encode_int
    main.o(i.main) refers to bits.o(i.speex_bits_write) for speex_bits_write
    main.o(i.main) refers to main.o(i.print_hex) for print_hex
    main.o(i.main) refers to modes.o(.constdata) for speex_nb_mode
    main.o(i.main) refers to main.o(.data) for .data
    main.o(i.main) refers to main.o(.bss) for .bss
    main.o(i.print_hex) refers to printf8.o(i.__0printf$8) for __2printf
    gpio.o(i.MX_GPIO_Init) refers to memseta.o(.text) for __aeabi_memclr4
    gpio.o(i.MX_GPIO_Init) refers to stm32f4xx_hal_gpio.o(i.HAL_GPIO_WritePin) for HAL_GPIO_WritePin
[...]
    i.nb_encoder_destroy                     0x080082f4   Section        0  nb_celp.o(i.nb_encoder_destroy)
    i.nb_encoder_init                        0x08008310   Section        0  nb_celp.o(i.nb_encoder_init)
    i.nb_mode_query                          0x080083f8   Section        0  speex.o(i.nb_mode_query)
    i.noise_codebook_quant                   0x08008450   Section        0  cb_search.o(i.noise_codebook_quant)
    i.noise_codebook_unquant                 0x080084a8   Section        0  cb_search.o(i.noise_codebook_unquant)
    i.normalize16                            0x080084e0   Section        0  filters.o(i.normalize16)
    i.open_loop_nbest_pitch                  0x08008528   Section        0  ltp.o(i.open_loop_nbest_pitch)
    i.pitch_gain_search_3tap                 0x0800880c   Section        0  ltp.o(i.pitch_gain_search_3tap)
    pitch_gain_search_3tap                   0x0800880d   Thumb Code  1014  ltp.o(i.pitch_gain_search_3tap)
    i.pitch_gain_search_3tap_vq              0x08008c04   Section        0  ltp.o(i.pitch_gain_search_3tap_vq)
    pitch_gain_search_3tap_vq                0x08008c05   Thumb Code   202  ltp.o(i.pitch_gain_search_3tap_vq)
    i.pitch_search_3tap                      0x08008cd4   Section        0  ltp.o(i.pitch_search_3tap)
    i.pitch_unquant_3tap                     0x08008f28   Section        0  ltp.o(i.pitch_unquant_3tap)
    i.print_hex                              0x0800908c   Section        0  main.o(i.print_hex)
    i.realloc                                0x080090bc   Section        0  mallocr.o(i.realloc)
    i.residue_percep_zero16                  0x08009128   Section        0  filters.o(i.residue_percep_zero16)
    i.sanitize_values32                      0x0800918e   Section        0  filters.o(i.sanitize_values32)
    i.scal_quant                             0x080091c2   Section        0  vq.o(i.scal_quant)
    i.scal_quant32                           0x080091de   Section        0  vq.o(i.scal_quant32)
    i.signal_div                             0x080091f8   Section        0  filters.o(i.signal_div)
    i.signal_mul                             0x080092a0   Section        0  filters.o(i.signal_mul)
    i.speex_bits_advance                     0x080092d0   Section        0  bits.o(i.speex_bits_advance)
    i.speex_bits_init                        0x080092fc   Section        0  bits.o(i.speex_bits_init)
    i.speex_bits_insert_terminator           0x08009324   Section        0  bits.o(i.speex_bits_insert_terminator)
    i.speex_bits_pack                        0x08009348   Section        0  bits.o(i.speex_bits_pack)
    i.speex_bits_remaining                   0x0800944c   Section        0  bits.o(i.speex_bits_remaining)
    i.speex_bits_reset                       0x08009464   Section        0  bits.o(i.speex_bits_reset)
    i.speex_bits_unpack_unsigned             0x08009474   Section        0  bits.o(i.speex_bits_unpack_unsigned)
    i.speex_bits_write                       0x080094c8   Section        0  bits.o(i.speex_bits_write)
    i.speex_default_user_handler             0x08009506   Section        0  speex_callbacks.o(i.speex_default_user_handler)
    i.speex_encode_int                       0x08009520   Section        0  speex.o(i.speex_encode_int)
    i.speex_encoder_ctl                      0x08009526   Section        0  speex.o(i.speex_encoder_ctl)
    i.speex_encoder_init                     0x0800952c   Section        0  speex.o(i.speex_encoder_init)
    i.speex_inband_handler                   0x08009530   Section        0  speex_callbacks.o(i.speex_inband_handler)
    i.speex_notify                           0x0800958c   Section        0  bits.o(i.speex_notify)
    speex_notify                             0x0800958d   Thumb Code    10  bits.o(i.speex_notify)
    i.speex_notify                           0x080095b0   Section        0  nb_celp.o(i.speex_notify)
    speex_notify                             0x080095b1   Thumb Code    10  nb_celp.o(i.speex_notify)
    i.speex_rand                             0x080095d4   Section        0  nb_celp.o(i.speex_rand)
    speex_rand                               0x080095d5   Thumb Code    30  nb_celp.o(i.speex_rand)
    i.speex_warning                          0x080095fc   Section        0  bits.o(i.speex_warning)
    speex_warning                            0x080095fd   Thumb Code    10  bits.o(i.speex_warning)
    i.speex_warning_int                      0x0800961c   Section        0  nb_celp.o(i.speex_warning_int)
    speex_warning_int                        0x0800961d   Thumb Code    12  nb_celp.o(i.speex_warning_int)
    i.speex_warning_int                      0x0800963c   Section        0  speex.o(i.speex_warning_int)
    speex_warning_int                        0x0800963d   Thumb Code    12  speex.o(i.speex_warning_int)
    i.split_cb_search_shape_sign             0x0800965c   Section        0  cb_search.o(i.split_cb_search_shape_sign)
    i.split_cb_search_shape_sign_N1          0x08009c06   Section        0  cb_search.o(i.split_cb_search_shape_sign_N1)
    split_cb_search_shape_sign_N1            0x08009c07   Thumb Code   632  cb_search.o(i.split_cb_search_shape_sign_N1)
    i.split_cb_shape_sign_unquant            0x08009e80   Section        0  cb_search.o(i.split_cb_shape_sign_unquant)
    i.spx_acos                               0x08009f3a   Section        0  lsp.o(i.spx_acos)
    spx_acos                                 0x08009f3b   Thumb Code   198  lsp.o(i.spx_acos)
    i.spx_sqrt                               0x0800a000   Section        0  filters.o(i.spx_sqrt)
    spx_sqrt                                 0x0800a001   Thumb Code   124  filters.o(i.spx_sqrt)
    i.spx_sqrt                               0x0800a07c   Section        0  ltp.o(i.spx_sqrt)
    spx_sqrt                                 0x0800a07d   Thumb Code   124  ltp.o(i.spx_sqrt)
    i.spx_sqrt                               0x0800a0f8   Section        0  nb_celp.o(i.spx_sqrt)
    spx_sqrt                                 0x0800a0f9   Thumb Code   124  nb_celp.o(i.spx_sqrt)
    i.sqrt                                   0x0800a174   Section        0  sqrt.o(i.sqrt)
    i.syn_percep_zero16                      0x0800a1e4   Section        0  filters.o(i.syn_percep_zero16)
    i.target_update                          0x0800a24c   Section        0  cb_search.o(i.target_update)
    target_update                            0x0800a24d   Thumb Code    40  cb_search.o(i.target_update)
    i.vbr_analysis                           0x0800a274   Section        0  vbr.o(i.vbr_analysis)
    i.vbr_destroy                            0x0800ab10   Section        0  vbr.o(i.vbr_destroy)
    i.vbr_init                               0x0800ab14   Section        0  vbr.o(i.vbr_init)
    i.vq_nbest                               0x0800abd4   Section        0  vq.o(i.vq_nbest)
    i.vq_nbest_sign                          0x0800ac62   Section        0  vq.o(i.vq_nbest_sign)
    .constdata                               0x0800ad0e   Section        8  stm32f4xx_hal_dma.o(.constdata)
    flagBitshiftOffset                       0x0800ad0e   Data           8  stm32f4xx_hal_dma.o(.constdata)
    .constdata                               0x0800ad16   Section       16  system_stm32f4xx.o(.constdata)
    .constdata                               0x0800ad26   Section        8  system_stm32f4xx.o(.constdata)
    .constdata                               0x0800ad2e   Section      320  exc_5_64_table.o(.constdata)
    .constdata                               0x0800ae6e   Section     1280  exc_5_256_table.o(.constdata)
    .constdata                               0x0800b36e   Section     1024  exc_8_128_table.o(.constdata)
    .constdata                               0x0800b76e   Section      320  exc_10_32_table.o(.constdata)
    .constdata                               0x0800b8ae   Section      160  exc_10_16_table.o(.constdata)
    .constdata                               0x0800b94e   Section      640  exc_20_32_table.o(.constdata)
    .constdata                               0x0800bbd0   Section      106  filters.o(.constdata)
    .constdata                               0x0800bc3a   Section      512  gain_table.o(.constdata)
    .constdata                               0x0800be3a   Section      128  gain_table_lbr.o(.constdata)
    .constdata                               0x0800beba   Section      640  lsp_tables_nb.o(.constdata)
    .constdata                               0x0800c13a   Section      320  lsp_tables_nb.o(.constdata)
    .constdata                               0x0800c27a   Section      320  lsp_tables_nb.o(.constdata)
    .constdata                               0x0800c3ba   Section      320  lsp_tables_nb.o(.constdata)
    .constdata                               0x0800c4fa   Section      320  lsp_tables_nb.o(.constdata)
    .constdata                               0x0800c63c   Section       12  modes.o(.constdata)
    ltp_params_nb                            0x0800c63c   Data          12  modes.o(.constdata)
    .constdata                               0x0800c648   Section       12  modes.o(.constdata)
    ltp_params_vlbr                          0x0800c648   Data          12  modes.o(.constdata)
    .constdata                               0x0800c654   Section       12  modes.o(.constdata)
    ltp_params_lbr                           0x0800c654   Data          12  modes.o(.constdata)
    .constdata                               0x0800c660   Section       12  modes.o(.constdata)
    ltp_params_med                           0x0800c660   Data          12  modes.o(.constdata)
    .constdata                               0x0800c66c   Section       20  modes.o(.constdata)
    split_cb_nb_vlbr                         0x0800c66c   Data          20  modes.o(.constdata)
    .constdata                               0x0800c680   Section       20  modes.o(.constdata)
    split_cb_nb_ulbr                         0x0800c680   Data          20  modes.o(.constdata)
    .constdata                               0x0800c694   Section       20  modes.o(.constdata)
    split_cb_nb_lbr                          0x0800c694   Data          20  modes.o(.constdata)
    .constdata                               0x0800c6a8   Section       20  modes.o(.constdata)
    split_cb_nb                              0x0800c6a8   Data          20  modes.o(.constdata)
    .constdata                               0x0800c6bc   Section       20  modes.o(.constdata)
    split_cb_nb_med                          0x0800c6bc   Data          20  modes.o(.constdata)
    .constdata                               0x0800c6d0   Section       20  modes.o(.constdata)
    split_cb_sb                              0x0800c6d0   Data          20  modes.o(.constdata)
    .constdata                               0x0800c6e4   Section       56  modes.o(.constdata)
    nb_submode1                              0x0800c6e4   Data          56  modes.o(.constdata)
    .constdata                               0x0800c71c   Section       56  modes.o(.constdata)
    nb_submode8                              0x0800c71c   Data          56  modes.o(.constdata)
    .constdata                               0x0800c754   Section       56  modes.o(.constdata)
    nb_submode2                              0x0800c754   Data          56  modes.o(.constdata)
    .constdata                               0x0800c78c   Section       56  modes.o(.constdata)
    nb_submode3                              0x0800c78c   Data          56  modes.o(.constdata)
    .constdata                               0x0800c7c4   Section       56  modes.o(.constdata)
    nb_submode4                              0x0800c7c4   Data          56  modes.o(.constdata)
    .constdata                               0x0800c7fc   Section       56  modes.o(.constdata)
    nb_submode5                              0x0800c7fc   Data          56  modes.o(.constdata)
    .constdata                               0x0800c834   Section       56  modes.o(.constdata)
    nb_submode6                              0x0800c834   Data          56  modes.o(.constdata)
    .constdata                               0x0800c86c   Section       56  modes.o(.constdata)
    nb_submode7                              0x0800c86c   Data          56  modes.o(.constdata)
    .constdata                               0x0800c8a4   Section      140  modes.o(.constdata)
    nb_mode                                  0x0800c8a4   Data         140  modes.o(.constdata)
    .constdata                               0x0800c930   Section       52  modes.o(.constdata)
    .constdata                               0x0800c964   Section      220  nb_celp.o(.constdata)
    exc_gain_quant_scal1_bound               0x0800c964   Data           2  nb_celp.o(.constdata)
    exc_gain_quant_scal1                     0x0800c966   Data           4  nb_celp.o(.constdata)
    ol_gain_table                            0x0800c96c   Data         128  nb_celp.o(.constdata)
    exc_gain_quant_scal3_bound               0x0800c9ec   Data          14  nb_celp.o(.constdata)
    exc_gain_quant_scal3                     0x0800c9fa   Data          16  nb_celp.o(.constdata)
    wb_skip_table                            0x0800ca20   Data          32  nb_celp.o(.constdata)
    .constdata                               0x0800ca40   Section      396  vbr.o(.constdata)
    .constdata                               0x0800cbcc   Section       22  window.o(.constdata)
    .constdata                               0x0800cbe2   Section      400  window.o(.constdata)
    .constdata                               0x0800cd78   Section       56  log.o(.constdata)
    Lg2                                      0x0800cd78   Data          24  log.o(.constdata)
    Lg                                       0x0800cd90   Data          32  log.o(.constdata)
    .constdata                               0x0800cdb0   Section      136  pow.o(.constdata)
    bp                                       0x0800cdb0   Data          16  pow.o(.constdata)
    dp_h                                     0x0800cdc0   Data          16  pow.o(.constdata)
    dp_l                                     0x0800cdd0   Data          16  pow.o(.constdata)
    L                                        0x0800cde0   Data          48  pow.o(.constdata)
    P                                        0x0800ce10   Data          40  pow.o(.constdata)
    .constdata                               0x0800ce38   Section        8  qnan.o(.constdata)
    .conststring                             0x0800ce40   Section       11  modes.o(.conststring)
    .data                                    0x20000000   Section       16  main.o(.data)
    .data                                    0x20000010   Section       12  stm32f4xx_hal.o(.data)
    .data                                    0x2000001c   Section        4  system_stm32f4xx.o(.data)
    .data                                    0x20000020   Section        4  stderr.o(.data)
    .data                                    0x20000024   Section        4  stdout.o(.data)
    .data                                    0x20000028   Section        4  mvars.o(.data)
    .data                                    0x2000002c   Section        4  mvars.o(.data)
    .data                                    0x20000030   Section        4  errno.o(.data)
    _errno                                   0x20000030   Data           4  errno.o(.data)
    .bss                                     0x20000034   Section    16160  main.o(.bss)
    .bss                                     0x20003f54   Section       64  dcmi.o(.bss)
    .bss                                     0x20003f94   Section       84  i2c.o(.bss)
    .bss                                     0x20003fe8   Section      168  i2s.o(.bss)
    .bss                                     0x20004090   Section       88  spi.o(.bss)
    .bss                                     0x200040e8   Section      336  usart.o(.bss)
    HEAP                                     0x20004238   Section    73728  startup_stm32f407xx.o(HEAP)
    STACK                                    0x20016238   Section     4096  startup_stm32f407xx.o(STACK)

    Global Symbols

    Symbol Name                              Value     Ov Type        Size  Object(Section)

    BuildAttributes$$THM_ISAv4$E$P$D$K$B$S$7EM$VFPi3$EXTD16$VFPS$VFMA$PE$A:L22UL41UL21$X:L11$S22US41US21$IEEE1$IW$USESV6$~STKCKD$USESV7$~SHL$OTIME$ROPI$IEEEX$EBA8$MICROLIB$REQ8$PRES8$EABIv2 0x00000000   Number         0  anon$$obj.o ABSOLUTE
    __ARM_use_no_argv                        0x00000000   Number         0  main.o ABSOLUTE
    _printf_a                                0x00000000   Number         0  stubs.o ABSOLUTE
    _printf_c                                0x00000000   Number         0  stubs.o ABSOLUTE
    _printf_charcount                        0x00000000   Number         0  stubs.o ABSOLUTE
    _printf_d                                0x00000000   Number         0  stubs.o ABSOLUTE
    _printf_e                                0x00000000   Number         0  stubs.o ABSOLUTE
    _printf_f                                0x00000000   Number         0  stubs.o ABSOLUTE
    _printf_flags                            0x00000000   Number         0  stubs.o ABSOLUTE
    _printf_fp_dec                           0x00000000   Number         0  stubs.o ABSOLUTE
    _printf_fp_hex                           0x00000000   Number         0  stubs.o ABSOLUTE
    _printf_g                                0x00000000   Number         0  stubs.o ABSOLUTE
    _printf_i                                0x00000000   Number         0  stubs.o ABSOLUTE
    _printf_int_dec                          0x00000000   Number         0  stubs.o ABSOLUTE
    _printf_l                                0x00000000   Number         0  stubs.o ABSOLUTE
    _printf_lc                               0x00000000   Number         0  stubs.o ABSOLUTE
    _printf_ll                               0x00000000   Number         0  stubs.o ABSOLUTE
    _printf_lld                              0x00000000   Number         0  stubs.o ABSOLUTE
    _printf_lli                              0x00000000   Number         0  stubs.o ABSOLUTE
    _printf_llo                              0x00000000   Number         0  stubs.o ABSOLUTE
    _printf_llu                              0x00000000   Number         0  stubs.o ABSOLUTE
    _printf_llx                              0x00000000   Number         0  stubs.o ABSOLUTE
    _printf_longlong_dec                     0x00000000   Number         0  stubs.o ABSOLUTE
    _printf_longlong_hex                     0x00000000   Number         0  stubs.o ABSOLUTE
    _printf_longlong_oct                     0x00000000   Number         0  stubs.o ABSOLUTE
    _printf_ls                               0x00000000   Number         0  stubs.o ABSOLUTE
    _printf_mbtowc                           0x00000000   Number         0  stubs.o ABSOLUTE
    _printf_n                                0x00000000   Number         0  stubs.o ABSOLUTE
    _printf_o                                0x00000000   Number         0  stubs.o ABSOLUTE
    _printf_p                                0x00000000   Number         0  stubs.o ABSOLUTE
    _printf_percent                          0x00000000   Number         0  stubs.o ABSOLUTE
    _printf_pre_padding                      0x00000000   Number         0  stubs.o ABSOLUTE
    _printf_return_value                     0x00000000   Number         0  stubs.o ABSOLUTE
    _printf_s                                0x00000000   Number         0  stubs.o ABSOLUTE
    _printf_sizespec                         0x00000000   Number         0  stubs.o ABSOLUTE
    _printf_str                              0x00000000   Number         0  stubs.o ABSOLUTE
    _printf_truncate_signed                  0x00000000   Number         0  stubs.o ABSOLUTE
    _printf_truncate_unsigned                0x00000000   Number         0  stubs.o ABSOLUTE
    _printf_u                                0x00000000   Number         0  stubs.o ABSOLUTE
    _printf_wc                               0x00000000   Number         0  stubs.o ABSOLUTE
    _printf_wctomb                           0x00000000   Number         0  stubs.o ABSOLUTE
    _printf_widthprec                        0x00000000   Number         0  stubs.o ABSOLUTE
    _printf_x                                0x00000000   Number         0  stubs.o ABSOLUTE
    __cpp_initialize__aeabi_                  - Undefined Weak Reference
    __cxa_finalize                            - Undefined Weak Reference
    __decompress                              - Undefined Weak Reference
    _clock_init                               - Undefined Weak Reference
    _microlib_exit                            - Undefined Weak Reference
    __Vectors_Size                           0x00000188   Number         0  startup_stm32f407xx.o ABSOLUTE
    __Vectors                                0x08000000   Data           4  startup_stm32f407xx.o(RESET)
    __Vectors_End                            0x08000188   Data           0  startup_stm32f407xx.o(RESET)
    __main                                   0x08000189   Thumb Code     0  entry.o(.ARM.Collect$$$$00000000)
    _main_stk                                0x08000189   Thumb Code     0  entry2.o(.ARM.Collect$$$$00000001)
    _main_scatterload                        0x0800018d   Thumb Code     0  entry5.o(.ARM.Collect$$$$00000004)
    __main_after_scatterload                 0x08000191   Thumb Code     0  entry5.o(.ARM.Collect$$$$00000004)
    _main_clock                              0x08000191   Thumb Code     0  entry7b.o(.ARM.Collect$$$$00000008)
    _main_cpp_init                           0x08000191   Thumb Code     0  entry8b.o(.ARM.Collect$$$$0000000A)
    _main_init                               0x08000191   Thumb Code     0  entry9a.o(.ARM.Collect$$$$0000000B)
    __rt_final_cpp                           0x08000199   Thumb Code     0  entry10a.o(.ARM.Collect$$$$0000000D)
    __rt_final_exit                          0x08000199   Thumb Code     0  entry11a.o(.ARM.Collect$$$$0000000F)
    Reset_Handler                            0x0800019d   Thumb Code     8  startup_stm32f407xx.o(.text)
    ADC_IRQHandler                           0x080001b7   Thumb Code     0  startup_stm32f407xx.o(.text)
    CAN1_RX0_IRQHandler                      0x080001b7   Thumb Code     0  startup_stm32f407xx.o(.text)
    CAN1_RX1_IRQHandler                      0x080001b7   Thumb Code     0  startup_stm32f407xx.o(.text)
    CAN1_SCE_IRQHandler                      0x080001b7   Thumb Code     0  startup_stm32f407xx.o(.text)
    CAN1_TX_IRQHandler                       0x080001b7   Thumb Code     0  startup_stm32f407xx.o(.text)
    CAN2_RX0_IRQHandler                      0x080001b7   Thumb Code     0  startup_stm32f407xx.o(.text)
    CAN2_RX1_IRQHandler                      0x080001b7   Thumb Code     0  startup_stm32f407xx.o(.text)
    CAN2_SCE_IRQHandler                      0x080001b7   Thumb Code     0  startup_stm32f407xx.o(.text)
    CAN2_TX_IRQHandler                       0x080001b7   Thumb Code     0  startup_stm32f407xx.o(.text)
    DCMI_IRQHandler                          0x080001b7   Thumb Code     0  startup_stm32f407xx.o(.text)
    DMA1_Stream0_IRQHandler                  0x080001b7   Thumb Code     0  startup_stm32f407xx.o(.text)
    DMA1_Stream1_IRQHandler                  0x080001b7   Thumb Code     0  startup_stm32f407xx.o(.text)
    DMA1_Stream2_IRQHandler                  0x080001b7   Thumb Code     0  startup_stm32f407xx.o(.text)
    DMA1_Stream4_IRQHandler                  0x080001b7   Thumb Code     0  startup_stm32f407xx.o(.text)
    DMA1_Stream5_IRQHandler                  0x080001b7   Thumb Code     0  startup_stm32f407xx.o(.text)
    DMA1_Stream6_IRQHandler                  0x080001b7   Thumb Code     0  startup_stm32f407xx.o(.text)
    DMA1_Stream7_IRQHandler                  0x080001b7   Thumb Code     0  startup_stm32f407xx.o(.text)
    DMA2_Stream0_IRQHandler                  0x080001b7   Thumb Code     0  startup_stm32f407xx.o(.text)
    DMA2_Stream1_IRQHandler                  0x080001b7   Thumb Code     0  startup_stm32f407xx.o(.text)
    DMA2_Stream3_IRQHandler                  0x080001b7   Thumb Code     0  startup_stm32f407xx.o(.text)
    DMA2_Stream4_IRQHandler                  0x080001b7   Thumb Code     0  startup_stm32f407xx.o(.text)
    DMA2_Stream5_IRQHandler                  0x080001b7   Thumb Code     0  startup_stm32f407xx.o(.text)
    DMA2_Stream6_IRQHandler                  0x080001b7   Thumb Code     0  startup_stm32f407xx.o(.text)
    ETH_IRQHandler                           0x080001b7   Thumb Code     0  startup_stm32f407xx.o(.text)
    ETH_WKUP_IRQHandler                      0x080001b7   Thumb Code     0  startup_stm32f407xx.o(.text)
    EXTI15_10_IRQHandler                     0x080001b7   Thumb Code     0  startup_stm32f407xx.o(.text)
    EXTI1_IRQHandler                         0x080001b7   Thumb Code     0  startup_stm32f407xx.o(.text)
    EXTI2_IRQHandler                         0x080001b7   Thumb Code     0  startup_stm32f407xx.o(.text)
    EXTI3_IRQHandler                         0x080001b7   Thumb Code     0  startup_stm32f407xx.o(.text)
    EXTI4_IRQHandler                         0x080001b7   Thumb Code     0  startup_stm32f407xx.o(.text)
    EXTI9_5_IRQHandler                       0x080001b7   Thumb Code     0  startup_stm32f407xx.o(.text)
    FLASH_IRQHandler                         0x080001b7   Thumb Code     0  startup_stm32f407xx.o(.text)
    FMC_IRQHandler                           0x080001b7   Thumb Code     0  startup_stm32f407xx.o(.text)
    FPU_IRQHandler                           0x080001b7   Thumb Code     0  startup_stm32f407xx.o(.text)
    HASH_RNG_IRQHandler                      0x080001b7   Thumb Code     0  startup_stm32f407xx.o(.text)
    I2C1_ER_IRQHandler                       0x080001b7   Thumb Code     0  startup_stm32f407xx.o(.text)
    I2C1_EV_IRQHandler                       0x080001b7   Thumb Code     0  startup_stm32f407xx.o(.text)
    I2C2_ER_IRQHandler                       0x080001b7   Thumb Code     0  startup_stm32f407xx.o(.text)
    I2C2_EV_IRQHandler                       0x080001b7   Thumb Code     0  startup_stm32f407xx.o(.text)
    I2C3_ER_IRQHandler                       0x080001b7   Thumb Code     0  startup_stm32f407xx.o(.text)
    I2C3_EV_IRQHandler                       0x080001b7   Thumb Code     0  startup_stm32f407xx.o(.text)
    OTG_FS_IRQHandler                        0x080001b7   Thumb Code     0  startup_stm32f407xx.o(.text)
    OTG_FS_WKUP_IRQHandler                   0x080001b7   Thumb Code     0  startup_stm32f407xx.o(.text)
    OTG_HS_EP1_IN_IRQHandler                 0x080001b7   Thumb Code     0  startup_stm32f407xx.o(.text)
    OTG_HS_EP1_OUT_IRQHandler                0x080001b7   Thumb Code     0  startup_stm32f407xx.o(.text)
    OTG_HS_IRQHandler                        0x080001b7   Thumb Code     0  startup_stm32f407xx.o(.text)
    OTG_HS_WKUP_IRQHandler                   0x080001b7   Thumb Code     0  startup_stm32f407xx.o(.text)
    PVD_IRQHandler                           0x080001b7   Thumb Code     0  startup_stm32f407xx.o(.text)
    RCC_IRQHandler                           0x080001b7   Thumb Code     0  startup_stm32f407xx.o(.text)
    RTC_Alarm_IRQHandler                     0x080001b7   Thumb Code     0  startup_stm32f407xx.o(.text)
    RTC_WKUP_IRQHandler                      0x080001b7   Thumb Code     0  startup_stm32f407xx.o(.text)
    SDIO_IRQHandler                          0x080001b7   Thumb Code     0  startup_stm32f407xx.o(.text)
    SPI1_IRQHandler                          0x080001b7   Thumb Code     0  startup_stm32f407xx.o(.text)
    SPI2_IRQHandler                          0x080001b7   Thumb Code     0  startup_stm32f407xx.o(.text)
    SPI3_IRQHandler                          0x080001b7   Thumb Code     0  startup_stm32f407xx.o(.text)
    TAMP_STAMP_IRQHandler                    0x080001b7   Thumb Code     0  startup_stm32f407xx.o(.text)
    TIM1_BRK_TIM9_IRQHandler                 0x080001b7   Thumb Code     0  startup_stm32f407xx.o(.text)
    TIM1_CC_IRQHandler                       0x080001b7   Thumb Code     0  startup_stm32f407xx.o(.text)
    TIM1_TRG_COM_TIM11_IRQHandler            0x080001b7   Thumb Code     0  startup_stm32f407xx.o(.text)
    TIM1_UP_TIM10_IRQHandler                 0x080001b7   Thumb Code     0  startup_stm32f407xx.o(.text)
    TIM2_IRQHandler                          0x080001b7   Thumb Code     0  startup_stm32f407xx.o(.text)
    TIM3_IRQHandler                          0x080001b7   Thumb Code     0  startup_stm32f407xx.o(.text)
    TIM4_IRQHandler                          0x080001b7   Thumb Code     0  startup_stm32f407xx.o(.text)
    TIM5_IRQHandler                          0x080001b7   Thumb Code     0  startup_stm32f407xx.o(.text)
    TIM6_DAC_IRQHandler                      0x080001b7   Thumb Code     0  startup_stm32f407xx.o(.text)
    TIM7_IRQHandler                          0x080001b7   Thumb Code     0  startup_stm32f407xx.o(.text)
    TIM8_BRK_TIM12_IRQHandler                0x080001b7   Thumb Code     0  startup_stm32f407xx.o(.text)
    TIM8_CC_IRQHandler                       0x080001b7   Thumb Code     0  startup_stm32f407xx.o(.text)
    TIM8_TRG_COM_TIM14_IRQHandler            0x080001b7   Thumb Code     0  startup_stm32f407xx.o(.text)
    TIM8_UP_TIM13_IRQHandler                 0x080001b7   Thumb Code     0  startup_stm32f407xx.o(.text)
    UART4_IRQHandler                         0x080001b7   Thumb Code     0  startup_stm32f407xx.o(.text)
    UART5_IRQHandler                         0x080001b7   Thumb Code     0  startup_stm32f407xx.o(.text)
    USART1_IRQHandler                        0x080001b7   Thumb Code     0  startup_stm32f407xx.o(.text)
    USART2_IRQHandler                        0x080001b7   Thumb Code     0  startup_stm32f407xx.o(.text)
    USART3_IRQHandler                        0x080001b7   Thumb Code     0  startup_stm32f407xx.o(.text)
    USART6_IRQHandler                        0x080001b7   Thumb Code     0  startup_stm32f407xx.o(.text)
    WWDG_IRQHandler                          0x080001b7   Thumb Code     0  startup_stm32f407xx.o(.text)
    __aeabi_uldivmod                         0x080001c1   Thumb Code    98  uldiv.o(.text)
    ___aeabi_memcpy8$move                    0x08000223   Thumb Code     0  memmovea.o(.text)
    __aeabi_memcpy                           0x08000223   Thumb Code    64  memmovea.o(.text)
    __aeabi_memcpy4                          0x08000223   Thumb Code     0  memmovea.o(.text)
    __aeabi_memmove                          0x08000223   Thumb Code     0  memmovea.o(.text)
    __aeabi_memmove4                         0x08000223   Thumb Code     0  memmovea.o(.text)
    __aeabi_memmove8                         0x08000223   Thumb Code     0  memmovea.o(.text)
    __aeabi_memset                           0x08000263   Thumb Code    14  memseta.o(.text)
    __aeabi_memset4                          0x08000263   Thumb Code     0  memseta.o(.text)
    __aeabi_memset8                          0x08000263   Thumb Code     0  memseta.o(.text)
    __aeabi_memclr                           0x08000271   Thumb Code     4  memseta.o(.text)
    __aeabi_memclr4                          0x08000271   Thumb Code     0  memseta.o(.text)
    __aeabi_memclr8                          0x08000271   Thumb Code     0  memseta.o(.text)
    _memset$wrapper                          0x08000275   Thumb Code    18  memseta.o(.text)
    calloc                                   0x08000287   Thumb Code    28  calloc.o(.text)
    __aeabi_dadd                             0x080002a3   Thumb Code   322  dadd.o(.text)
    __aeabi_dsub                             0x080003e5   Thumb Code     6  dadd.o(.text)
    __aeabi_drsub                            0x080003eb   Thumb Code     6  dadd.o(.text)
    __aeabi_dmul                             0x080003f1   Thumb Code   228  dmul.o(.text)
    __aeabi_ddiv                             0x080004d5   Thumb Code   222  ddiv.o(.text)
    __aeabi_i2d                              0x080005b3   Thumb Code    34  dflti.o(.text)
    __aeabi_d2iz                             0x080005d5   Thumb Code    62  dfixi.o(.text)
    __aeabi_f2d                              0x08000613   Thumb Code    38  f2d.o(.text)
    __aeabi_cdcmpeq                          0x08000639   Thumb Code     0  cdcmple.o(.text)
    __aeabi_cdcmple                          0x08000639   Thumb Code    48  cdcmple.o(.text)
    __aeabi_cdrcmple                         0x08000669   Thumb Code    48  cdrcmple.o(.text)
    __aeabi_d2f                              0x08000699   Thumb Code    56  d2f.o(.text)
    __aeabi_llsl                             0x080006d1   Thumb Code    30  llshl.o(.text)
    _ll_shift_l                              0x080006d1   Thumb Code     0  llshl.o(.text)
    __aeabi_llsr                             0x080006ef   Thumb Code    32  llushr.o(.text)
    _ll_ushift_r                             0x080006ef   Thumb Code     0  llushr.o(.text)
    __aeabi_lasr                             0x0800070f   Thumb Code    36  llsshr.o(.text)
    _ll_sshift_r                             0x0800070f   Thumb Code     0  llsshr.o(.text)
    __I$use$fp                               0x08000733   Thumb Code     0  iusefp.o(.text)
    _float_round                             0x08000733   Thumb Code    18  fepilogue.o(.text)
    _float_epilogue                          0x08000745   Thumb Code    92  fepilogue.o(.text)
    _double_round                            0x080007a1   Thumb Code    30  depilogue.o(.text)
    _double_epilogue                         0x080007bf   Thumb Code   156  depilogue.o(.text)
    __ARM_scalbn                             0x0800085b   Thumb Code    46  dscalb.o(.text)
    scalbn                                   0x0800085b   Thumb Code     0  dscalb.o(.text)
    __scatterload                            0x08000889   Thumb Code    28  init.o(.text)
    __scatterload_rt2                        0x08000889   Thumb Code     0  init.o(.text)
    _dsqrt                                   0x080008ad   Thumb Code   162  dsqrt.o(.text)
    BusFault_Handler                         0x0800094f   Thumb Code     2  stm32f4xx_it.o(i.BusFault_Handler)
    DMA1_Stream3_IRQHandler                  0x08000951   Thumb Code     6  stm32f4xx_it.o(i.DMA1_Stream3_IRQHandler)
    DMA2_Stream2_IRQHandler                  0x0800095d   Thumb Code     6  stm32f4xx_it.o(i.DMA2_Stream2_IRQHandler)
    DMA2_Stream7_IRQHandler                  0x08000969   Thumb Code     6  stm32f4xx_it.o(i.DMA2_Stream7_IRQHandler)
    DebugMon_Handler                         0x08000a19   Thumb Code     2  stm32f4xx_it.o(i.DebugMon_Handler)
    EXTI0_IRQHandler                         0x08000a1b   Thumb Code     6  stm32f4xx_it.o(i.EXTI0_IRQHandler)
    Error_Handler                            0x08000a21   Thumb Code     4  main.o(i.Error_Handler)
    HAL_DCMI_Init                            0x08000a25   Thumb Code   128  stm32f4xx_hal_dcmi_ex.o(i.HAL_DCMI_Init)
    HAL_DCMI_MspInit                         0x08000aa5   Thumb Code   198  dcmi.o(i.HAL_DCMI_MspInit)
    HAL_DMA_Abort                            0x08000b85   Thumb Code   146  stm32f4xx_hal_dma.o(i.HAL_DMA_Abort)
    HAL_DMA_IRQHandler                       0x08000c19   Thumb Code   412  stm32f4xx_hal_dma.o(i.HAL_DMA_IRQHandler)
    HAL_DMA_Init                             0x08000db9   Thumb Code   206  stm32f4xx_hal_dma.o(i.HAL_DMA_Init)
    HAL_DMA_Start_IT                         0x08000e8d   Thumb Code   110  stm32f4xx_hal_dma.o(i.HAL_DMA_Start_IT)
    HAL_GPIO_EXTI_Callback                   0x08000efd   Thumb Code    68  main.o(i.HAL_GPIO_EXTI_Callback)
    HAL_GPIO_EXTI_IRQHandler                 0x08000f55   Thumb Code    18  stm32f4xx_hal_gpio.o(i.HAL_GPIO_EXTI_IRQHandler)
    HAL_GPIO_Init                            0x08000f6d   Thumb Code   450  stm32f4xx_hal_gpio.o(i.HAL_GPIO_Init)
    HAL_GPIO_ReadPin                         0x0800115d   Thumb Code    10  stm32f4xx_hal_gpio.o(i.HAL_GPIO_ReadPin)
    HAL_GPIO_TogglePin                       0x08001167   Thumb Code    16  stm32f4xx_hal_gpio.o(i.HAL_GPIO_TogglePin)
    HAL_GPIO_WritePin                        0x08001177   Thumb Code    10  stm32f4xx_hal_gpio.o(i.HAL_GPIO_WritePin)
    HAL_GetTick                              0x08001181   Thumb Code     6  stm32f4xx_hal.o(i.HAL_GetTick)
    HAL_I2C_Init                             0x0800118d   Thumb Code   376  stm32f4xx_hal_i2c.o(i.HAL_I2C_Init)
    HAL_I2C_MspInit                          0x08001315   Thumb Code    94  i2c.o(i.HAL_I2C_MspInit)
    HAL_I2SEx_FullDuplex_IRQHandler          0x08001381   Thumb Code   492  stm32f4xx_hal_i2s_ex.o(i.HAL_I2SEx_FullDuplex_IRQHandler)
    HAL_I2SEx_TxRxCpltCallback               0x08001575   Thumb Code     2  stm32f4xx_hal_i2s_ex.o(i.HAL_I2SEx_TxRxCpltCallback)
    HAL_I2S_DMAStop                          0x08001579   Thumb Code   568  stm32f4xx_hal_i2s.o(i.HAL_I2S_DMAStop)
    HAL_I2S_ErrorCallback                    0x080017b9   Thumb Code     2  stm32f4xx_hal_i2s.o(i.HAL_I2S_ErrorCallback)
    HAL_I2S_Init                             0x080017bd   Thumb Code   354  stm32f4xx_hal_i2s.o(i.HAL_I2S_Init)
    HAL_I2S_MspInit                          0x08001931   Thumb Code   200  i2s.o(i.HAL_I2S_MspInit)
    HAL_I2S_Receive_DMA                      0x08001a11   Thumb Code   196  stm32f4xx_hal_i2s.o(i.HAL_I2S_Receive_DMA)
    HAL_I2S_RxCpltCallback                   0x08001ae1   Thumb Code    70  main.o(i.HAL_I2S_RxCpltCallback)
    HAL_I2S_RxHalfCpltCallback               0x08001b35   Thumb Code     2  stm32f4xx_hal_i2s.o(i.HAL_I2S_RxHalfCpltCallback)
    HAL_I2S_TxCpltCallback                   0x08001b37   Thumb Code     2  stm32f4xx_hal_i2s.o(i.HAL_I2S_TxCpltCallback)
    HAL_IncTick                              0x08001b39   Thumb Code    12  stm32f4xx_hal.o(i.HAL_IncTick)
    HAL_Init                                 0x08001b49   Thumb Code    48  stm32f4xx_hal.o(i.HAL_Init)
    HAL_InitTick                             0x08001b7d   Thumb Code    54  stm32f4xx_hal.o(i.HAL_InitTick)
    HAL_MspInit                              0x08001bbd   Thumb Code    42  stm32f4xx_hal_msp.o(i.HAL_MspInit)
    HAL_NVIC_EnableIRQ                       0x08001bed   Thumb Code    26  stm32f4xx_hal_cortex.o(i.HAL_NVIC_EnableIRQ)
    HAL_NVIC_SetPriority                     0x08001c09   Thumb Code    60  stm32f4xx_hal_cortex.o(i.HAL_NVIC_SetPriority)
    HAL_NVIC_SetPriorityGrouping             0x08001c49   Thumb Code    26  stm32f4xx_hal_cortex.o(i.HAL_NVIC_SetPriorityGrouping)
    HAL_RCCEx_GetPeriphCLKFreq               0x08001c6d   Thumb Code    78  stm32f4xx_hal_rcc_ex.o(i.HAL_RCCEx_GetPeriphCLKFreq)
    HAL_RCCEx_PeriphCLKConfig                0x08001ccd   Thumb Code   296  stm32f4xx_hal_rcc_ex.o(i.HAL_RCCEx_PeriphCLKConfig)
    HAL_RCC_ClockConfig                      0x08001e09   Thumb Code   288  stm32f4xx_hal_rcc.o(i.HAL_RCC_ClockConfig)
    HAL_RCC_GetPCLK1Freq                     0x08001f3d   Thumb Code    20  stm32f4xx_hal_rcc.o(i.HAL_RCC_GetPCLK1Freq)
    HAL_RCC_GetPCLK2Freq                     0x08001f5d   Thumb Code    20  stm32f4xx_hal_rcc.o(i.HAL_RCC_GetPCLK2Freq)
    HAL_RCC_GetSysClockFreq                  0x08001f7d   Thumb Code    88  stm32f4xx_hal_rcc.o(i.HAL_RCC_GetSysClockFreq)
    HAL_RCC_OscConfig                        0x08001fe1   Thumb Code   856  stm32f4xx_hal_rcc.o(i.HAL_RCC_OscConfig)
    HAL_SPI_Init                             0x0800234d   Thumb Code   188  stm32f4xx_hal_spi.o(i.HAL_SPI_Init)
    HAL_SPI_MspInit                          0x08002409   Thumb Code   128  spi.o(i.HAL_SPI_MspInit)
    HAL_SYSTICK_Config                       0x08002499   Thumb Code    40  stm32f4xx_hal_cortex.o(i.HAL_SYSTICK_Config)
    HAL_UART_Init                            0x080024c1   Thumb Code   100  stm32f4xx_hal_uart.o(i.HAL_UART_Init)
    HAL_UART_MspInit                         0x08002525   Thumb Code   260  usart.o(i.HAL_UART_MspInit)
    HAL_UART_Transmit                        0x08002641   Thumb Code   160  stm32f4xx_hal_uart.o(i.HAL_UART_Transmit)
    HardFault_Handler                        0x080026e1   Thumb Code     2  stm32f4xx_it.o(i.HardFault_Handler)
    MX_DCMI_Init                             0x0800293d   Thumb Code    48  dcmi.o(i.MX_DCMI_Init)
    MX_DMA_Init                              0x08002975   Thumb Code    88  dma.o(i.MX_DMA_Init)
    MX_GPIO_Init                             0x080029d1   Thumb Code   234  gpio.o(i.MX_GPIO_Init)
    MX_I2C1_Init                             0x08002ad1   Thumb Code    50  i2c.o(i.MX_I2C1_Init)
    MX_I2S2_Init                             0x08002b11   Thumb Code    54  i2s.o(i.MX_I2S2_Init)
    MX_SPI1_Init                             0x08002b51   Thumb Code    60  spi.o(i.MX_SPI1_Init)
    MX_USART1_UART_Init                      0x08002b95   Thumb Code    48  usart.o(i.MX_USART1_UART_Init)
    MX_USART2_UART_Init                      0x08002bcd   Thumb Code    48  usart.o(i.MX_USART2_UART_Init)
    MemManage_Handler                        0x08002c05   Thumb Code     2  stm32f4xx_it.o(i.MemManage_Handler)
    NMI_Handler                              0x08002c07   Thumb Code     2  stm32f4xx_it.o(i.NMI_Handler)
    PendSV_Handler                           0x08002c09   Thumb Code     2  stm32f4xx_it.o(i.PendSV_Handler)
    SVC_Handler                              0x08002c0b   Thumb Code     2  stm32f4xx_it.o(i.SVC_Handler)
    SysTick_Handler                          0x08002c0d   Thumb Code     4  stm32f4xx_it.o(i.SysTick_Handler)
    SystemClock_Config                       0x08002c11   Thumb Code   140  main.o(i.SystemClock_Config)
    SystemInit                               0x08002ca5   Thumb Code    12  system_stm32f4xx.o(i.SystemInit)
    UsageFault_Handler                       0x08002e83   Thumb Code     2  stm32f4xx_it.o(i.UsageFault_Handler)
    __0fprintf$8                             0x08002e85   Thumb Code    22  printf8.o(i.__0fprintf$8)
    __1fprintf$8                             0x08002e85   Thumb Code     0  printf8.o(i.__0fprintf$8)
    __2fprintf                               0x08002e85   Thumb Code     0  printf8.o(i.__0fprintf$8)
    __0printf$8                              0x08002ea1   Thumb Code    22  printf8.o(i.__0printf$8)
    __1printf$8                              0x08002ea1   Thumb Code     0  printf8.o(i.__0printf$8)
    __2printf                                0x08002ea1   Thumb Code     0  printf8.o(i.__0printf$8)
    __ARM_fpclassify                         0x08002ec1   Thumb Code    48  fpclassify.o(i.__ARM_fpclassify)
    free                                     0x08002f11   Thumb Code    88  mallocr.o(i.__free$realloc)
    __hardfp_fabs                            0x08002f6d   Thumb Code    20  fabs.o(i.__hardfp_fabs)
    __hardfp_floor                           0x08002f81   Thumb Code   252  floor.o(i.__hardfp_floor)
    __hardfp_log                             0x08003099   Thumb Code   872  log.o(i.__hardfp_log)
    __hardfp_pow                             0x08003461   Thumb Code  3072  pow.o(i.__hardfp_pow)
    __kernel_poly                            0x080040b1   Thumb Code   248  poly.o(i.__kernel_poly)
    malloc                                   0x080041a9   Thumb Code    64  mallocr.o(i.__malloc$realloc)
    __mathlib_dbl_divzero                    0x080041f9   Thumb Code    28  dunder.o(i.__mathlib_dbl_divzero)
    __mathlib_dbl_infnan                     0x08004229   Thumb Code    20  dunder.o(i.__mathlib_dbl_infnan)
    __mathlib_dbl_infnan2                    0x0800423d   Thumb Code    20  dunder.o(i.__mathlib_dbl_infnan2)
    __mathlib_dbl_invalid                    0x08004251   Thumb Code    24  dunder.o(i.__mathlib_dbl_invalid)
    __mathlib_dbl_overflow                   0x08004271   Thumb Code    24  dunder.o(i.__mathlib_dbl_overflow)
    __mathlib_dbl_underflow                  0x08004291   Thumb Code    24  dunder.o(i.__mathlib_dbl_underflow)
    __scatterload_copy                       0x080042b1   Thumb Code    14  handlers.o(i.__scatterload_copy)
    __scatterload_null                       0x080042bf   Thumb Code     2  handlers.o(i.__scatterload_null)
    __scatterload_zeroinit                   0x080042c1   Thumb Code    14  handlers.o(i.__scatterload_zeroinit)
    __set_errno                              0x080042d1   Thumb Code     6  errno.o(i.__set_errno)
    _spx_autocorr                            0x08004785   Thumb Code   120  lpc.o(i._spx_autocorr)
    _spx_lpc                                 0x080047fd   Thumb Code   160  lpc.o(i._spx_lpc)
    bw_lpc                                   0x0800489d   Thumb Code    46  filters.o(i.bw_lpc)
    compute_impulse_response                 0x08004931   Thumb Code   268  filters.o(i.compute_impulse_response)
    compute_rms                              0x08004a9b   Thumb Code   128  filters.o(i.compute_rms)
    compute_rms16                            0x08004b1d   Thumb Code   216  filters.o(i.compute_rms16)
    fabs                                     0x08004c81   Thumb Code    24  fabs.o(i.fabs)
    filter_mem16                             0x08004c99   Thumb Code   154  filters.o(i.filter_mem16)
    fir_mem16                                0x08004d39   Thumb Code   120  filters.o(i.fir_mem16)
    forced_pitch_quant                       0x08004db5   Thumb Code   226  ltp.o(i.forced_pitch_quant)
    forced_pitch_unquant                     0x08004e97   Thumb Code    70  ltp.o(i.forced_pitch_unquant)
    fputc                                    0x08004edd   Thumb Code    18  main.o(i.fputc)
    highpass                                 0x08004ef5   Thumb Code   202  filters.o(i.highpass)
    i2s_settle                               0x08004fc9   Thumb Code    54  main.o(i.i2s_settle)
    iir_mem16                                0x08005001   Thumb Code   128  filters.o(i.iir_mem16)
    inner_prod                               0x08005085   Thumb Code    70  ltp.o(i.inner_prod)
    lpc_to_lsp                               0x08005245   Thumb Code   518  lsp.o(i.lpc_to_lsp)
    lsp_interpolate                          0x08005451   Thumb Code   176  lsp.o(i.lsp_interpolate)
    lsp_quant_lbr                            0x08005561   Thumb Code   222  quant_lsp.o(i.lsp_quant_lbr)
    lsp_quant_nb                             0x0800564d   Thumb Code   310  quant_lsp.o(i.lsp_quant_nb)
    lsp_to_lpc                               0x08005799   Thumb Code   832  lsp.o(i.lsp_to_lpc)
    lsp_unquant_lbr                          0x08005add   Thumb Code   170  quant_lsp.o(i.lsp_unquant_lbr)
    lsp_unquant_nb                           0x08005b95   Thumb Code   264  quant_lsp.o(i.lsp_unquant_nb)
    main                                     0x08005d31   Thumb Code   228  main.o(i.main)
    multicomb                                0x08005e2d   Thumb Code   762  filters.o(i.multicomb)
    nb_decode                                0x08006129   Thumb Code  2770  nb_celp.o(i.nb_decode)
    nb_decoder_ctl                           0x08006d61   Thumb Code   560  nb_celp.o(i.nb_decoder_ctl)
    nb_decoder_destroy                       0x08006fb5   Thumb Code    20  nb_celp.o(i.nb_decoder_destroy)
    nb_decoder_init                          0x08006fc9   Thumb Code   176  nb_celp.o(i.nb_decoder_init)
    nb_encode                                0x0800707d   Thumb Code  3848  nb_celp.o(i.nb_encode)
    nb_encoder_ctl                           0x08007fbd   Thumb Code   792  nb_celp.o(i.nb_encoder_ctl)
    nb_encoder_destroy                       0x080082f5   Thumb Code    28  nb_celp.o(i.nb_encoder_destroy)
    nb_encoder_init                          0x08008311   Thumb Code   220  nb_celp.o(i.nb_encoder_init)
    nb_mode_query                            0x080083f9   Thumb Code    56  speex.o(i.nb_mode_query)
    noise_codebook_quant                     0x08008451   Thumb Code    88  cb_search.o(i.noise_codebook_quant)
    noise_codebook_unquant                   0x080084a9   Thumb Code    46  cb_search.o(i.noise_codebook_unquant)
    normalize16                              0x080084e1   Thumb Code    70  filters.o(i.normalize16)
    open_loop_nbest_pitch                    0x08008529   Thumb Code   740  ltp.o(i.open_loop_nbest_pitch)
    pitch_search_3tap                        0x08008cd5   Thumb Code   594  ltp.o(i.pitch_search_3tap)
    pitch_unquant_3tap                       0x08008f29   Thumb Code   354  ltp.o(i.pitch_unquant_3tap)
    print_hex                                0x0800908d   Thumb Code    34  main.o(i.print_hex)
    realloc                                  0x080090bd   Thumb Code   102  mallocr.o(i.realloc)
    residue_percep_zero16                    0x08009129   Thumb Code   102  filters.o(i.residue_percep_zero16)
    sanitize_values32                        0x0800918f   Thumb Code    52  filters.o(i.sanitize_values32)
    scal_quant                               0x080091c3   Thumb Code    28  vq.o(i.scal_quant)
    scal_quant32                             0x080091df   Thumb Code    26  vq.o(i.scal_quant32)
    signal_div                               0x080091f9   Thumb Code   166  filters.o(i.signal_div)
    signal_mul                               0x080092a1   Thumb Code    48  filters.o(i.signal_mul)
    speex_bits_advance                       0x080092d1   Thumb Code    44  bits.o(i.speex_bits_advance)
    speex_bits_init                          0x080092fd   Thumb Code    40  bits.o(i.speex_bits_init)
    speex_bits_insert_terminator             0x08009325   Thumb Code    34  bits.o(i.speex_bits_insert_terminator)
    speex_bits_pack                          0x08009349   Thumb Code   144  bits.o(i.speex_bits_pack)
    speex_bits_remaining                     0x0800944d   Thumb Code    24  bits.o(i.speex_bits_remaining)
    speex_bits_reset                         0x08009465   Thumb Code    16  bits.o(i.speex_bits_reset)
    speex_bits_unpack_unsigned               0x08009475   Thumb Code    84  bits.o(i.speex_bits_unpack_unsigned)
    speex_bits_write                         0x080094c9   Thumb Code    62  bits.o(i.speex_bits_write)
    speex_default_user_handler               0x08009507   Thumb Code    26  speex_callbacks.o(i.speex_default_user_handler)
    speex_encode_int                         0x08009521   Thumb Code     6  speex.o(i.speex_encode_int)
    speex_encoder_ctl                        0x08009527   Thumb Code     6  speex.o(i.speex_encoder_ctl)
    speex_encoder_init                       0x0800952d   Thumb Code     4  speex.o(i.speex_encoder_init)
    speex_inband_handler                     0x08009531   Thumb Code    92  speex_callbacks.o(i.speex_inband_handler)
    split_cb_search_shape_sign               0x0800965d   Thumb Code  1450  cb_search.o(i.split_cb_search_shape_sign)
    split_cb_shape_sign_unquant              0x08009e81   Thumb Code   186  cb_search.o(i.split_cb_shape_sign_unquant)
    sqrt                                     0x0800a175   Thumb Code   110  sqrt.o(i.sqrt)
    syn_percep_zero16                        0x0800a1e5   Thumb Code   104  filters.o(i.syn_percep_zero16)
    vbr_analysis                             0x0800a275   Thumb Code  2130  vbr.o(i.vbr_analysis)
    vbr_destroy                              0x0800ab11   Thumb Code     2  vbr.o(i.vbr_destroy)
    vbr_init                                 0x0800ab15   Thumb Code   154  vbr.o(i.vbr_init)
    vq_nbest                                 0x0800abd5   Thumb Code   142  vq.o(i.vq_nbest)
    vq_nbest_sign                            0x0800ac63   Thumb Code   172  vq.o(i.vq_nbest_sign)
    AHBPrescTable                            0x0800ad16   Data          16  system_stm32f4xx.o(.constdata)
    APBPrescTable                            0x0800ad26   Data           8  system_stm32f4xx.o(.constdata)
    exc_5_64_table                           0x0800ad2e   Data         320  exc_5_64_table.o(.constdata)
    exc_5_256_table                          0x0800ae6e   Data        1280  exc_5_256_table.o(.constdata)
    exc_8_128_table                          0x0800b36e   Data        1024  exc_8_128_table.o(.constdata)
    exc_10_32_table                          0x0800b76e   Data         320  exc_10_32_table.o(.constdata)
    exc_10_16_table                          0x0800b8ae   Data         160  exc_10_16_table.o(.constdata)
    exc_20_32_table                          0x0800b94e   Data         640  exc_20_32_table.o(.constdata)
    shift_filt                               0x0800bbd0   Data          42  filters.o(.constdata)
    gain_cdbk_nb                             0x0800bc3a   Data         512  gain_table.o(.constdata)
    gain_cdbk_lbr                            0x0800be3a   Data         128  gain_table_lbr.o(.constdata)
    cdbk_nb                                  0x0800beba   Data         640  lsp_tables_nb.o(.constdata)
    cdbk_nb_low1                             0x0800c13a   Data         320  lsp_tables_nb.o(.constdata)
    cdbk_nb_low2                             0x0800c27a   Data         320  lsp_tables_nb.o(.constdata)
    cdbk_nb_high1                            0x0800c3ba   Data         320  lsp_tables_nb.o(.constdata)
    cdbk_nb_high2                            0x0800c4fa   Data         320  lsp_tables_nb.o(.constdata)
    speex_nb_mode                            0x0800c930   Data          52  modes.o(.constdata)
    attenuation                              0x0800ca0a   Data          20  nb_celp.o(.constdata)
    vbr_nb_thresh                            0x0800ca40   Data         396  vbr.o(.constdata)
    lag_window                               0x0800cbcc   Data          22  window.o(.constdata)
    lpc_window                               0x0800cbe2   Data         400  window.o(.constdata)
    __mathlib_zero                           0x0800ce38   Data           8  qnan.o(.constdata)
    Region$$Table$$Base                      0x0800ce4c   Number         0  anon$$obj.o(Region$$Table)
    Region$$Table$$Limit                     0x0800ce6c   Number         0  anon$$obj.o(Region$$Table)
    cb_cnt                                   0x20000000   Data           4  main.o(.data)
    pcm_ready                                0x20000004   Data           4  main.o(.data)
    rptr                                     0x20000008   Data           4  main.o(.data)
    wptr                                     0x2000000c   Data           4  main.o(.data)
    uwTickFreq                               0x20000010   Data           1  stm32f4xx_hal.o(.data)
    uwTickPrio                               0x20000014   Data           4  stm32f4xx_hal.o(.data)
    uwTick                                   0x20000018   Data           4  stm32f4xx_hal.o(.data)
    SystemCoreClock                          0x2000001c   Data           4  system_stm32f4xx.o(.data)
    __stderr                                 0x20000020   Data           4  stderr.o(.data)
    __stdout                                 0x20000024   Data           4  stdout.o(.data)
    __microlib_freelist                      0x20000028   Data           4  mvars.o(.data)
    __microlib_freelist_initialised          0x2000002c   Data           4  mvars.o(.data)
    dma                                      0x20000034   Data         160  main.o(.bss)
    pcm                                      0x200000d4   Data       16000  main.o(.bss)
    hdcmi                                    0x20003f54   Data          64  dcmi.o(.bss)
    hi2c1                                    0x20003f94   Data          84  i2c.o(.bss)
    hi2s2                                    0x20003fe8   Data          72  i2s.o(.bss)
    hdma_spi2_rx                             0x20004030   Data          96  i2s.o(.bss)
    hspi1                                    0x20004090   Data          88  spi.o(.bss)
    huart1                                   0x200040e8   Data          72  usart.o(.bss)
    huart2                                   0x20004130   Data          72  usart.o(.bss)
    hdma_usart1_rx                           0x20004178   Data          96  usart.o(.bss)
    hdma_usart1_tx                           0x200041d8   Data          96  usart.o(.bss)
    __heap_base                              0x20004238   Data           0  startup_stm32f407xx.o(HEAP)
    __heap_limit                             0x20016238   Data           0  startup_stm32f407xx.o(HEAP)
    __initial_sp                             0x20017238   Data           0  startup_stm32f407xx.o(STACK)



==============================================================================

Memory Map of the image

  Image Entry point : 0x08000189

  Load Region LR_IROM1 (Base: 0x08000000, Size: 0x0000cea0, Max: 0x00100000, ABSOLUTE)

    Execution Region ER_IROM1 (Base: 0x08000000, Size: 0x0000ce6c, Max: 0x00100000, ABSOLUTE)

    Base Addr    Size         Type   Attr      Idx    E Section Name        Object

    0x08000000   0x00000188   Data   RO            3    RESET               startup_stm32f407xx.o
    0x08000188   0x00000000   Code   RO         4948  * .ARM.Collect$$$$00000000  mc_w.l(entry.o)
    0x08000188   0x00000004   Code   RO         5318    .ARM.Collect$$$$00000001  mc_w.l(entry2.o)
    0x0800018c   0x00000004   Code   RO         5321    .ARM.Collect$$$$00000004  mc_w.l(entry5.o)
    0x08000190   0x00000000   Code   RO         5323    .ARM.Collect$$$$00000008  mc_w.l(entry7b.o)
    0x08000190   0x00000000   Code   RO         5325    .ARM.Collect$$$$0000000A  mc_w.l(entry8b.o)
    0x08000190   0x00000008   Code   RO         5326    .ARM.Collect$$$$0000000B  mc_w.l(entry9a.o)
    0x08000198   0x00000000   Code   RO         5328    .ARM.Collect$$$$0000000D  mc_w.l(entry10a.o)
    0x08000198   0x00000000   Code   RO         5330    .ARM.Collect$$$$0000000F  mc_w.l(entry11a.o)
    0x08000198   0x00000004   Code   RO         5319    .ARM.Collect$$$$00002712  mc_w.l(entry2.o)
    0x0800019c   0x00000024   Code   RO            4    .text               startup_stm32f407xx.o
    0x080001c0   0x00000062   Code   RO         4952    .text               mc_w.l(uldiv.o)
    0x08000222   0x00000040   Code   RO         4956    .text               mc_w.l(memmovea.o)
    0x08000262   0x00000024   Code   RO         4958    .text               mc_w.l(memseta.o)
    0x08000286   0x0000001c   Code   RO         5253    .text               mc_w.l(calloc.o)
    0x080002a2   0x0000014e   Code   RO         5255    .text               mf_w.l(dadd.o)
    0x080003f0   0x000000e4   Code   RO         5257    .text               mf_w.l(dmul.o)
    0x080004d4   0x000000de   Code   RO         5259    .text               mf_w.l(ddiv.o)
    0x080005b2   0x00000022   Code   RO         5261    .text               mf_w.l(dflti.o)
    0x080005d4   0x0000003e   Code   RO         5263    .text               mf_w.l(dfixi.o)
    0x08000612   0x00000026   Code   RO         5265    .text               mf_w.l(f2d.o)
    0x08000638   0x00000030   Code   RO         5267    .text               mf_w.l(cdcmple.o)
    0x08000668   0x00000030   Code   RO         5269    .text               mf_w.l(cdrcmple.o)
    0x08000698   0x00000038   Code   RO         5271    .text               mf_w.l(d2f.o)
    0x080006d0   0x0000001e   Code   RO         5335    .text               mc_w.l(llshl.o)
    0x080006ee   0x00000020   Code   RO         5337    .text               mc_w.l(llushr.o)
    0x0800070e   0x00000024   Code   RO         5339    .text               mc_w.l(llsshr.o)
    0x08000732   0x00000000   Code   RO         5350    .text               mc_w.l(iusefp.o)
    0x08000732   0x0000006e   Code   RO         5351    .text               mf_w.l(fepilogue.o)
    0x080007a0   0x000000ba   Code   RO         5353    .text               mf_w.l(depilogue.o)
    0x0800085a   0x0000002e   Code   RO         5357    .text               mf_w.l(dscalb.o)
    0x08000888   0x00000024   Code   RO         5361    .text               mc_w.l(init.o)
    0x080008ac   0x000000a2   Code   RO         5363    .text               mf_w.l(dsqrt.o)
    0x0800094e   0x00000002   Code   RO          501    i.BusFault_Handler  stm32f4xx_it.o
    0x08000950   0x0000000c   Code   RO          502    i.DMA1_Stream3_IRQHandler  stm32f4xx_it.o
    0x0800095c   0x0000000c   Code   RO          503    i.DMA2_Stream2_IRQHandler  stm32f4xx_it.o
    0x08000968   0x0000000c   Code   RO          504    i.DMA2_Stream7_IRQHandler  stm32f4xx_it.o
    0x08000974   0x00000028   Code   RO         1250    i.DMA_CalcBaseAndBitshift  stm32f4xx_hal_dma.o
    0x0800099c   0x00000054   Code   RO         1251    i.DMA_CheckFifoParam  stm32f4xx_hal_dma.o
    0x080009f0   0x00000028   Code   RO         1252    i.DMA_SetConfig     stm32f4xx_hal_dma.o
    0x08000a18   0x00000002   Code   RO          505    i.DebugMon_Handler  stm32f4xx_it.o
    0x08000a1a   0x00000006   Code   RO          506    i.EXTI0_IRQHandler  stm32f4xx_it.o
    0x08000a20   0x00000004   Code   RO           13    i.Error_Handler     main.o
    0x08000a24   0x00000080   Code   RO          767    i.HAL_DCMI_Init     stm32f4xx_hal_dcmi_ex.o
    0x08000aa4   0x000000e0   Code   RO          262    i.HAL_DCMI_MspInit  dcmi.o
    0x08000b84   0x00000092   Code   RO         1253    i.HAL_DMA_Abort     stm32f4xx_hal_dma.o
    0x08000c16   0x00000002   PAD
    0x08000c18   0x000001a0   Code   RO         1258    i.HAL_DMA_IRQHandler  stm32f4xx_hal_dma.o
    0x08000db8   0x000000d4   Code   RO         1259    i.HAL_DMA_Init      stm32f4xx_hal_dma.o
    0x08000e8c   0x0000006e   Code   RO         1263    i.HAL_DMA_Start_IT  stm32f4xx_hal_dma.o
    0x08000efa   0x00000002   PAD
    0x08000efc   0x00000058   Code   RO           14    i.HAL_GPIO_EXTI_Callback  main.o
    0x08000f54   0x00000018   Code   RO         1145    i.HAL_GPIO_EXTI_IRQHandler  stm32f4xx_hal_gpio.o
    0x08000f6c   0x000001f0   Code   RO         1146    i.HAL_GPIO_Init     stm32f4xx_hal_gpio.o
    0x0800115c   0x0000000a   Code   RO         1148    i.HAL_GPIO_ReadPin  stm32f4xx_hal_gpio.o
    0x08001166   0x00000010   Code   RO         1149    i.HAL_GPIO_TogglePin  stm32f4xx_hal_gpio.o
    0x08001176   0x0000000a   Code   RO         1150    i.HAL_GPIO_WritePin  stm32f4xx_hal_gpio.o
    0x08001180   0x0000000c   Code   RO         1696    i.HAL_GetTick       stm32f4xx_hal.o
    0x0800118c   0x00000188   Code   RO         1952    i.HAL_I2C_Init      stm32f4xx_hal_i2c.o
    0x08001314   0x0000006c   Code   RO          328    i.HAL_I2C_MspInit   i2c.o
    0x08001380   0x000001f4   Code   RO         2575    i.HAL_I2SEx_FullDuplex_IRQHandler  stm32f4xx_hal_i2s_ex.o
    0x08001574   0x00000002   Code   RO         2579    i.HAL_I2SEx_TxRxCpltCallback  stm32f4xx_hal_i2s_ex.o
    0x08001576   0x00000002   PAD
    0x08001578   0x00000240   Code   RO         2398    i.HAL_I2S_DMAStop   stm32f4xx_hal_i2s.o
    0x080017b8   0x00000002   Code   RO         2400    i.HAL_I2S_ErrorCallback  stm32f4xx_hal_i2s.o
    0x080017ba   0x00000002   PAD
    0x080017bc   0x00000174   Code   RO         2404    i.HAL_I2S_Init      stm32f4xx_hal_i2s.o
    0x08001930   0x000000e0   Code   RO          370    i.HAL_I2S_MspInit   i2s.o
    0x08001a10   0x000000d0   Code   RO         2408    i.HAL_I2S_Receive_DMA  stm32f4xx_hal_i2s.o
    0x08001ae0   0x00000054   Code   RO           15    i.HAL_I2S_RxCpltCallback  main.o
    0x08001b34   0x00000002   Code   RO         2411    i.HAL_I2S_RxHalfCpltCallback  stm32f4xx_hal_i2s.o
    0x08001b36   0x00000002   Code   RO         2415    i.HAL_I2S_TxCpltCallback  stm32f4xx_hal_i2s.o
    0x08001b38   0x00000010   Code   RO         1702    i.HAL_IncTick       stm32f4xx_hal.o
    0x08001b48   0x00000034   Code   RO         1703    i.HAL_Init          stm32f4xx_hal.o
    0x08001b7c   0x00000040   Code   RO         1704    i.HAL_InitTick      stm32f4xx_hal.o
    0x08001bbc   0x00000030   Code   RO          601    i.HAL_MspInit       stm32f4xx_hal_msp.o
    0x08001bec   0x0000001a   Code   RO         1538    i.HAL_NVIC_EnableIRQ  stm32f4xx_hal_cortex.o
    0x08001c06   0x00000002   PAD
    0x08001c08   0x00000040   Code   RO         1544    i.HAL_NVIC_SetPriority  stm32f4xx_hal_cortex.o
    0x08001c48   0x00000024   Code   RO         1545    i.HAL_NVIC_SetPriorityGrouping  stm32f4xx_hal_cortex.o
    0x08001c6c   0x00000060   Code   RO          896    i.HAL_RCCEx_GetPeriphCLKFreq  stm32f4xx_hal_rcc_ex.o
    0x08001ccc   0x0000013c   Code   RO          897    i.HAL_RCCEx_PeriphCLKConfig  stm32f4xx_hal_rcc_ex.o
    0x08001e08   0x00000134   Code   RO          792    i.HAL_RCC_ClockConfig  stm32f4xx_hal_rcc.o
    0x08001f3c   0x00000020   Code   RO          799    i.HAL_RCC_GetPCLK1Freq  stm32f4xx_hal_rcc.o
    0x08001f5c   0x00000020   Code   RO          800    i.HAL_RCC_GetPCLK2Freq  stm32f4xx_hal_rcc.o
    0x08001f7c   0x00000064   Code   RO          801    i.HAL_RCC_GetSysClockFreq  stm32f4xx_hal_rcc.o
    0x08001fe0   0x0000036c   Code   RO          804    i.HAL_RCC_OscConfig  stm32f4xx_hal_rcc.o
    0x0800234c   0x000000bc   Code   RO         2670    i.HAL_SPI_Init      stm32f4xx_hal_spi.o
    0x08002408   0x00000090   Code   RO          412    i.HAL_SPI_MspInit   spi.o
    0x08002498   0x00000028   Code   RO         1549    i.HAL_SYSTICK_Config  stm32f4xx_hal_cortex.o
    0x080024c0   0x00000064   Code   RO         3011    i.HAL_UART_Init     stm32f4xx_hal_uart.o
    0x08002524   0x0000011c   Code   RO          454    i.HAL_UART_MspInit  usart.o
    0x08002640   0x000000a0   Code   RO         3019    i.HAL_UART_Transmit  stm32f4xx_hal_uart.o
    0x080026e0   0x00000002   Code   RO          507    i.HardFault_Handler  stm32f4xx_it.o
    0x080026e2   0x00000002   PAD
    0x080026e4   0x00000060   Code   RO         2582    i.I2SEx_RxISR_I2SExt  stm32f4xx_hal_i2s_ex.o
    0x08002744   0x00000060   Code   RO         2583    i.I2SEx_TxISR_I2SExt  stm32f4xx_hal_i2s_ex.o
    0x080027a4   0x00000028   Code   RO         2417    i.I2S_DMAError      stm32f4xx_hal_i2s.o
    0x080027cc   0x00000024   Code   RO         2418    i.I2S_DMARxCplt     stm32f4xx_hal_i2s.o
    0x080027f0   0x0000000a   Code   RO         2419    i.I2S_DMARxHalfCplt  stm32f4xx_hal_i2s.o
    0x080027fa   0x000000f2   Code   RO         2422    i.I2S_IRQHandler    stm32f4xx_hal_i2s.o
    0x080028ec   0x0000004e   Code   RO         2423    i.I2S_WaitFlagStateUntilTimeout  stm32f4xx_hal_i2s.o
    0x0800293a   0x00000002   PAD
    0x0800293c   0x00000038   Code   RO          263    i.MX_DCMI_Init      dcmi.o
    0x08002974   0x0000005c   Code   RO          303    i.MX_DMA_Init       dma.o
    0x080029d0   0x00000100   Code   RO          237    i.MX_GPIO_Init      gpio.o
    0x08002ad0   0x00000040   Code   RO          329    i.MX_I2C1_Init      i2c.o
    0x08002b10   0x00000040   Code   RO          371    i.MX_I2S2_Init      i2s.o
    0x08002b50   0x00000044   Code   RO          413    i.MX_SPI1_Init      spi.o
    0x08002b94   0x00000038   Code   RO          455    i.MX_USART1_UART_Init  usart.o
    0x08002bcc   0x00000038   Code   RO          456    i.MX_USART2_UART_Init  usart.o
    0x08002c04   0x00000002   Code   RO          508    i.MemManage_Handler  stm32f4xx_it.o
    0x08002c06   0x00000002   Code   RO          509    i.NMI_Handler       stm32f4xx_it.o
    0x08002c08   0x00000002   Code   RO          510    i.PendSV_Handler    stm32f4xx_it.o
    0x08002c0a   0x00000002   Code   RO          511    i.SVC_Handler       stm32f4xx_it.o
    0x08002c0c   0x00000004   Code   RO          512    i.SysTick_Handler   stm32f4xx_it.o
    0x08002c10   0x00000094   Code   RO           16    i.SystemClock_Config  main.o
    0x08002ca4   0x00000010   Code   RO         3345    i.SystemInit        system_stm32f4xx.o
    0x08002cb4   0x0000004e   Code   RO         3034    i.UART_EndRxTransfer  stm32f4xx_hal_uart.o
    0x08002d02   0x00000002   PAD
    0x08002d04   0x0000010c   Code   RO         3037    i.UART_SetConfig    stm32f4xx_hal_uart.o
    0x08002e10   0x00000072   Code   RO         3040    i.UART_WaitOnFlagUntilTimeout  stm32f4xx_hal_uart.o
    0x08002e82   0x00000002   Code   RO          513    i.UsageFault_Handler  stm32f4xx_it.o
    0x08002e84   0x0000001c   Code   RO         5170    i.__0fprintf$8      mc_w.l(printf8.o)
    0x08002ea0   0x00000020   Code   RO         5171    i.__0printf$8       mc_w.l(printf8.o)
    0x08002ec0   0x00000030   Code   RO         5290    i.__ARM_fpclassify  m_wm.l(fpclassify.o)
    0x08002ef0   0x00000020   Code   RO         1551    i.__NVIC_SetPriority  stm32f4xx_hal_cortex.o
    0x08002f10   0x0000005c   Code   RO         5229    i.__free$realloc    mc_w.l(mallocr.o)
    0x08002f6c   0x00000014   Code   RO         4896    i.__hardfp_fabs     m_wm.l(fabs.o)
    0x08002f80   0x00000118   Code   RO         4902    i.__hardfp_floor    m_wm.l(floor.o)
    0x08003098   0x000003c4   Code   RO         4908    i.__hardfp_log      m_wm.l(log.o)
    0x0800345c   0x00000004   PAD
    0x08003460   0x00000c50   Code   RO         4922    i.__hardfp_pow      m_wm.l(pow.o)
    0x080040b0   0x000000f8   Code   RO         5292    i.__kernel_poly     m_wm.l(poly.o)
    0x080041a8   0x00000050   Code   RO         5230    i.__malloc$realloc  mc_w.l(mallocr.o)
    0x080041f8   0x00000030   Code   RO         5276    i.__mathlib_dbl_divzero  m_wm.l(dunder.o)
    0x08004228   0x00000014   Code   RO         5277    i.__mathlib_dbl_infnan  m_wm.l(dunder.o)
    0x0800423c   0x00000014   Code   RO         5278    i.__mathlib_dbl_infnan2  m_wm.l(dunder.o)
    0x08004250   0x00000020   Code   RO         5279    i.__mathlib_dbl_invalid  m_wm.l(dunder.o)
    0x08004270   0x00000020   Code   RO         5280    i.__mathlib_dbl_overflow  m_wm.l(dunder.o)
    0x08004290   0x00000020   Code   RO         5282    i.__mathlib_dbl_underflow  m_wm.l(dunder.o)
    0x080042b0   0x0000000e   Code   RO         5369    i.__scatterload_copy  mc_w.l(handlers.o)
    0x080042be   0x00000002   Code   RO         5370    i.__scatterload_null  mc_w.l(handlers.o)
    0x080042c0   0x0000000e   Code   RO         5371    i.__scatterload_zeroinit  mc_w.l(handlers.o)
    0x080042ce   0x00000002   PAD
    0x080042d0   0x0000000c   Code   RO         5345    i.__set_errno       mc_w.l(errno.o)
    0x080042dc   0x00000410   Code   RO         5178    i._printf_core      mc_w.l(printf8.o)
    0x080046ec   0x00000024   Code   RO         5179    i._printf_post_padding  mc_w.l(printf8.o)
    0x08004710   0x0000002e   Code   RO         5180    i._printf_pre_padding  mc_w.l(printf8.o)
    0x0800473e   0x00000002   PAD
    0x08004740   0x00000044   Code   RO         4203    i._speex_fatal      nb_celp.o
    0x08004784   0x00000078   Code   RO         3964    i._spx_autocorr     lpc.o
    0x080047fc   0x000000a0   Code   RO         3965    i._spx_lpc          lpc.o
    0x0800489c   0x0000002e   Code   RO         3641    i.bw_lpc            filters.o
    0x080048ca   0x00000002   PAD
    0x080048cc   0x00000064   Code   RO         3985    i.cheb_poly_eva     lsp.o
    0x08004930   0x0000010c   Code   RO         3642    i.compute_impulse_response  filters.o
    0x08004a3c   0x0000005e   Code   RO         4303    i.compute_quant_weights  quant_lsp.o
    0x08004a9a   0x00000080   Code   RO         3643    i.compute_rms       filters.o
    0x08004b1a   0x00000002   PAD
    0x08004b1c   0x000000d8   Code   RO         3644    i.compute_rms16     filters.o
    0x08004bf4   0x0000008c   Code   RO         3536    i.compute_weighted_codebook  cb_search.o
    0x08004c80   0x00000018   Code   RO         4898    i.fabs              m_wm.l(fabs.o)
    0x08004c98   0x000000a0   Code   RO         3645    i.filter_mem16      filters.o
    0x08004d38   0x0000007c   Code   RO         3646    i.fir_mem16         filters.o
    0x08004db4   0x000000e2   Code   RO         4036    i.forced_pitch_quant  ltp.o
    0x08004e96   0x00000046   Code   RO         4037    i.forced_pitch_unquant  ltp.o
    0x08004edc   0x00000018   Code   RO           17    i.fputc             main.o
    0x08004ef4   0x000000d4   Code   RO         3647    i.highpass          filters.o
    0x08004fc8   0x00000036   Code   RO           18    i.i2s_settle        main.o
    0x08004ffe   0x00000002   PAD
    0x08005000   0x00000084   Code   RO         3648    i.iir_mem16         filters.o
    0x08005084   0x00000046   Code   RO         4038    i.inner_prod        ltp.o
    0x080050ca   0x00000002   PAD
    0x080050cc   0x00000050   Code   RO         5231    i.internal_alloc    mc_w.l(mallocr.o)
    0x0800511c   0x00000128   Code   RO         3649    i.interp_pitch      filters.o
    0x08005244   0x0000020c   Code   RO         3986    i.lpc_to_lsp        lsp.o
    0x08005450   0x000000b0   Code   RO         3987    i.lsp_interpolate   lsp.o
    0x08005500   0x00000060   Code   RO         4304    i.lsp_quant         quant_lsp.o
    0x08005560   0x000000ec   Code   RO         4306    i.lsp_quant_lbr     quant_lsp.o
    0x0800564c   0x0000014c   Code   RO         4307    i.lsp_quant_nb      quant_lsp.o
    0x08005798   0x00000344   Code   RO         3988    i.lsp_to_lpc        lsp.o
    0x08005adc   0x000000b8   Code   RO         4309    i.lsp_unquant_lbr   quant_lsp.o
    0x08005b94   0x0000011c   Code   RO         4310    i.lsp_unquant_nb    quant_lsp.o
    0x08005cb0   0x00000080   Code   RO         4311    i.lsp_weight_quant  quant_lsp.o
    0x08005d30   0x000000fc   Code   RO           19    i.main              main.o
    0x08005e2c   0x000002fa   Code   RO         3650    i.multicomb         filters.o
    0x08006126   0x00000002   PAD
    0x08006128   0x00000ad2   Code   RO         4204    i.nb_decode         nb_celp.o
    0x08006bfa   0x00000002   PAD
    0x08006bfc   0x00000164   Code   RO         4205    i.nb_decode_lost    nb_celp.o
    0x08006d60   0x00000254   Code   RO         4206    i.nb_decoder_ctl    nb_celp.o
    0x08006fb4   0x00000014   Code   RO         4207    i.nb_decoder_destroy  nb_celp.o
    0x08006fc8   0x000000b4   Code   RO         4208    i.nb_decoder_init   nb_celp.o
    0x0800707c   0x00000f40   Code   RO         4209    i.nb_encode         nb_celp.o
    0x08007fbc   0x00000338   Code   RO         4210    i.nb_encoder_ctl    nb_celp.o
    0x080082f4   0x0000001c   Code   RO         4211    i.nb_encoder_destroy  nb_celp.o
    0x08008310   0x000000e8   Code   RO         4212    i.nb_encoder_init   nb_celp.o
    0x080083f8   0x00000058   Code   RO         4529    i.nb_mode_query     speex.o
    0x08008450   0x00000058   Code   RO         3537    i.noise_codebook_quant  cb_search.o
    0x080084a8   0x00000038   Code   RO         3538    i.noise_codebook_unquant  cb_search.o
    0x080084e0   0x00000046   Code   RO         3651    i.normalize16       filters.o
    0x08008526   0x00000002   PAD
    0x08008528   0x000002e4   Code   RO         4039    i.open_loop_nbest_pitch  ltp.o
    0x0800880c   0x000003f6   Code   RO         4040    i.pitch_gain_search_3tap  ltp.o
    0x08008c02   0x00000002   PAD
    0x08008c04   0x000000d0   Code   RO         4041    i.pitch_gain_search_3tap_vq  ltp.o
    0x08008cd4   0x00000252   Code   RO         4042    i.pitch_search_3tap  ltp.o
    0x08008f26   0x00000002   PAD
    0x08008f28   0x00000162   Code   RO         4043    i.pitch_unquant_3tap  ltp.o
    0x0800908a   0x00000002   PAD
    0x0800908c   0x00000030   Code   RO           20    i.print_hex         main.o
    0x080090bc   0x0000006c   Code   RO         5232    i.realloc           mc_w.l(mallocr.o)
    0x08009128   0x00000066   Code   RO         3654    i.residue_percep_zero16  filters.o
    0x0800918e   0x00000034   Code   RO         3655    i.sanitize_values32  filters.o
    0x080091c2   0x0000001c   Code   RO         4844    i.scal_quant        vq.o
    0x080091de   0x0000001a   Code   RO         4845    i.scal_quant32      vq.o
    0x080091f8   0x000000a6   Code   RO         3656    i.signal_div        filters.o
    0x0800929e   0x00000002   PAD
    0x080092a0   0x00000030   Code   RO         3657    i.signal_mul        filters.o
    0x080092d0   0x0000002c   Code   RO         3379    i.speex_bits_advance  bits.o
    0x080092fc   0x00000028   Code   RO         3381    i.speex_bits_init   bits.o
    0x08009324   0x00000022   Code   RO         3383    i.speex_bits_insert_terminator  bits.o
    0x08009346   0x00000002   PAD
    0x08009348   0x00000104   Code   RO         3385    i.speex_bits_pack   bits.o
    0x0800944c   0x00000018   Code   RO         3390    i.speex_bits_remaining  bits.o
    0x08009464   0x00000010   Code   RO         3391    i.speex_bits_reset  bits.o
    0x08009474   0x00000054   Code   RO         3395    i.speex_bits_unpack_unsigned  bits.o
    0x080094c8   0x0000003e   Code   RO         3396    i.speex_bits_write  bits.o
    0x08009506   0x0000001a   Code   RO         4623    i.speex_default_user_handler  speex_callbacks.o
    0x08009520   0x00000006   Code   RO         4537    i.speex_encode_int  speex.o
    0x08009526   0x00000006   Code   RO         4539    i.speex_encoder_ctl  speex.o
    0x0800952c   0x00000004   Code   RO         4541    i.speex_encoder_init  speex.o
    0x08009530   0x0000005c   Code   RO         4624    i.speex_inband_handler  speex_callbacks.o
    0x0800958c   0x00000024   Code   RO         3398    i.speex_notify      bits.o
    0x080095b0   0x00000024   Code   RO         4213    i.speex_notify      nb_celp.o
    0x080095d4   0x00000028   Code   RO         4214    i.speex_rand        nb_celp.o
    0x080095fc   0x00000020   Code   RO         3399    i.speex_warning     bits.o
    0x0800961c   0x00000020   Code   RO         4215    i.speex_warning_int  nb_celp.o
    0x0800963c   0x00000020   Code   RO         4543    i.speex_warning_int  speex.o
    0x0800965c   0x000005aa   Code   RO         3539    i.split_cb_search_shape_sign  cb_search.o
    0x08009c06   0x00000278   Code   RO         3540    i.split_cb_search_shape_sign_N1  cb_search.o
    0x08009e7e   0x00000002   PAD
    0x08009e80   0x000000ba   Code   RO         3541    i.split_cb_shape_sign_unquant  cb_search.o
    0x08009f3a   0x000000c6   Code   RO         3989    i.spx_acos          lsp.o
    0x0800a000   0x0000007c   Code   RO         3658    i.spx_sqrt          filters.o
    0x0800a07c   0x0000007c   Code   RO         4044    i.spx_sqrt          ltp.o
    0x0800a0f8   0x0000007c   Code   RO         4216    i.spx_sqrt          nb_celp.o
    0x0800a174   0x0000006e   Code   RO         5308    i.sqrt              m_wm.l(sqrt.o)
    0x0800a1e2   0x00000002   PAD
    0x0800a1e4   0x00000068   Code   RO         3659    i.syn_percep_zero16  filters.o
    0x0800a24c   0x00000028   Code   RO         3542    i.target_update     cb_search.o
    0x0800a274   0x0000089c   Code   RO         4806    i.vbr_analysis      vbr.o
    0x0800ab10   0x00000002   Code   RO         4807    i.vbr_destroy       vbr.o
    0x0800ab12   0x00000002   PAD
    0x0800ab14   0x000000c0   Code   RO         4808    i.vbr_init          vbr.o
    0x0800abd4   0x0000008e   Code   RO         4846    i.vq_nbest          vq.o
    0x0800ac62   0x000000ac   Code   RO         4847    i.vq_nbest_sign     vq.o
    0x0800ad0e   0x00000008   Data   RO         1265    .constdata          stm32f4xx_hal_dma.o
    0x0800ad16   0x00000010   Data   RO         3346    .constdata          system_stm32f4xx.o
    0x0800ad26   0x00000008   Data   RO         3347    .constdata          system_stm32f4xx.o
    0x0800ad2e   0x00000140   Data   RO         3599    .constdata          exc_5_64_table.o
    0x0800ae6e   0x00000500   Data   RO         3606    .constdata          exc_5_256_table.o
    0x0800b36e   0x00000400   Data   RO         3613    .constdata          exc_8_128_table.o
    0x0800b76e   0x00000140   Data   RO         3620    .constdata          exc_10_32_table.o
    0x0800b8ae   0x000000a0   Data   RO         3627    .constdata          exc_10_16_table.o
    0x0800b94e   0x00000280   Data   RO         3634    .constdata          exc_20_32_table.o
    0x0800bbce   0x00000002   PAD
    0x0800bbd0   0x0000006a   Data   RO         3660    .constdata          filters.o
    0x0800bc3a   0x00000200   Data   RO         3775    .constdata          gain_table.o
    0x0800be3a   0x00000080   Data   RO         3782    .constdata          gain_table_lbr.o
    0x0800beba   0x00000280   Data   RO         4025    .constdata          lsp_tables_nb.o
    0x0800c13a   0x00000140   Data   RO         4026    .constdata          lsp_tables_nb.o
    0x0800c27a   0x00000140   Data   RO         4027    .constdata          lsp_tables_nb.o
    0x0800c3ba   0x00000140   Data   RO         4028    .constdata          lsp_tables_nb.o
    0x0800c4fa   0x00000140   Data   RO         4029    .constdata          lsp_tables_nb.o
    0x0800c63a   0x00000002   PAD
    0x0800c63c   0x0000000c   Data   RO         4094    .constdata          modes.o
    0x0800c648   0x0000000c   Data   RO         4095    .constdata          modes.o
    0x0800c654   0x0000000c   Data   RO         4096    .constdata          modes.o
    0x0800c660   0x0000000c   Data   RO         4097    .constdata          modes.o
    0x0800c66c   0x00000014   Data   RO         4098    .constdata          modes.o
    0x0800c680   0x00000014   Data   RO         4099    .constdata          modes.o
    0x0800c694   0x00000014   Data   RO         4100    .constdata          modes.o
    0x0800c6a8   0x00000014   Data   RO         4101    .constdata          modes.o
    0x0800c6bc   0x00000014   Data   RO         4102    .constdata          modes.o
    0x0800c6d0   0x00000014   Data   RO         4103    .constdata          modes.o
    0x0800c6e4   0x00000038   Data   RO         4104    .constdata          modes.o
    0x0800c71c   0x00000038   Data   RO         4105    .constdata          modes.o
    0x0800c754   0x00000038   Data   RO         4106    .constdata          modes.o
    0x0800c78c   0x00000038   Data   RO         4107    .constdata          modes.o
    0x0800c7c4   0x00000038   Data   RO         4108    .constdata          modes.o
    0x0800c7fc   0x00000038   Data   RO         4109    .constdata          modes.o
    0x0800c834   0x00000038   Data   RO         4110    .constdata          modes.o
    0x0800c86c   0x00000038   Data   RO         4111    .constdata          modes.o
    0x0800c8a4   0x0000008c   Data   RO         4112    .constdata          modes.o
    0x0800c930   0x00000034   Data   RO         4113    .constdata          modes.o
    0x0800c964   0x000000dc   Data   RO         4217    .constdata          nb_celp.o
    0x0800ca40   0x0000018c   Data   RO         4809    .constdata          vbr.o
    0x0800cbcc   0x00000016   Data   RO         4874    .constdata          window.o
    0x0800cbe2   0x00000190   Data   RO         4875    .constdata          window.o
    0x0800cd72   0x00000006   PAD
    0x0800cd78   0x00000038   Data   RO         4911    .constdata          m_wm.l(log.o)
    0x0800cdb0   0x00000088   Data   RO         4925    .constdata          m_wm.l(pow.o)
    0x0800ce38   0x00000008   Data   RO         5294    .constdata          m_wm.l(qnan.o)
    0x0800ce40   0x0000000b   Data   RO         4114    .conststring        modes.o
    0x0800ce4b   0x00000001   PAD
    0x0800ce4c   0x00000020   Data   RO         5367    Region$$Table       anon$$obj.o


    Execution Region RW_IRAM1 (Base: 0x20000000, Size: 0x00017238, Max: 0x0001c000, ABSOLUTE)

    Base Addr    Size         Type   Attr      Idx    E Section Name        Object

    0x20000000   0x00000010   Data   RW           22    .data               main.o
    0x20000010   0x0000000c   Data   RW         1710    .data               stm32f4xx_hal.o
    0x2000001c   0x00000004   Data   RW         3348    .data               system_stm32f4xx.o
    0x20000020   0x00000004   Data   RW         4951    .data               mc_w.l(stderr.o)
    0x20000024   0x00000004   Data   RW         5332    .data               mc_w.l(stdout.o)
    0x20000028   0x00000004   Data   RW         5341    .data               mc_w.l(mvars.o)
    0x2000002c   0x00000004   Data   RW         5342    .data               mc_w.l(mvars.o)
    0x20000030   0x00000004   Data   RW         5346    .data               mc_w.l(errno.o)
    0x20000034   0x00003f20   Zero   RW           21    .bss                main.o
    0x20003f54   0x00000040   Zero   RW          264    .bss                dcmi.o
    0x20003f94   0x00000054   Zero   RW          330    .bss                i2c.o
    0x20003fe8   0x000000a8   Zero   RW          372    .bss                i2s.o
    0x20004090   0x00000058   Zero   RW          414    .bss                spi.o
    0x200040e8   0x00000150   Zero   RW          457    .bss                usart.o
    0x20004238   0x00012000   Zero   RW            2    HEAP                startup_stm32f407xx.o
    0x20016238   0x00001000   Zero   RW            1    STACK               startup_stm32f407xx.o


    Execution Region RW_IRAM2 (Base: 0x2001c000, Size: 0x00000000, Max: 0x00004000, ABSOLUTE)

    **** No section assigned to this execution region ****


==============================================================================

Image component sizes


      Code (inc. data)   RO Data    RW Data    ZI Data      Debug   Object Name

       632        164          0          0          0      10588   bits.o
      2592         10          0          0          0      18203   cb_search.o
       280         34          0          0         64       1774   dcmi.o
        92          4          0          0          0        798   dma.o
         0          0        160          0          0        390   exc_10_16_table.o
         0          0        320          0          0        390   exc_10_32_table.o
         0          0        640          0          0        390   exc_20_32_table.o
         0          0       1280          0          0        390   exc_5_256_table.o
         0          0        320          0          0        389   exc_5_64_table.o
         0          0       1024          0          0        390   exc_8_128_table.o
      3010         28        106          0          0      18625   filters.o
         0          0        512          0          0        375   gain_table.o
         0          0        128          0          0        384   gain_table_lbr.o
       256         22          0          0          0       1043   gpio.o
       172         28          0          0         84       1613   i2c.o
       288         34          0          0        168       1810   i2s.o
       280          0          0          0          0       1999   lpc.o
      1834         16          0          0          0       8492   lsp.o
         0          0       1920          0          0        588   lsp_tables_nb.o
      3400          6          0          0          0      15146   ltp.o
       702         86          0         16      16160     694659   main.o
         0          0        819          0          0       7740   modes.o
         0          0          0          0          0       1232   modes_wb.o
      9210        712        220          0          0      34690   nb_celp.o
      1354         70          0          0          0       6853   quant_lsp.o
       136         52          0          0          0       3398   speex.o
       118          0          0          0          0       2828   speex_callbacks.o
       212         24          0          0         88       1677   spi.o
        36          8        392          0      77824        820   startup_stm32f407xx.o
       144         24          0         12          0       8669   stm32f4xx_hal.o
       198         14          0          0          0      33735   stm32f4xx_hal_cortex.o
       128          0          0          0          0       1084   stm32f4xx_hal_dcmi_ex.o
      1048         16          8          0          0       6575   stm32f4xx_hal_dma.o
       556         52          0          0          0       4027   stm32f4xx_hal_gpio.o
       392         16          0          0          0       3195   stm32f4xx_hal_i2c.o
      1568         38          0          0          0       9005   stm32f4xx_hal_i2s.o
       694         24          0          0          0       3671   stm32f4xx_hal_i2s_ex.o
        48          6          0          0          0        830   stm32f4xx_hal_msp.o
      1348         76          0          0          0       5164   stm32f4xx_hal_rcc.o
       412         38          0          0          0       2233   stm32f4xx_hal_rcc_ex.o
       188          0          0          0          0       1187   stm32f4xx_hal_spi.o
       720         10          0          0          0       4760   stm32f4xx_hal_uart.o
        62         18          0          0          0       5883   stm32f4xx_it.o
        16          4         24          4          0       1079   system_stm32f4xx.o
       396         40          0          0        336       2537   usart.o
      2398        248        396          0          0       4585   vbr.o
       368          0          0          0          0       3967   vq.o
         0          0        422          0          0        516   window.o

    ----------------------------------------------------------------------
     35332       1922       8734         32      94724     940376   Object Totals
         0          0         32          0          0          0   (incl. Generated)
        44          0         11          0          0          0   (incl. Padding)

    ----------------------------------------------------------------------

      Code (inc. data)   RO Data    RW Data    ZI Data      Debug   Library Member Name

       184         44          0          0          0        744   dunder.o
        44          0          0          0          0        248   fabs.o
       280         28          0          0          0        156   floor.o
        48          0          0          0          0        124   fpclassify.o
       964         92         56          0          0        316   log.o
       248          0          0          0          0        152   poly.o
      3152        296        136          0          0        352   pow.o
         0          0          8          0          0          0   qnan.o
       110          0          0          0          0        148   sqrt.o
        28          0          0          0          0         76   calloc.o
         0          0          0          0          0          0   entry.o
         0          0          0          0          0          0   entry10a.o
         0          0          0          0          0          0   entry11a.o
         8          4          0          0          0          0   entry2.o
         4          0          0          0          0          0   entry5.o
         0          0          0          0          0          0   entry7b.o
         0          0          0          0          0          0   entry8b.o
         8          4          0          0          0          0   entry9a.o
        12          6          0          4          0         68   errno.o
        30          0          0          0          0          0   handlers.o
        36          8          0          0          0         68   init.o
         0          0          0          0          0          0   iusefp.o
        30          0          0          0          0         68   llshl.o
        36          0          0          0          0         68   llsshr.o
        32          0          0          0          0         68   llushr.o
       360         30          0          0          0        356   mallocr.o
        64          0          0          0          0         76   memmovea.o
        36          0          0          0          0        108   memseta.o
         0          0          0          8          0          0   mvars.o
      1182         60          0          0          0        436   printf8.o
         0          0          0          4          0          0   stderr.o
         0          0          0          4          0          0   stdout.o
        98          0          0          0          0         92   uldiv.o
        48          0          0          0          0         68   cdcmple.o
        48          0          0          0          0         68   cdrcmple.o
        56          0          0          0          0         88   d2f.o
       334          0          0          0          0        148   dadd.o
       222          0          0          0          0        100   ddiv.o
       186          0          0          0          0        176   depilogue.o
        62          0          0          0          0         80   dfixi.o
        34          0          0          0          0         76   dflti.o
       228          0          0          0          0         96   dmul.o
        46          0          0          0          0         80   dscalb.o
       162          0          0          0          0        100   dsqrt.o
        38          0          0          0          0         68   f2d.o
       110          0          0          0          0        168   fepilogue.o

    ----------------------------------------------------------------------
      8578        576        200         20          0       5040   Library Totals
        10          4          0          0          0          0   (incl. Padding)

    ----------------------------------------------------------------------

      Code (inc. data)   RO Data    RW Data    ZI Data      Debug   Library Name

      5030        460        200          0          0       2240   m_wm.l
      1964        112          0         20          0       1484   mc_w.l
      1574          0          0          0          0       1316   mf_w.l

    ----------------------------------------------------------------------
      8578        576        200         20          0       5040   Library Totals

    ----------------------------------------------------------------------

==============================================================================


      Code (inc. data)   RO Data    RW Data    ZI Data      Debug   

     43910       2498       8934         52      94724     926364   Grand Totals
     43910       2498       8934         52      94724     926364   ELF Image Totals
     43910       2498       8934         52          0          0   ROM Totals

==============================================================================

    Total RO  Size (Code + RO Data)                52844 (  51.61kB)
    Total RW  Size (RW Data + ZI Data)             94776 (  92.55kB)
    Total ROM Size (Code + RO Data + RW Data)      52896 (  51.66kB)

==============================================================================

