<html>
<body>
<pre>
<h1>µVision Build Log</h1>
<h2>Tool Versions:</h2>
IDE-Version: ¦ÌVision V5.24.2.0
Copyright (C) 2017 ARM Ltd and ARM Germany GmbH. All rights reserved.
License Information: dddf 2091478243@qq.com, saf, LIC=IK1BF-6HDDB-307NC-7B4JB-APN1U-I2Z46
 
Tool Versions:
Toolchain:       MDK-ARM Plus  Version: 5.24.1
Toolchain Path:  D:\keil_c251\ARM\ARMCC\Bin
C Compiler:      Armcc.exe V5.06 update 5 (build 528)
Assembler:       Armasm.exe V5.06 update 5 (build 528)
Linker/Locator:  ArmLink.exe V5.06 update 5 (build 528)
Library Manager: ArmAr.exe V5.06 update 5 (build 528)
Hex Converter:   FromElf.exe V5.06 update 5 (build 528)
CPU DLL:         SARMCM3.DLL V5.24.1
Dialog DLL:      DCM.DLL V1.16.0.0
Target DLL:      CMSIS_AGDI.dll V1.28.3.0
Dialog DLL:      TCM.DLL V1.32.0.0
 
<h2>Project:</h2>
C:\Users\20914\Desktop\32\blue_test\NO_15_test_3_29\MDK-ARM\NO_15_test_3_29.uvprojx
Project File Date:  03/30/2025

<h2>Output:</h2>
*** Using Compiler 'V5.06 update 5 (build 528)', folder: 'D:\keil_c251\ARM\ARMCC\Bin'
Build target 'NO_15_test_3_29'
compiling fun.c...
..\software\fun.h(9): warning:  #1-D: last line of file ends without a newline
  #endif
..\software\fun.c(115): warning:  #1035-D: single-precision operand implicitly converted to double-precision
  					sr37_low+=0.2;
..\software\fun.c(116): warning:  #1035-D: single-precision operand implicitly converted to double-precision
  					if(sr37_low>2.1)	sr37_low=1.2;
..\software\fun.c(119): warning:  #1035-D: single-precision operand implicitly converted to double-precision
  					sr37_high+=0.2;
..\software\fun.c(120): warning:  #1035-D: single-precision operand implicitly converted to double-precision
  					if(sr37_high>3.1)	sr37_high=2.2;
..\software\fun.c(123): warning:  #1035-D: single-precision operand implicitly converted to double-precision
  					sr38_low+=0.2;
..\software\fun.c(124): warning:  #1035-D: single-precision operand implicitly converted to double-precision
  					if(sr38_low>2.1)	sr38_low=1.2;
..\software\fun.c(127): warning:  #1035-D: single-precision operand implicitly converted to double-precision
  					sr38_high+=0.2;
..\software\fun.c(128): warning:  #1035-D: single-precision operand implicitly converted to double-precision
  					if(sr38_high>3.1)	sr38_high=2.2;
..\software\fun.c(145): warning:  #1035-D: single-precision operand implicitly converted to double-precision
  					sr37_low-=0.2;
..\software\fun.c(146): warning:  #1035-D: single-precision operand implicitly converted to double-precision
  					if(sr37_low<1.1)	sr37_low=2.0;
..\software\fun.c(149): warning:  #1035-D: single-precision operand implicitly converted to double-precision
  					sr37_high-=0.2;
..\software\fun.c(150): warning:  #1035-D: single-precision operand implicitly converted to double-precision
  					if(sr37_high<2.1)	sr37_high=3.0;
..\software\fun.c(153): warning:  #1035-D: single-precision operand implicitly converted to double-precision
  					sr38_low-=0.2;
..\software\fun.c(154): warning:  #1035-D: single-precision operand implicitly converted to double-precision
  					if(sr38_low<1.1)	sr38_low=2.0;
..\software\fun.c(157): warning:  #1035-D: single-precision operand implicitly converted to double-precision
  					sr38_high-=0.2;
..\software\fun.c(158): warning:  #1035-D: single-precision operand implicitly converted to double-precision
  					if(sr38_high<2.1)	sr38_high=3.0;
..\software\fun.c(216): warning:  #1-D: last line of file ends without a newline
  }
..\software\fun.c: 18 warnings, 0 errors
linking...
Program Size: Code=23398 RO-data=5282 RW-data=96 ZI-data=2104  
FromELF: creating hex file...
"NO_15_test_3_29\NO_15_test_3_29.axf" - 0 Error(s), 18 Warning(s).

<h2>Software Packages used:</h2>

Package Vendor: ARM
                https://www.keil.com/pack/ARM.CMSIS.6.1.0.pack
                ARM.CMSIS.6.1.0
                CMSIS (Common Microcontroller Software Interface Standard)
   * Component: CORE Version: 6.1.0

Package Vendor: Keil
                https://www.keil.com/pack/Keil.STM32G4xx_DFP.1.6.0.pack
                Keil.STM32G4xx_DFP.1.6.0
                STMicroelectronics STM32G4 Series Device Support, Drivers and Examples

<h2>Collection of Component include folders:</h2>
  .\RTE\_NO_15_test_3_29
  D:\keil_c251\ARM\CMSIS\6.1.0\CMSIS\Core\Include
  D:\keil_c251\Keil\STM32G4xx_DFP\1.6.0\Drivers\CMSIS\Device\ST\STM32G4xx\Include

<h2>Collection of Component Files used:</h2>

   * Component: ARM::CMSIS:CORE:6.1.0
      Include file:  CMSIS\Core\Include\tz_context.h
Build Time Elapsed:  00:00:03
</pre>
</body>
</html>
